2021-08-17 09:14:58.748 21108-21874/com.example.amplifydisposablesnullexample V/amplify:aws-datastore: SQLCommandProcessor.bindValueToStatement(..., value = 1f2df942-ff5d-11eb-9938-b14518271b13
2021-08-17 09:14:58.749 21108-21874/com.example.amplifydisposablesnullexample V/amplify:aws-datastore: SQLCommandProcessor executeExists in 0 ms inTransaction: false SQL: SELECT EXISTS(SELECT 1 FROM `PersistentRecord` WHERE `PersistentRecord`.`id` = ?);
2021-08-17 09:14:58.749 21108-21874/com.example.amplifydisposablesnullexample V/amplify:aws-datastore: Deleting item in PersistentRecord identified by ID: 1f2df942-ff5d-11eb-9938-b14518271b13
2021-08-17 09:14:58.749 21108-21874/com.example.amplifydisposablesnullexample V/amplify:aws-datastore: SQLCommandProcessor.bindValueToStatement(..., value = 1f2df942-ff5d-11eb-9938-b14518271b13
2021-08-17 09:14:58.754 21108-21874/com.example.amplifydisposablesnullexample V/amplify:aws-datastore: SQLCommandProcessor execute in 5 ms inTransaction: false SQL: DELETE FROM `PersistentRecord` WHERE `PersistentRecord`.`id` = ?;
2021-08-17 09:14:58.755 21108-21874/com.example.amplifydisposablesnullexample I/amplify:aws-datastore: Successfully removed from mutations outboxPendingMutation{mutatedItem=SerializedModel{id='dd93a858-178c-48d3-92a0-5db5798d60f5', serializedData={createdAt=null, id=dd93a858-178c-48d3-92a0-5db5798d60f5, updated=false, updatedAt=null}, modelName=AmplifyBug}, mutationType=CREATE, mutationId=1f2df942-ff5d-11eb-9938-b14518271b13, predicate=MatchAllQueryPredicate}
2021-08-17 09:14:58.759 21108-21875/com.example.amplifydisposablesnullexample V/amplify:aws-datastore: SQLCommandProcessor rawQuery in 1 ms inTransaction: false SQL: SELECT `ModelMetadata`.`id` AS `ModelMetadata_id`, `ModelMetadata`.`_deleted` AS `ModelMetadata__deleted`, `ModelMetadata`.`_lastChangedAt` AS `ModelMetadata__lastChangedAt`, `ModelMetadata`.`_version` AS `ModelMetadata__version` FROM `ModelMetadata` WHERE id = ? LIMIT ? OFFSET ?;
2021-08-17 09:14:58.759 21108-21875/com.example.amplifydisposablesnullexample D/amplify:aws-datastore: Querying item for: ModelMetadata
2021-08-17 09:14:58.762 21108-21875/com.example.amplifydisposablesnullexample I/amplify:aws-datastore: Mutation outbox has pending mutation for dd93a858-178c-48d3-92a0-5db5798d60f5. Saving the metadata, but not model itself.
2021-08-17 09:14:58.764 21108-21876/com.example.amplifydisposablesnullexample V/amplify:aws-datastore: SQLCommandProcessor.bindValueToStatement(..., value = dd93a858-178c-48d3-92a0-5db5798d60f5
2021-08-17 09:14:58.764 21108-21876/com.example.amplifydisposablesnullexample V/amplify:aws-datastore: SQLCommandProcessor executeExists in 0 ms inTransaction: false SQL: SELECT EXISTS(SELECT 1 FROM `ModelMetadata` WHERE `ModelMetadata`.`id` = ?);
2021-08-17 09:14:58.765 21108-21876/com.example.amplifydisposablesnullexample V/amplify:aws-datastore: Creating item in ModelMetadata identified by ID: dd93a858-178c-48d3-92a0-5db5798d60f5
2021-08-17 09:14:58.766 21108-21876/com.example.amplifydisposablesnullexample V/amplify:aws-datastore: Could not find get_deleted() on com.amplifyframework.datastore.appsync.ModelMetadata. Fallback to direct field access.
2021-08-17 09:14:58.766 21108-21876/com.example.amplifydisposablesnullexample V/amplify:aws-datastore: Could not find get_lastChangedAt() on com.amplifyframework.datastore.appsync.ModelMetadata. Fallback to direct field access.
2021-08-17 09:14:58.766 21108-21876/com.example.amplifydisposablesnullexample V/amplify:aws-datastore: Could not find get_version() on com.amplifyframework.datastore.appsync.ModelMetadata. Fallback to direct field access.
2021-08-17 09:14:58.767 21108-21876/com.example.amplifydisposablesnullexample V/amplify:aws-datastore: SQLCommandProcessor.bindValueToStatement(..., value = dd93a858-178c-48d3-92a0-5db5798d60f5
2021-08-17 09:14:58.767 21108-21876/com.example.amplifydisposablesnullexample V/amplify:aws-datastore: SQLCommandProcessor.bindValueToStatement(..., value = null
2021-08-17 09:14:58.767 21108-21876/com.example.amplifydisposablesnullexample V/amplify:aws-datastore: SQLCommandProcessor.bindValueToStatement(..., value = 1629206099033
2021-08-17 09:14:58.767 21108-21876/com.example.amplifydisposablesnullexample V/amplify:aws-datastore: SQLCommandProcessor.bindValueToStatement(..., value = 1
2021-08-17 09:14:58.772 21108-21876/com.example.amplifydisposablesnullexample V/amplify:aws-datastore: SQLCommandProcessor execute in 4 ms inTransaction: false SQL: INSERT INTO `ModelMetadata` (`id`, `_deleted`, `_lastChangedAt`, `_version`) VALUES (?, ?, ?, ?)
2021-08-17 09:14:58.773 21108-21876/com.example.amplifydisposablesnullexample D/amplify:aws-datastore: Remote model update was sync'd down into local storage: ModelWithMetadata{model=AmplifyBug {id=dd93a858-178c-48d3-92a0-5db5798d60f5, updated=false, createdAt=Temporal.DateTime{offsetDateTime='2021-08-17T13:14:59.010Z'}, updatedAt=Temporal.DateTime{offsetDateTime='2021-08-17T13:14:59.010Z'}}, syncMetadata=ModelMetadata{id='dd93a858-178c-48d3-92a0-5db5798d60f5', _deleted=null, _version=1, _lastChangedAt=Temporal.Timestamp{timestamp=1629206099033}}}
2021-08-17 09:14:58.773 21108-21876/com.example.amplifydisposablesnullexample V/amplify:aws-datastore: Merged a single item in 16 ms.
2021-08-17 09:14:58.774 21108-21876/com.example.amplifydisposablesnullexample D/amplify:aws-datastore: Pending mutation was published to cloud successfully, and removed from the mutation outbox: PendingMutation{mutatedItem=SerializedModel{id='dd93a858-178c-48d3-92a0-5db5798d60f5', serializedData={createdAt=null, id=dd93a858-178c-48d3-92a0-5db5798d60f5, updated=false, updatedAt=null}, modelName=AmplifyBug}, mutationType=CREATE, mutationId=1f2df942-ff5d-11eb-9938-b14518271b13, predicate=MatchAllQueryPredicate}
2021-08-17 09:14:58.776 21108-21877/com.example.amplifydisposablesnullexample V/amplify:aws-datastore: SQLCommandProcessor rawQuery in 0 ms inTransaction: false SQL: SELECT `ModelMetadata`.`id` AS `ModelMetadata_id`, `ModelMetadata`.`_deleted` AS `ModelMetadata__deleted`, `ModelMetadata`.`_lastChangedAt` AS `ModelMetadata__lastChangedAt`, `ModelMetadata`.`_version` AS `ModelMetadata__version` FROM `ModelMetadata` WHERE id = ? LIMIT ? OFFSET ?;
2021-08-17 09:14:58.777 21108-21877/com.example.amplifydisposablesnullexample D/amplify:aws-datastore: Querying item for: ModelMetadata
2021-08-17 09:14:58.778 21108-21877/com.example.amplifydisposablesnullexample V/amplify:aws-datastore: Attempt to convert value "1629206099033" from field _lastChangedAt of type AWSTimestamp in model ModelMetadata
2021-08-17 09:14:58.778 21108-21877/com.example.amplifydisposablesnullexample V/amplify:aws-datastore: Attempt to convert value "1" from field _version of type Int in model ModelMetadata
2021-08-17 09:14:58.778 21108-21877/com.example.amplifydisposablesnullexample V/amplify:aws-datastore: Attempt to convert value "dd93a858-178c-48d3-92a0-5db5798d60f5" from field id of type ID in model ModelMetadata
2021-08-17 09:14:58.782 21108-21877/com.example.amplifydisposablesnullexample D/amplify:aws-api: Request: {"query": "mutation UpdateAmplifyBug($input: UpdateAmplifyBugInput!) {\n  updateAmplifyBug(input: $input) {\n    _deleted\n    _lastChangedAt\n    _version\n    createdAt\n    id\n    owner\n    updated\n    updatedAt\n  }\n}\n", "variables": {"input":{"id":"dd93a858-178c-48d3-92a0-5db5798d60f5","_version":1,"updated":true}}}
2021-08-17 09:14:58.844 21108-21880/com.example.amplifydisposablesnullexample V/amplify:aws-datastore: SQLCommandProcessor rawQuery in 1 ms inTransaction: false SQL: SELECT `ModelMetadata`.`id` AS `ModelMetadata_id`, `ModelMetadata`.`_deleted` AS `ModelMetadata__deleted`, `ModelMetadata`.`_lastChangedAt` AS `ModelMetadata__lastChangedAt`, `ModelMetadata`.`_version` AS `ModelMetadata__version` FROM `ModelMetadata` WHERE id = ? LIMIT ? OFFSET ?;
2021-08-17 09:14:58.844 21108-21880/com.example.amplifydisposablesnullexample D/amplify:aws-datastore: Querying item for: ModelMetadata
2021-08-17 09:14:58.846 21108-21880/com.example.amplifydisposablesnullexample V/amplify:aws-datastore: Attempt to convert value "1629206099033" from field _lastChangedAt of type AWSTimestamp in model ModelMetadata
2021-08-17 09:14:58.847 21108-21880/com.example.amplifydisposablesnullexample V/amplify:aws-datastore: Attempt to convert value "1" from field _version of type Int in model ModelMetadata
2021-08-17 09:14:58.847 21108-21880/com.example.amplifydisposablesnullexample V/amplify:aws-datastore: Attempt to convert value "dd93a858-178c-48d3-92a0-5db5798d60f5" from field id of type ID in model ModelMetadata
2021-08-17 09:14:58.849 21108-21880/com.example.amplifydisposablesnullexample D/amplify:aws-datastore: Remote model update was sync'd down into local storage: ModelWithMetadata{model=AmplifyBug {id=dd93a858-178c-48d3-92a0-5db5798d60f5, updated=false, createdAt=Temporal.DateTime{offsetDateTime='2021-08-17T13:14:59.010Z'}, updatedAt=Temporal.DateTime{offsetDateTime='2021-08-17T13:14:59.010Z'}}, syncMetadata=ModelMetadata{id='dd93a858-178c-48d3-92a0-5db5798d60f5', _deleted=null, _version=1, _lastChangedAt=Temporal.Timestamp{timestamp=1629206099033}}}
2021-08-17 09:14:58.850 21108-21880/com.example.amplifydisposablesnullexample V/amplify:aws-datastore: Merged a single item in 8 ms.
2021-08-17 09:14:59.102 21108-21881/com.example.amplifydisposablesnullexample V/amplify:aws-datastore: SQLCommandProcessor.bindValueToStatement(..., value = 1f301c23-ff5d-11eb-9938-1de38272bed6
2021-08-17 09:14:59.103 21108-21881/com.example.amplifydisposablesnullexample V/amplify:aws-datastore: SQLCommandProcessor executeExists in 0 ms inTransaction: false SQL: SELECT EXISTS(SELECT 1 FROM `PersistentRecord` WHERE `PersistentRecord`.`id` = ?);
2021-08-17 09:14:59.103 21108-21881/com.example.amplifydisposablesnullexample V/amplify:aws-datastore: Deleting item in PersistentRecord identified by ID: 1f301c23-ff5d-11eb-9938-1de38272bed6
2021-08-17 09:14:59.104 21108-21881/com.example.amplifydisposablesnullexample V/amplify:aws-datastore: SQLCommandProcessor.bindValueToStatement(..., value = 1f301c23-ff5d-11eb-9938-1de38272bed6
2021-08-17 09:14:59.112 21108-21881/com.example.amplifydisposablesnullexample V/amplify:aws-datastore: SQLCommandProcessor execute in 8 ms inTransaction: false SQL: DELETE FROM `PersistentRecord` WHERE `PersistentRecord`.`id` = ?;
2021-08-17 09:14:59.113 21108-21881/com.example.amplifydisposablesnullexample I/amplify:aws-datastore: Successfully removed from mutations outboxPendingMutation{mutatedItem=SerializedModel{id='dd93a858-178c-48d3-92a0-5db5798d60f5', serializedData={updated=true, id=dd93a858-178c-48d3-92a0-5db5798d60f5}, modelName=AmplifyBug}, mutationType=UPDATE, mutationId=1f301c23-ff5d-11eb-9938-1de38272bed6, predicate=MatchAllQueryPredicate}
2021-08-17 09:14:59.126 21108-21882/com.example.amplifydisposablesnullexample V/amplify:aws-datastore: SQLCommandProcessor rawQuery in 1 ms inTransaction: false SQL: SELECT `ModelMetadata`.`id` AS `ModelMetadata_id`, `ModelMetadata`.`_deleted` AS `ModelMetadata__deleted`, `ModelMetadata`.`_lastChangedAt` AS `ModelMetadata__lastChangedAt`, `ModelMetadata`.`_version` AS `ModelMetadata__version` FROM `ModelMetadata` WHERE id = ? LIMIT ? OFFSET ?;
2021-08-17 09:14:59.126 21108-21882/com.example.amplifydisposablesnullexample D/amplify:aws-datastore: Querying item for: ModelMetadata
2021-08-17 09:14:59.127 21108-21882/com.example.amplifydisposablesnullexample V/amplify:aws-datastore: Attempt to convert value "1629206099033" from field _lastChangedAt of type AWSTimestamp in model ModelMetadata
2021-08-17 09:14:59.128 21108-21882/com.example.amplifydisposablesnullexample V/amplify:aws-datastore: Attempt to convert value "1" from field _version of type Int in model ModelMetadata
2021-08-17 09:14:59.128 21108-21882/com.example.amplifydisposablesnullexample V/amplify:aws-datastore: Attempt to convert value "dd93a858-178c-48d3-92a0-5db5798d60f5" from field id of type ID in model ModelMetadata
2021-08-17 09:14:59.130 21108-21883/com.example.amplifydisposablesnullexample V/amplify:aws-datastore: SQLCommandProcessor.bindValueToStatement(..., value = dd93a858-178c-48d3-92a0-5db5798d60f5
2021-08-17 09:14:59.130 21108-21883/com.example.amplifydisposablesnullexample V/amplify:aws-datastore: SQLCommandProcessor executeExists in 0 ms inTransaction: false SQL: SELECT EXISTS(SELECT 1 FROM `AmplifyBug` WHERE `AmplifyBug`.`id` = ?);
2021-08-17 09:14:59.131 21108-21883/com.example.amplifydisposablesnullexample V/amplify:aws-datastore: Updating item in AmplifyBug identified by ID: dd93a858-178c-48d3-92a0-5db5798d60f5
2021-08-17 09:14:59.136 21108-21883/com.example.amplifydisposablesnullexample V/amplify:aws-datastore: SQLCommandProcessor.bindValueToStatement(..., value = dd93a858-178c-48d3-92a0-5db5798d60f5
2021-08-17 09:14:59.136 21108-21883/com.example.amplifydisposablesnullexample V/amplify:aws-datastore: SQLCommandProcessor.bindValueToStatement(..., value = 2021-08-17T13:14:59.01Z
2021-08-17 09:14:59.137 21108-21883/com.example.amplifydisposablesnullexample V/amplify:aws-datastore: SQLCommandProcessor.bindValueToStatement(..., value = 1
2021-08-17 09:14:59.137 21108-21883/com.example.amplifydisposablesnullexample V/amplify:aws-datastore: SQLCommandProcessor.bindValueToStatement(..., value = 2021-08-17T13:14:59.297Z
2021-08-17 09:14:59.137 21108-21883/com.example.amplifydisposablesnullexample V/amplify:aws-datastore: SQLCommandProcessor.bindValueToStatement(..., value = dd93a858-178c-48d3-92a0-5db5798d60f5
2021-08-17 09:14:59.143 21108-21883/com.example.amplifydisposablesnullexample V/amplify:aws-datastore: SQLCommandProcessor execute in 7 ms inTransaction: false SQL: UPDATE `AmplifyBug` SET `id` = ?, `createdAt` = ?, `updated` = ?, `updatedAt` = ? WHERE `AmplifyBug`.`id` = ?;
2021-08-17 09:14:59.143 21108-21884/com.example.amplifydisposablesnullexample V/amplify:aws-datastore: SQLCommandProcessor rawQuery in 4 ms inTransaction: false SQL: SELECT `ModelMetadata`.`id` AS `ModelMetadata_id`, `ModelMetadata`.`_deleted` AS `ModelMetadata__deleted`, `ModelMetadata`.`_lastChangedAt` AS `ModelMetadata__lastChangedAt`, `ModelMetadata`.`_version` AS `ModelMetadata__version` FROM `ModelMetadata` WHERE id = ? LIMIT ? OFFSET ?;
2021-08-17 09:14:59.143 21108-21884/com.example.amplifydisposablesnullexample D/amplify:aws-datastore: Querying item for: ModelMetadata
2021-08-17 09:14:59.143 21108-21883/com.example.amplifydisposablesnullexample I/amplify:bug: Bump
2021-08-17 09:14:59.146 21108-21885/com.example.amplifydisposablesnullexample V/amplify:aws-datastore: SQLCommandProcessor.bindValueToStatement(..., value = dd93a858-178c-48d3-92a0-5db5798d60f5
2021-08-17 09:14:59.146 21108-21884/com.example.amplifydisposablesnullexample V/amplify:aws-datastore: Attempt to convert value "1629206099033" from field _lastChangedAt of type AWSTimestamp in model ModelMetadata
2021-08-17 09:14:59.146 21108-21885/com.example.amplifydisposablesnullexample V/amplify:aws-datastore: SQLCommandProcessor executeExists in 0 ms inTransaction: false SQL: SELECT EXISTS(SELECT 1 FROM `ModelMetadata` WHERE `ModelMetadata`.`id` = ?);
2021-08-17 09:14:59.146 21108-21884/com.example.amplifydisposablesnullexample V/amplify:aws-datastore: Attempt to convert value "1" from field _version of type Int in model ModelMetadata
2021-08-17 09:14:59.146 21108-21885/com.example.amplifydisposablesnullexample V/amplify:aws-datastore: Updating item in ModelMetadata identified by ID: dd93a858-178c-48d3-92a0-5db5798d60f5
2021-08-17 09:14:59.146 21108-21884/com.example.amplifydisposablesnullexample V/amplify:aws-datastore: Attempt to convert value "dd93a858-178c-48d3-92a0-5db5798d60f5" from field id of type ID in model ModelMetadata
2021-08-17 09:14:59.147 21108-21885/com.example.amplifydisposablesnullexample V/amplify:aws-datastore: Could not find get_deleted() on com.amplifyframework.datastore.appsync.ModelMetadata. Fallback to direct field access.
2021-08-17 09:14:59.147 21108-21885/com.example.amplifydisposablesnullexample V/amplify:aws-datastore: Could not find get_lastChangedAt() on com.amplifyframework.datastore.appsync.ModelMetadata. Fallback to direct field access.
2021-08-17 09:14:59.147 21108-21885/com.example.amplifydisposablesnullexample V/amplify:aws-datastore: Could not find get_version() on com.amplifyframework.datastore.appsync.ModelMetadata. Fallback to direct field access.
2021-08-17 09:14:59.148 21108-21885/com.example.amplifydisposablesnullexample V/amplify:aws-datastore: SQLCommandProcessor.bindValueToStatement(..., value = dd93a858-178c-48d3-92a0-5db5798d60f5
2021-08-17 09:14:59.148 21108-21885/com.example.amplifydisposablesnullexample V/amplify:aws-datastore: SQLCommandProcessor.bindValueToStatement(..., value = null
2021-08-17 09:14:59.148 21108-21885/com.example.amplifydisposablesnullexample V/amplify:aws-datastore: SQLCommandProcessor.bindValueToStatement(..., value = 1629206099321
2021-08-17 09:14:59.148 21108-21886/com.example.amplifydisposablesnullexample V/amplify:aws-datastore: SQLCommandProcessor.bindValueToStatement(..., value = dd93a858-178c-48d3-92a0-5db5798d60f5
2021-08-17 09:14:59.148 21108-21885/com.example.amplifydisposablesnullexample V/amplify:aws-datastore: SQLCommandProcessor.bindValueToStatement(..., value = 2
2021-08-17 09:14:59.148 21108-21885/com.example.amplifydisposablesnullexample V/amplify:aws-datastore: SQLCommandProcessor.bindValueToStatement(..., value = dd93a858-178c-48d3-92a0-5db5798d60f5
2021-08-17 09:14:59.149 21108-21886/com.example.amplifydisposablesnullexample V/amplify:aws-datastore: SQLCommandProcessor executeExists in 1 ms inTransaction: false SQL: SELECT EXISTS(SELECT 1 FROM `AmplifyBug` WHERE `AmplifyBug`.`id` = ?);
2021-08-17 09:14:59.149 21108-21886/com.example.amplifydisposablesnullexample V/amplify:aws-datastore: Updating item in AmplifyBug identified by ID: dd93a858-178c-48d3-92a0-5db5798d60f5
2021-08-17 09:14:59.151 21108-21885/com.example.amplifydisposablesnullexample V/amplify:aws-datastore: SQLCommandProcessor execute in 3 ms inTransaction: false SQL: UPDATE `ModelMetadata` SET `id` = ?, `_deleted` = ?, `_lastChangedAt` = ?, `_version` = ? WHERE `ModelMetadata`.`id` = ?;
2021-08-17 09:14:59.151 21108-21885/com.example.amplifydisposablesnullexample D/amplify:aws-datastore: Remote model update was sync'd down into local storage: ModelWithMetadata{model=AmplifyBug {id=dd93a858-178c-48d3-92a0-5db5798d60f5, updated=true, createdAt=Temporal.DateTime{offsetDateTime='2021-08-17T13:14:59.010Z'}, updatedAt=Temporal.DateTime{offsetDateTime='2021-08-17T13:14:59.297Z'}}, syncMetadata=ModelMetadata{id='dd93a858-178c-48d3-92a0-5db5798d60f5', _deleted=null, _version=2, _lastChangedAt=Temporal.Timestamp{timestamp=1629206099321}}}
2021-08-17 09:14:59.151 21108-21885/com.example.amplifydisposablesnullexample V/amplify:aws-datastore: Merged a single item in 37 ms.
2021-08-17 09:14:59.151 21108-21885/com.example.amplifydisposablesnullexample D/amplify:aws-datastore: Pending mutation was published to cloud successfully, and removed from the mutation outbox: PendingMutation{mutatedItem=SerializedModel{id='dd93a858-178c-48d3-92a0-5db5798d60f5', serializedData={updated=true, id=dd93a858-178c-48d3-92a0-5db5798d60f5}, modelName=AmplifyBug}, mutationType=UPDATE, mutationId=1f301c23-ff5d-11eb-9938-1de38272bed6, predicate=MatchAllQueryPredicate}
2021-08-17 09:14:59.152 21108-21886/com.example.amplifydisposablesnullexample V/amplify:aws-datastore: SQLCommandProcessor.bindValueToStatement(..., value = dd93a858-178c-48d3-92a0-5db5798d60f5
2021-08-17 09:14:59.152 21108-21886/com.example.amplifydisposablesnullexample V/amplify:aws-datastore: SQLCommandProcessor.bindValueToStatement(..., value = 2021-08-17T13:14:59.01Z
2021-08-17 09:14:59.152 21108-21886/com.example.amplifydisposablesnullexample V/amplify:aws-datastore: SQLCommandProcessor.bindValueToStatement(..., value = 1
2021-08-17 09:14:59.152 21108-21886/com.example.amplifydisposablesnullexample V/amplify:aws-datastore: SQLCommandProcessor.bindValueToStatement(..., value = 2021-08-17T13:14:59.297Z
2021-08-17 09:14:59.152 21108-21886/com.example.amplifydisposablesnullexample V/amplify:aws-datastore: SQLCommandProcessor.bindValueToStatement(..., value = dd93a858-178c-48d3-92a0-5db5798d60f5
2021-08-17 09:14:59.154 21108-21886/com.example.amplifydisposablesnullexample V/amplify:aws-datastore: SQLCommandProcessor execute in 2 ms inTransaction: false SQL: UPDATE `AmplifyBug` SET `id` = ?, `createdAt` = ?, `updated` = ?, `updatedAt` = ? WHERE `AmplifyBug`.`id` = ?;
2021-08-17 09:14:59.155 21108-21886/com.example.amplifydisposablesnullexample I/amplify:bug: Bump
2021-08-17 09:14:59.155 21108-21887/com.example.amplifydisposablesnullexample V/amplify:aws-datastore: SQLCommandProcessor.bindValueToStatement(..., value = dd93a858-178c-48d3-92a0-5db5798d60f5
2021-08-17 09:14:59.155 21108-21887/com.example.amplifydisposablesnullexample V/amplify:aws-datastore: SQLCommandProcessor executeExists in 0 ms inTransaction: false SQL: SELECT EXISTS(SELECT 1 FROM `ModelMetadata` WHERE `ModelMetadata`.`id` = ?);
2021-08-17 09:14:59.156 21108-21887/com.example.amplifydisposablesnullexample V/amplify:aws-datastore: Updating item in ModelMetadata identified by ID: dd93a858-178c-48d3-92a0-5db5798d60f5
2021-08-17 09:14:59.156 21108-21887/com.example.amplifydisposablesnullexample V/amplify:aws-datastore: Could not find get_deleted() on com.amplifyframework.datastore.appsync.ModelMetadata. Fallback to direct field access.
2021-08-17 09:14:59.156 21108-21887/com.example.amplifydisposablesnullexample V/amplify:aws-datastore: Could not find get_lastChangedAt() on com.amplifyframework.datastore.appsync.ModelMetadata. Fallback to direct field access.
2021-08-17 09:14:59.156 21108-21887/com.example.amplifydisposablesnullexample V/amplify:aws-datastore: Could not find get_version() on com.amplifyframework.datastore.appsync.ModelMetadata. Fallback to direct field access.
2021-08-17 09:14:59.156 21108-21887/com.example.amplifydisposablesnullexample V/amplify:aws-datastore: SQLCommandProcessor.bindValueToStatement(..., value = dd93a858-178c-48d3-92a0-5db5798d60f5
2021-08-17 09:14:59.156 21108-21887/com.example.amplifydisposablesnullexample V/amplify:aws-datastore: SQLCommandProcessor.bindValueToStatement(..., value = null
2021-08-17 09:14:59.156 21108-21887/com.example.amplifydisposablesnullexample V/amplify:aws-datastore: SQLCommandProcessor.bindValueToStatement(..., value = 1629206099321
2021-08-17 09:14:59.156 21108-21887/com.example.amplifydisposablesnullexample V/amplify:aws-datastore: SQLCommandProcessor.bindValueToStatement(..., value = 2
2021-08-17 09:14:59.156 21108-21887/com.example.amplifydisposablesnullexample V/amplify:aws-datastore: SQLCommandProcessor.bindValueToStatement(..., value = dd93a858-178c-48d3-92a0-5db5798d60f5
2021-08-17 09:14:59.158 21108-21887/com.example.amplifydisposablesnullexample V/amplify:aws-datastore: SQLCommandProcessor execute in 2 ms inTransaction: false SQL: UPDATE `ModelMetadata` SET `id` = ?, `_deleted` = ?, `_lastChangedAt` = ?, `_version` = ? WHERE `ModelMetadata`.`id` = ?;
2021-08-17 09:14:59.158 21108-21887/com.example.amplifydisposablesnullexample D/amplify:aws-datastore: Remote model update was sync'd down into local storage: ModelWithMetadata{model=AmplifyBug {id=dd93a858-178c-48d3-92a0-5db5798d60f5, updated=true, createdAt=Temporal.DateTime{offsetDateTime='2021-08-17T13:14:59.010Z'}, updatedAt=Temporal.DateTime{offsetDateTime='2021-08-17T13:14:59.297Z'}}, syncMetadata=ModelMetadata{id='dd93a858-178c-48d3-92a0-5db5798d60f5', _deleted=null, _version=2, _lastChangedAt=Temporal.Timestamp{timestamp=1629206099321}}}
2021-08-17 09:14:59.158 21108-21887/com.example.amplifydisposablesnullexample V/amplify:aws-datastore: Merged a single item in 19 ms.
2021-08-17 09:15:03.523 21108-21139/com.example.amplifydisposablesnullexample I/amplify:bug: finishing test
2021-08-17 09:15:03.557 21108-21108/com.example.amplifydisposablesnullexample D/LifecycleMonitor: Lifecycle status change: com.example.amplifydisposablesnullexample.MainActivity@ad327d3 in: PAUSED
2021-08-17 09:15:03.557 21108-21108/com.example.amplifydisposablesnullexample V/ActivityScenario: Update currentActivityStage to PAUSED, currentActivity=com.example.amplifydisposablesnullexample.MainActivity@ad327d3
2021-08-17 09:15:03.881 21108-21177/com.example.amplifydisposablesnullexample D/EGL_emulation: eglMakeCurrent: 0xe6bf3d80: ver 3 0 (tinfo 0xe6c313b0)
2021-08-17 09:15:03.891 21108-21108/com.example.amplifydisposablesnullexample D/LifecycleMonitor: Lifecycle status change: com.example.amplifydisposablesnullexample.MainActivity@ad327d3 in: STOPPED
2021-08-17 09:15:03.891 21108-21108/com.example.amplifydisposablesnullexample V/ActivityScenario: Update currentActivityStage to STOPPED, currentActivity=com.example.amplifydisposablesnullexample.MainActivity@ad327d3
2021-08-17 09:15:03.892 21108-21108/com.example.amplifydisposablesnullexample D/LifecycleMonitor: Lifecycle status change: com.example.amplifydisposablesnullexample.MainActivity@ad327d3 in: DESTROYED
2021-08-17 09:15:03.892 21108-21108/com.example.amplifydisposablesnullexample V/ActivityScenario: Update currentActivityStage to DESTROYED, currentActivity=null
2021-08-17 09:15:03.892 21108-21139/com.example.amplifydisposablesnullexample I/TestRunner: finished: test01(com.example.amplifydisposablesnullexample.ExampleInstrumentedTest)
2021-08-17 09:15:04.035 21108-21139/com.example.amplifydisposablesnullexample I/TestRunner: started: test02(com.example.amplifydisposablesnullexample.ExampleInstrumentedTest)
2021-08-17 09:15:04.038 21108-21139/com.example.amplifydisposablesnullexample W/Settings: Setting always_finish_activities has moved from android.provider.Settings.System to android.provider.Settings.Global, returning read-only value.
2021-08-17 09:15:04.078 21108-21108/com.example.amplifydisposablesnullexample W/ActivityThread: handleWindowVisibility: no activity for token android.os.BinderProxy@30a9baa
2021-08-17 09:15:04.094 21108-21108/com.example.amplifydisposablesnullexample D/LifecycleMonitor: Lifecycle status change: com.example.amplifydisposablesnullexample.MainActivity@f4ec876 in: PRE_ON_CREATE
2021-08-17 09:15:04.094 21108-21108/com.example.amplifydisposablesnullexample V/ActivityScenario: Activity lifecycle changed event received but ignored because the reported transition was not ON_CREATE while the last known transition was PRE_ON_CREATE
2021-08-17 09:15:04.110 21108-21108/com.example.amplifydisposablesnullexample E/test: Amplify Failed to Configure; this is likely caused by a duplicate call to Amplify.configure().
    AlreadyConfiguredException{message=Amplify has already been configured., cause=null, recoverySuggestion=Do not add plugins after calling `Amplify.configure()`.}
        at com.amplifyframework.core.Amplify.updatePluginRegistry(Amplify.java:194)
        at com.amplifyframework.core.Amplify.addPlugin(Amplify.java:175)
        at com.example.amplifydisposablesnullexample.MainActivity.onCreate(MainActivity.java:24)
        at android.app.Activity.performCreate(Activity.java:7802)
        at android.app.Activity.performCreate(Activity.java:7791)
        at android.app.Instrumentation.callActivityOnCreate(Instrumentation.java:1299)
        at androidx.test.runner.MonitoringInstrumentation.callActivityOnCreate(MonitoringInstrumentation.java:730)
        at android.app.ActivityThread.performLaunchActivity(ActivityThread.java:3245)
        at android.app.ActivityThread.handleLaunchActivity(ActivityThread.java:3409)
        at android.app.servertransaction.LaunchActivityItem.execute(LaunchActivityItem.java:83)
        at android.app.servertransaction.TransactionExecutor.executeCallbacks(TransactionExecutor.java:135)
        at android.app.servertransaction.TransactionExecutor.execute(TransactionExecutor.java:95)
        at android.app.ActivityThread$H.handleMessage(ActivityThread.java:2016)
        at android.os.Handler.dispatchMessage(Handler.java:107)
        at android.os.Looper.loop(Looper.java:214)
        at android.app.ActivityThread.main(ActivityThread.java:7356)
        at java.lang.reflect.Method.invoke(Native Method)
        at com.android.internal.os.RuntimeInit$MethodAndArgsCaller.run(RuntimeInit.java:492)
        at com.android.internal.os.ZygoteInit.main(ZygoteInit.java:930)
2021-08-17 09:15:04.110 21108-21108/com.example.amplifydisposablesnullexample D/LifecycleMonitor: Lifecycle status change: com.example.amplifydisposablesnullexample.MainActivity@f4ec876 in: CREATED
2021-08-17 09:15:04.111 21108-21108/com.example.amplifydisposablesnullexample V/ActivityScenario: Update currentActivityStage to CREATED, currentActivity=com.example.amplifydisposablesnullexample.MainActivity@f4ec876
2021-08-17 09:15:04.112 21108-21108/com.example.amplifydisposablesnullexample D/LifecycleMonitor: Lifecycle status change: com.example.amplifydisposablesnullexample.MainActivity@f4ec876 in: STARTED
2021-08-17 09:15:04.112 21108-21108/com.example.amplifydisposablesnullexample V/ActivityScenario: Update currentActivityStage to STARTED, currentActivity=com.example.amplifydisposablesnullexample.MainActivity@f4ec876
2021-08-17 09:15:04.112 21108-21108/com.example.amplifydisposablesnullexample D/LifecycleMonitor: Lifecycle status change: com.example.amplifydisposablesnullexample.MainActivity@f4ec876 in: RESUMED
2021-08-17 09:15:04.112 21108-21108/com.example.amplifydisposablesnullexample V/ActivityScenario: Update currentActivityStage to RESUMED, currentActivity=com.example.amplifydisposablesnullexample.MainActivity@f4ec876
2021-08-17 09:15:04.113 21108-21139/com.example.amplifydisposablesnullexample D/main: clear started
2021-08-17 09:15:04.113 21108-21139/com.example.amplifydisposablesnullexample D/amplify:aws-datastore: Attempting to acquire lock. Permits available = true
2021-08-17 09:15:04.113 21108-21139/com.example.amplifydisposablesnullexample I/amplify:aws-datastore: Orchestrator lock acquired.
2021-08-17 09:15:04.114 21108-21654/com.example.amplifydisposablesnullexample I/amplify:aws-datastore: Orchestrator transitioning from SYNC_VIA_API to STOPPED
2021-08-17 09:15:04.115 21108-21654/com.example.amplifydisposablesnullexample I/amplify:aws-datastore: Setting currentState to LOCAL_ONLY
2021-08-17 09:15:04.117 21108-21654/com.example.amplifydisposablesnullexample I/amplify:aws-datastore: Stopping subscription processor.
2021-08-17 09:15:04.117 21108-21654/com.example.amplifydisposablesnullexample D/amplify:aws-api: Cancelling subscription: c70c2d00-81a9-4419-86c3-3118ceba312c
2021-08-17 09:15:04.120 21108-21901/com.example.amplifydisposablesnullexample D/IdentityManager: Signing out...
2021-08-17 09:15:04.131 21108-21901/com.example.amplifydisposablesnullexample D/AWSMobileClient: Inspecting user state details
2021-08-17 09:15:04.150 21108-21511/com.example.amplifydisposablesnullexample D/amplify:aws-datastore: Subscription completed:c70c2d00-81a9-4419-86c3-3118ceba312c
2021-08-17 09:15:04.150 21108-21654/com.example.amplifydisposablesnullexample D/amplify:aws-api: Cancelling subscription: fc24598d-9594-449f-b899-cd31902f64ea
2021-08-17 09:15:04.156 21108-21177/com.example.amplifydisposablesnullexample D/EGL_emulation: eglMakeCurrent: 0xe6bf3d80: ver 3 0 (tinfo 0xe6c313b0)
2021-08-17 09:15:04.167 21108-21511/com.example.amplifydisposablesnullexample D/amplify:aws-datastore: Subscription completed:fc24598d-9594-449f-b899-cd31902f64ea
2021-08-17 09:15:04.167 21108-21654/com.example.amplifydisposablesnullexample D/amplify:aws-api: Cancelling subscription: fdd3fd24-2195-40d8-a720-bbc0d9fa1079
2021-08-17 09:15:04.183 21108-21511/com.example.amplifydisposablesnullexample D/amplify:aws-datastore: Subscription completed:fdd3fd24-2195-40d8-a720-bbc0d9fa1079
2021-08-17 09:15:04.184 21108-21654/com.example.amplifydisposablesnullexample D/amplify:aws-api: Cancelling subscription: b82db388-6bec-426c-bcb3-311e2e49096e
2021-08-17 09:15:04.225 21108-21511/com.example.amplifydisposablesnullexample D/amplify:aws-datastore: Subscription completed:b82db388-6bec-426c-bcb3-311e2e49096e
2021-08-17 09:15:04.225 21108-21654/com.example.amplifydisposablesnullexample D/amplify:aws-api: Cancelling subscription: 9be6a089-c908-486f-89b1-e0e007565e18
2021-08-17 09:15:04.258 21108-21511/com.example.amplifydisposablesnullexample D/amplify:aws-datastore: Subscription completed:9be6a089-c908-486f-89b1-e0e007565e18
2021-08-17 09:15:04.259 21108-21654/com.example.amplifydisposablesnullexample D/amplify:aws-api: Cancelling subscription: 25ce1ed7-6024-4313-9c16-5380ea9be559
2021-08-17 09:15:04.290 21108-21511/com.example.amplifydisposablesnullexample D/amplify:aws-datastore: Subscription completed:25ce1ed7-6024-4313-9c16-5380ea9be559
2021-08-17 09:15:04.290 21108-21654/com.example.amplifydisposablesnullexample D/amplify:aws-api: Cancelling subscription: c2073311-555b-4bf8-8723-4ca6ca437681
2021-08-17 09:15:04.338 21108-21511/com.example.amplifydisposablesnullexample D/amplify:aws-datastore: Subscription completed:c2073311-555b-4bf8-8723-4ca6ca437681
2021-08-17 09:15:04.339 21108-21654/com.example.amplifydisposablesnullexample D/amplify:aws-api: Cancelling subscription: 7f8ce698-dde0-4a14-99e4-5a3fc5bdc279
2021-08-17 09:15:04.355 21108-21511/com.example.amplifydisposablesnullexample D/amplify:aws-datastore: Subscription completed:7f8ce698-dde0-4a14-99e4-5a3fc5bdc279
2021-08-17 09:15:04.357 21108-21654/com.example.amplifydisposablesnullexample D/amplify:aws-api: Cancelling subscription: b17e1c00-a02d-46a7-9e45-3985e3878fac
2021-08-17 09:15:04.375 21108-21511/com.example.amplifydisposablesnullexample D/amplify:aws-datastore: Subscription completed:b17e1c00-a02d-46a7-9e45-3985e3878fac
2021-08-17 09:15:04.375 21108-21654/com.example.amplifydisposablesnullexample D/amplify:aws-api: Cancelling subscription: 7afffcd9-a2dc-4694-a5ea-e3e8c5024e57
2021-08-17 09:15:04.411 21108-21511/com.example.amplifydisposablesnullexample D/amplify:aws-datastore: Subscription completed:7afffcd9-a2dc-4694-a5ea-e3e8c5024e57
2021-08-17 09:15:04.413 21108-21654/com.example.amplifydisposablesnullexample D/amplify:aws-api: Cancelling subscription: eda59dfb-f2b9-4cf6-9760-09801ed0aa78
2021-08-17 09:15:04.466 21108-21511/com.example.amplifydisposablesnullexample D/amplify:aws-datastore: Subscription completed:eda59dfb-f2b9-4cf6-9760-09801ed0aa78
2021-08-17 09:15:04.466 21108-21654/com.example.amplifydisposablesnullexample D/amplify:aws-api: Cancelling subscription: e5bf5242-b39a-4da3-961e-12fda495b4b5
2021-08-17 09:15:04.482 21108-21511/com.example.amplifydisposablesnullexample D/amplify:aws-datastore: Subscription completed:e5bf5242-b39a-4da3-961e-12fda495b4b5
2021-08-17 09:15:04.483 21108-21654/com.example.amplifydisposablesnullexample D/amplify:aws-api: Cancelling subscription: 322464de-bedb-49ff-9d19-cd91a1bb8e7d
2021-08-17 09:15:04.503 21108-21511/com.example.amplifydisposablesnullexample D/amplify:aws-datastore: Subscription completed:322464de-bedb-49ff-9d19-cd91a1bb8e7d
2021-08-17 09:15:04.503 21108-21654/com.example.amplifydisposablesnullexample D/amplify:aws-api: Cancelling subscription: 16834019-d321-48f7-8948-e0c55158a055
2021-08-17 09:15:04.554 21108-21511/com.example.amplifydisposablesnullexample D/amplify:aws-datastore: Subscription completed:16834019-d321-48f7-8948-e0c55158a055
2021-08-17 09:15:04.555 21108-21654/com.example.amplifydisposablesnullexample D/amplify:aws-api: Cancelling subscription: 376d8818-3f8e-4dd2-9511-f7fba69188c1
2021-08-17 09:15:04.571 21108-21511/com.example.amplifydisposablesnullexample D/amplify:aws-datastore: Subscription completed:376d8818-3f8e-4dd2-9511-f7fba69188c1
2021-08-17 09:15:04.571 21108-21654/com.example.amplifydisposablesnullexample D/amplify:aws-api: Cancelling subscription: 79b5dd32-20a3-405a-862d-c20450873f2e
2021-08-17 09:15:04.590 21108-21511/com.example.amplifydisposablesnullexample D/amplify:aws-datastore: Subscription completed:79b5dd32-20a3-405a-862d-c20450873f2e
2021-08-17 09:15:04.591 21108-21654/com.example.amplifydisposablesnullexample D/amplify:aws-api: Cancelling subscription: 4629760d-b9e2-40b2-9ffa-81721c826cad
2021-08-17 09:15:04.611 21108-21511/com.example.amplifydisposablesnullexample D/amplify:aws-datastore: Subscription completed:4629760d-b9e2-40b2-9ffa-81721c826cad
2021-08-17 09:15:04.611 21108-21654/com.example.amplifydisposablesnullexample D/amplify:aws-api: Cancelling subscription: 4f0731a4-289c-42ec-8ef8-46e5f807fbe1
2021-08-17 09:15:04.650 21108-21511/com.example.amplifydisposablesnullexample D/amplify:aws-datastore: Subscription completed:4f0731a4-289c-42ec-8ef8-46e5f807fbe1
2021-08-17 09:15:04.650 21108-21654/com.example.amplifydisposablesnullexample D/amplify:aws-api: Cancelling subscription: 346f9f3b-6886-4f22-ac06-1d46c2192987
2021-08-17 09:15:04.689 21108-21511/com.example.amplifydisposablesnullexample D/amplify:aws-datastore: Subscription completed:346f9f3b-6886-4f22-ac06-1d46c2192987
2021-08-17 09:15:04.690 21108-21654/com.example.amplifydisposablesnullexample D/amplify:aws-api: Cancelling subscription: 46a27f20-5a8c-4064-8b03-f7d3eae5cda0
2021-08-17 09:15:04.746 21108-21511/com.example.amplifydisposablesnullexample D/amplify:aws-datastore: Subscription completed:46a27f20-5a8c-4064-8b03-f7d3eae5cda0
2021-08-17 09:15:04.746 21108-21654/com.example.amplifydisposablesnullexample D/amplify:aws-api: Cancelling subscription: ddad944a-c410-4d99-9af6-873abe55dec7
2021-08-17 09:15:04.803 21108-21511/com.example.amplifydisposablesnullexample D/amplify:aws-datastore: Subscription completed:ddad944a-c410-4d99-9af6-873abe55dec7
2021-08-17 09:15:04.804 21108-21654/com.example.amplifydisposablesnullexample D/amplify:aws-api: Cancelling subscription: e2edd6be-62cf-4054-8a89-db0fd9ce735a
2021-08-17 09:15:04.818 21108-21511/com.example.amplifydisposablesnullexample D/amplify:aws-datastore: Subscription completed:e2edd6be-62cf-4054-8a89-db0fd9ce735a
2021-08-17 09:15:04.819 21108-21654/com.example.amplifydisposablesnullexample D/amplify:aws-api: Cancelling subscription: d6d2f895-870f-4f2a-a146-78c86ff0e6e8
2021-08-17 09:15:04.873 21108-21511/com.example.amplifydisposablesnullexample D/amplify:aws-datastore: Subscription completed:d6d2f895-870f-4f2a-a146-78c86ff0e6e8
2021-08-17 09:15:04.874 21108-21654/com.example.amplifydisposablesnullexample D/amplify:aws-api: Cancelling subscription: 908fa464-2a17-4cc7-b338-2276c0777dac
2021-08-17 09:15:04.914 21108-21511/com.example.amplifydisposablesnullexample D/amplify:aws-datastore: Subscription completed:908fa464-2a17-4cc7-b338-2276c0777dac
2021-08-17 09:15:04.914 21108-21654/com.example.amplifydisposablesnullexample D/amplify:aws-api: Cancelling subscription: 786be0b7-bc6e-4643-9829-2881d00334fb
2021-08-17 09:15:04.929 21108-21511/com.example.amplifydisposablesnullexample D/amplify:aws-datastore: Subscription completed:786be0b7-bc6e-4643-9829-2881d00334fb
2021-08-17 09:15:04.929 21108-21654/com.example.amplifydisposablesnullexample D/amplify:aws-api: Cancelling subscription: 203753fe-ff7d-40b9-8cbb-cd658c7b824b
2021-08-17 09:15:04.975 21108-21511/com.example.amplifydisposablesnullexample D/amplify:aws-datastore: Subscription completed:203753fe-ff7d-40b9-8cbb-cd658c7b824b
2021-08-17 09:15:04.975 21108-21654/com.example.amplifydisposablesnullexample D/amplify:aws-api: Cancelling subscription: 14e69979-fdff-4ac1-bd39-d414762b964c
2021-08-17 09:15:05.069 21108-21511/com.example.amplifydisposablesnullexample D/amplify:aws-datastore: Subscription completed:14e69979-fdff-4ac1-bd39-d414762b964c
2021-08-17 09:15:05.070 21108-21654/com.example.amplifydisposablesnullexample D/amplify:aws-api: Cancelling subscription: 7dd53e8d-5445-4eb4-a943-5d8bf536cead
2021-08-17 09:15:05.124 21108-21511/com.example.amplifydisposablesnullexample D/amplify:aws-datastore: Subscription completed:7dd53e8d-5445-4eb4-a943-5d8bf536cead
2021-08-17 09:15:05.125 21108-21654/com.example.amplifydisposablesnullexample D/amplify:aws-api: Cancelling subscription: 0daa7b0e-048d-4fd6-8dd7-d3b64c506d44
2021-08-17 09:15:05.142 21108-21511/com.example.amplifydisposablesnullexample D/amplify:aws-datastore: Subscription completed:0daa7b0e-048d-4fd6-8dd7-d3b64c506d44
2021-08-17 09:15:05.143 21108-21654/com.example.amplifydisposablesnullexample D/amplify:aws-api: Cancelling subscription: 725ab2f3-acbe-4ef4-bf98-0f4b400416e7
2021-08-17 09:15:05.180 21108-21511/com.example.amplifydisposablesnullexample D/amplify:aws-datastore: Subscription completed:725ab2f3-acbe-4ef4-bf98-0f4b400416e7
2021-08-17 09:15:05.180 21108-21654/com.example.amplifydisposablesnullexample D/amplify:aws-api: Cancelling subscription: 72670279-5649-41e9-a2ec-a6d3edc89078
2021-08-17 09:15:05.213 21108-21511/com.example.amplifydisposablesnullexample D/amplify:aws-datastore: Subscription completed:72670279-5649-41e9-a2ec-a6d3edc89078
2021-08-17 09:15:05.214 21108-21654/com.example.amplifydisposablesnullexample D/amplify:aws-api: Cancelling subscription: 42141e2d-295f-4746-b55c-0c705fcee9c2
2021-08-17 09:15:05.275 21108-21511/com.example.amplifydisposablesnullexample D/amplify:aws-datastore: Subscription completed:42141e2d-295f-4746-b55c-0c705fcee9c2
2021-08-17 09:15:05.276 21108-21654/com.example.amplifydisposablesnullexample D/amplify:aws-api: Cancelling subscription: e3ab492a-5bb2-4798-a220-59d0b157c74d
2021-08-17 09:15:05.323 21108-21511/com.example.amplifydisposablesnullexample D/amplify:aws-datastore: Subscription completed:e3ab492a-5bb2-4798-a220-59d0b157c74d
2021-08-17 09:15:05.323 21108-21654/com.example.amplifydisposablesnullexample D/amplify:aws-api: Cancelling subscription: 71f66865-6813-40c0-bad4-b646b5397601
2021-08-17 09:15:05.348 21108-21511/com.example.amplifydisposablesnullexample D/amplify:aws-datastore: Subscription completed:71f66865-6813-40c0-bad4-b646b5397601
2021-08-17 09:15:05.349 21108-21654/com.example.amplifydisposablesnullexample D/amplify:aws-api: Cancelling subscription: d097b275-412b-4e81-9d9f-a4229e8aff2c
2021-08-17 09:15:05.378 21108-21511/com.example.amplifydisposablesnullexample D/amplify:aws-datastore: Subscription completed:d097b275-412b-4e81-9d9f-a4229e8aff2c
2021-08-17 09:15:05.379 21108-21654/com.example.amplifydisposablesnullexample D/amplify:aws-api: Cancelling subscription: f61f7ab4-b022-4a3d-8362-b77c965ec0d3
2021-08-17 09:15:05.389 21108-21511/com.example.amplifydisposablesnullexample D/amplify:aws-datastore: Subscription completed:f61f7ab4-b022-4a3d-8362-b77c965ec0d3
2021-08-17 09:15:05.390 21108-21654/com.example.amplifydisposablesnullexample D/amplify:aws-api: Cancelling subscription: 2c31235f-e396-4e37-8b59-8bd72b6fa1a7
2021-08-17 09:15:05.400 21108-21511/com.example.amplifydisposablesnullexample D/amplify:aws-datastore: Subscription completed:2c31235f-e396-4e37-8b59-8bd72b6fa1a7
2021-08-17 09:15:05.401 21108-21654/com.example.amplifydisposablesnullexample D/amplify:aws-api: Cancelling subscription: 1e22f7a3-127f-4733-a4f9-8e6b38529224
2021-08-17 09:15:05.437 21108-21511/com.example.amplifydisposablesnullexample D/amplify:aws-datastore: Subscription completed:1e22f7a3-127f-4733-a4f9-8e6b38529224
2021-08-17 09:15:05.438 21108-21654/com.example.amplifydisposablesnullexample D/amplify:aws-api: Cancelling subscription: 07ae9d4e-5cae-4b03-8dce-66b2619dd39e
2021-08-17 09:15:05.478 21108-21511/com.example.amplifydisposablesnullexample D/amplify:aws-datastore: Subscription completed:07ae9d4e-5cae-4b03-8dce-66b2619dd39e
2021-08-17 09:15:05.479 21108-21654/com.example.amplifydisposablesnullexample D/amplify:aws-api: Cancelling subscription: 4b772c07-f4ad-4a63-9a2f-550f28c6ed2d
2021-08-17 09:15:05.500 21108-21511/com.example.amplifydisposablesnullexample D/amplify:aws-datastore: Subscription completed:4b772c07-f4ad-4a63-9a2f-550f28c6ed2d
2021-08-17 09:15:05.501 21108-21654/com.example.amplifydisposablesnullexample D/amplify:aws-api: Cancelling subscription: 9dbd2868-8a7e-49b0-94d5-af9a002ceba0
2021-08-17 09:15:05.544 21108-21511/com.example.amplifydisposablesnullexample D/amplify:aws-datastore: Subscription completed:9dbd2868-8a7e-49b0-94d5-af9a002ceba0
2021-08-17 09:15:05.544 21108-21654/com.example.amplifydisposablesnullexample D/amplify:aws-api: Cancelling subscription: afdfd4ab-41cc-44fb-bd8f-dd8b2df366f0
2021-08-17 09:15:05.576 21108-21511/com.example.amplifydisposablesnullexample D/amplify:aws-datastore: Subscription completed:afdfd4ab-41cc-44fb-bd8f-dd8b2df366f0
2021-08-17 09:15:05.576 21108-21654/com.example.amplifydisposablesnullexample D/amplify:aws-api: Cancelling subscription: 5599bd12-9869-463a-b830-0cf72cce8358
2021-08-17 09:15:05.604 21108-21511/com.example.amplifydisposablesnullexample D/amplify:aws-datastore: Subscription completed:5599bd12-9869-463a-b830-0cf72cce8358
2021-08-17 09:15:05.605 21108-21654/com.example.amplifydisposablesnullexample D/amplify:aws-api: Cancelling subscription: c96dbcb6-afef-494b-b907-05a629aa557d
2021-08-17 09:15:05.634 21108-21511/com.example.amplifydisposablesnullexample D/amplify:aws-datastore: Subscription completed:c96dbcb6-afef-494b-b907-05a629aa557d
2021-08-17 09:15:05.634 21108-21654/com.example.amplifydisposablesnullexample D/amplify:aws-api: Cancelling subscription: 9fb64705-4523-40fd-9f6a-bbeaf9332ac2
2021-08-17 09:15:05.676 21108-21511/com.example.amplifydisposablesnullexample D/amplify:aws-datastore: Subscription completed:9fb64705-4523-40fd-9f6a-bbeaf9332ac2
2021-08-17 09:15:05.677 21108-21654/com.example.amplifydisposablesnullexample D/amplify:aws-api: Cancelling subscription: 1004ff1b-84ee-4775-9337-09c2c7dc0abd
2021-08-17 09:15:05.731 21108-21511/com.example.amplifydisposablesnullexample D/amplify:aws-datastore: Subscription completed:1004ff1b-84ee-4775-9337-09c2c7dc0abd
2021-08-17 09:15:05.732 21108-21654/com.example.amplifydisposablesnullexample D/amplify:aws-api: Cancelling subscription: 1ecc5b71-5c8b-4435-a7f3-96dd2709a2dc
2021-08-17 09:15:05.781 21108-21511/com.example.amplifydisposablesnullexample D/amplify:aws-datastore: Subscription completed:1ecc5b71-5c8b-4435-a7f3-96dd2709a2dc
2021-08-17 09:15:05.783 21108-21654/com.example.amplifydisposablesnullexample D/amplify:aws-api: Cancelling subscription: ded0f8b7-0b95-42ce-861d-cb5ed23da200
2021-08-17 09:15:05.814 21108-21511/com.example.amplifydisposablesnullexample D/amplify:aws-datastore: Subscription completed:ded0f8b7-0b95-42ce-861d-cb5ed23da200
2021-08-17 09:15:05.814 21108-21654/com.example.amplifydisposablesnullexample D/amplify:aws-api: Cancelling subscription: a4c5dc8d-768a-425e-840d-dfd863ac1e13
2021-08-17 09:15:05.863 21108-21511/com.example.amplifydisposablesnullexample D/amplify:aws-datastore: Subscription completed:a4c5dc8d-768a-425e-840d-dfd863ac1e13
2021-08-17 09:15:05.863 21108-21654/com.example.amplifydisposablesnullexample D/amplify:aws-api: Cancelling subscription: 3f00e4de-990e-44e0-b808-40c73cedeb0d
2021-08-17 09:15:05.910 21108-21511/com.example.amplifydisposablesnullexample D/amplify:aws-datastore: Subscription completed:3f00e4de-990e-44e0-b808-40c73cedeb0d
2021-08-17 09:15:05.911 21108-21654/com.example.amplifydisposablesnullexample D/amplify:aws-api: Cancelling subscription: 0a02937e-0bbd-4906-9174-64c0e07ac588
2021-08-17 09:15:05.948 21108-21511/com.example.amplifydisposablesnullexample D/amplify:aws-datastore: Subscription completed:0a02937e-0bbd-4906-9174-64c0e07ac588
2021-08-17 09:15:05.949 21108-21654/com.example.amplifydisposablesnullexample D/amplify:aws-api: Cancelling subscription: 66072e82-2639-4530-bcad-7a7301be87ee
2021-08-17 09:15:05.966 21108-21511/com.example.amplifydisposablesnullexample D/amplify:aws-datastore: Subscription completed:66072e82-2639-4530-bcad-7a7301be87ee
2021-08-17 09:15:05.967 21108-21654/com.example.amplifydisposablesnullexample D/amplify:aws-api: Cancelling subscription: 2e42a7b8-6dc1-4db3-85da-7fe5f5a07d99
2021-08-17 09:15:06.015 21108-21511/com.example.amplifydisposablesnullexample D/amplify:aws-datastore: Subscription completed:2e42a7b8-6dc1-4db3-85da-7fe5f5a07d99
2021-08-17 09:15:06.016 21108-21654/com.example.amplifydisposablesnullexample D/amplify:aws-api: Cancelling subscription: 1e4ba0f0-d4a1-429c-917b-b9b0fdc30d24
2021-08-17 09:15:06.049 21108-21511/com.example.amplifydisposablesnullexample D/amplify:aws-datastore: Subscription completed:1e4ba0f0-d4a1-429c-917b-b9b0fdc30d24
2021-08-17 09:15:06.050 21108-21654/com.example.amplifydisposablesnullexample D/amplify:aws-api: Cancelling subscription: d1abf0af-d8b2-449c-a9b5-766501c8bda3
2021-08-17 09:15:06.094 21108-21511/com.example.amplifydisposablesnullexample D/amplify:aws-datastore: Subscription completed:d1abf0af-d8b2-449c-a9b5-766501c8bda3
2021-08-17 09:15:06.095 21108-21654/com.example.amplifydisposablesnullexample D/amplify:aws-api: Cancelling subscription: e981d293-930d-4f98-9886-ef7e32907f5f
2021-08-17 09:15:06.116 21108-21511/com.example.amplifydisposablesnullexample D/amplify:aws-datastore: Subscription completed:e981d293-930d-4f98-9886-ef7e32907f5f
2021-08-17 09:15:06.117 21108-21654/com.example.amplifydisposablesnullexample D/amplify:aws-api: Cancelling subscription: 3ac4c9ef-58f7-4e6b-a843-d62bbf0ffe51
2021-08-17 09:15:06.151 21108-21511/com.example.amplifydisposablesnullexample D/amplify:aws-datastore: Subscription completed:3ac4c9ef-58f7-4e6b-a843-d62bbf0ffe51
2021-08-17 09:15:06.152 21108-21654/com.example.amplifydisposablesnullexample D/amplify:aws-api: Cancelling subscription: 41431ad8-5b7a-4488-8a6a-57e30aba9954
2021-08-17 09:15:06.185 21108-21511/com.example.amplifydisposablesnullexample D/amplify:aws-datastore: Subscription completed:41431ad8-5b7a-4488-8a6a-57e30aba9954
2021-08-17 09:15:06.186 21108-21654/com.example.amplifydisposablesnullexample D/amplify:aws-api: Cancelling subscription: 9aafa6c4-926b-4f4c-a0c3-5520219a7382
2021-08-17 09:15:06.206 21108-21511/com.example.amplifydisposablesnullexample D/amplify:aws-datastore: Subscription completed:9aafa6c4-926b-4f4c-a0c3-5520219a7382
2021-08-17 09:15:06.207 21108-21654/com.example.amplifydisposablesnullexample D/amplify:aws-api: Cancelling subscription: c6412558-bfb0-4bfc-a267-2e8c50b5f306
