2021-08-17 09:15:06.250 21108-21511/com.example.amplifydisposablesnullexample D/amplify:aws-datastore: Subscription completed:c6412558-bfb0-4bfc-a267-2e8c50b5f306
2021-08-17 09:15:06.251 21108-21654/com.example.amplifydisposablesnullexample D/amplify:aws-api: Cancelling subscription: 9d048bc4-5678-4e26-b386-bd6d9498f3f8
2021-08-17 09:15:06.302 21108-21511/com.example.amplifydisposablesnullexample D/amplify:aws-datastore: Subscription completed:9d048bc4-5678-4e26-b386-bd6d9498f3f8
2021-08-17 09:15:06.303 21108-21654/com.example.amplifydisposablesnullexample D/amplify:aws-api: Cancelling subscription: b645919d-88f5-4b65-8cdb-43aed6fb23c1
2021-08-17 09:15:06.335 21108-21511/com.example.amplifydisposablesnullexample D/amplify:aws-datastore: Subscription completed:b645919d-88f5-4b65-8cdb-43aed6fb23c1
2021-08-17 09:15:06.335 21108-21654/com.example.amplifydisposablesnullexample D/amplify:aws-api: Cancelling subscription: 4e43d465-9e3c-4854-a785-2936d149f3ea
2021-08-17 09:15:06.393 21108-21511/com.example.amplifydisposablesnullexample D/amplify:aws-datastore: Subscription completed:4e43d465-9e3c-4854-a785-2936d149f3ea
2021-08-17 09:15:06.393 21108-21654/com.example.amplifydisposablesnullexample D/amplify:aws-api: Cancelling subscription: eac659c9-4304-4b68-b01c-1a1d84c494d2
2021-08-17 09:15:06.427 21108-21511/com.example.amplifydisposablesnullexample D/amplify:aws-datastore: Subscription completed:eac659c9-4304-4b68-b01c-1a1d84c494d2
2021-08-17 09:15:06.427 21108-21654/com.example.amplifydisposablesnullexample D/amplify:aws-api: Cancelling subscription: 80e1695b-c9f9-440c-8897-82bc2166a7f6
2021-08-17 09:15:06.465 21108-21511/com.example.amplifydisposablesnullexample D/amplify:aws-datastore: Subscription completed:80e1695b-c9f9-440c-8897-82bc2166a7f6
2021-08-17 09:15:06.466 21108-21654/com.example.amplifydisposablesnullexample D/amplify:aws-api: Cancelling subscription: b91e69df-5430-4f8b-ba33-e486a5393590
2021-08-17 09:15:06.512 21108-21511/com.example.amplifydisposablesnullexample D/amplify:aws-datastore: Subscription completed:b91e69df-5430-4f8b-ba33-e486a5393590
2021-08-17 09:15:06.513 21108-21654/com.example.amplifydisposablesnullexample D/amplify:aws-api: Cancelling subscription: f8c7f474-c0cc-4008-9225-450c5190c456
2021-08-17 09:15:06.550 21108-21511/com.example.amplifydisposablesnullexample D/amplify:aws-datastore: Subscription completed:f8c7f474-c0cc-4008-9225-450c5190c456
2021-08-17 09:15:06.550 21108-21654/com.example.amplifydisposablesnullexample D/amplify:aws-api: Cancelling subscription: 1e223a57-71be-4253-93da-8e1b8484b06a
2021-08-17 09:15:06.592 21108-21511/com.example.amplifydisposablesnullexample D/amplify:aws-datastore: Subscription completed:1e223a57-71be-4253-93da-8e1b8484b06a
2021-08-17 09:15:06.593 21108-21654/com.example.amplifydisposablesnullexample D/amplify:aws-api: Cancelling subscription: 0eb494b7-9a4e-4ddb-8ae8-795f2ede51d3
2021-08-17 09:15:06.627 21108-21511/com.example.amplifydisposablesnullexample D/amplify:aws-datastore: Subscription completed:0eb494b7-9a4e-4ddb-8ae8-795f2ede51d3
2021-08-17 09:15:06.628 21108-21654/com.example.amplifydisposablesnullexample D/amplify:aws-api: Cancelling subscription: b9240447-4f85-476b-877b-e407be52c980
2021-08-17 09:15:06.683 21108-21511/com.example.amplifydisposablesnullexample D/amplify:aws-datastore: Subscription completed:b9240447-4f85-476b-877b-e407be52c980
2021-08-17 09:15:06.684 21108-21654/com.example.amplifydisposablesnullexample D/amplify:aws-api: Cancelling subscription: ae77936e-7d33-41fa-9704-ba1b1eaf456f
2021-08-17 09:15:06.698 21108-21511/com.example.amplifydisposablesnullexample D/amplify:aws-datastore: Subscription completed:ae77936e-7d33-41fa-9704-ba1b1eaf456f
2021-08-17 09:15:06.699 21108-21654/com.example.amplifydisposablesnullexample D/amplify:aws-api: Cancelling subscription: 54625e4b-14ff-464b-850e-0499a4d4f2bf
2021-08-17 09:15:06.725 21108-21511/com.example.amplifydisposablesnullexample D/amplify:aws-datastore: Subscription completed:54625e4b-14ff-464b-850e-0499a4d4f2bf
2021-08-17 09:15:06.726 21108-21654/com.example.amplifydisposablesnullexample D/amplify:aws-api: Cancelling subscription: 15c8ca6f-a411-4196-8de9-81c356acd5c8
2021-08-17 09:15:06.768 21108-21511/com.example.amplifydisposablesnullexample D/amplify:aws-datastore: Subscription completed:15c8ca6f-a411-4196-8de9-81c356acd5c8
2021-08-17 09:15:06.769 21108-21654/com.example.amplifydisposablesnullexample D/amplify:aws-api: Cancelling subscription: 80ff3192-5bd1-4848-b075-6d1f2f2aa4b8
2021-08-17 09:15:06.826 21108-21511/com.example.amplifydisposablesnullexample D/amplify:aws-datastore: Subscription completed:80ff3192-5bd1-4848-b075-6d1f2f2aa4b8
2021-08-17 09:15:06.827 21108-21654/com.example.amplifydisposablesnullexample D/amplify:aws-api: Cancelling subscription: 29848d2a-bf3e-49b1-b6e2-8a2bfba5ab21
2021-08-17 09:15:06.850 21108-21511/com.example.amplifydisposablesnullexample D/amplify:aws-datastore: Subscription completed:29848d2a-bf3e-49b1-b6e2-8a2bfba5ab21
2021-08-17 09:15:06.851 21108-21654/com.example.amplifydisposablesnullexample D/amplify:aws-api: Cancelling subscription: 13aa51f7-f43d-47a3-b5b2-52f0fd9d001d
2021-08-17 09:15:06.901 21108-21511/com.example.amplifydisposablesnullexample D/amplify:aws-datastore: Subscription completed:13aa51f7-f43d-47a3-b5b2-52f0fd9d001d
2021-08-17 09:15:06.901 21108-21654/com.example.amplifydisposablesnullexample D/amplify:aws-api: Cancelling subscription: 8fe03638-5a61-433a-87d5-46ceb711e7a9
2021-08-17 09:15:06.952 21108-21511/com.example.amplifydisposablesnullexample D/amplify:aws-datastore: Subscription completed:8fe03638-5a61-433a-87d5-46ceb711e7a9
2021-08-17 09:15:06.952 21108-21654/com.example.amplifydisposablesnullexample D/amplify:aws-api: Cancelling subscription: fc1d551d-d28d-41bc-a9a4-7a051346581f
2021-08-17 09:15:07.001 21108-21511/com.example.amplifydisposablesnullexample D/amplify:aws-datastore: Subscription completed:fc1d551d-d28d-41bc-a9a4-7a051346581f
2021-08-17 09:15:07.002 21108-21654/com.example.amplifydisposablesnullexample D/amplify:aws-api: Cancelling subscription: 65dbdf9d-3902-4860-8678-05c77f209ef3
2021-08-17 09:15:07.057 21108-21511/com.example.amplifydisposablesnullexample D/amplify:aws-datastore: Subscription completed:65dbdf9d-3902-4860-8678-05c77f209ef3
2021-08-17 09:15:07.057 21108-21654/com.example.amplifydisposablesnullexample D/amplify:aws-api: Cancelling subscription: 15ac9075-6ead-450b-94b7-07515b9ea0fd
2021-08-17 09:15:07.069 21108-21511/com.example.amplifydisposablesnullexample D/amplify:aws-datastore: Subscription completed:15ac9075-6ead-450b-94b7-07515b9ea0fd
2021-08-17 09:15:07.070 21108-21654/com.example.amplifydisposablesnullexample D/amplify:aws-api: Cancelling subscription: f487f33e-d41d-4e25-90a2-b03cd60249a7
2021-08-17 09:15:07.128 21108-21511/com.example.amplifydisposablesnullexample D/amplify:aws-datastore: Subscription completed:f487f33e-d41d-4e25-90a2-b03cd60249a7
2021-08-17 09:15:07.129 21108-21654/com.example.amplifydisposablesnullexample D/amplify:aws-api: Cancelling subscription: 45644033-d66f-49a3-bdc1-813eaf44bfc6
2021-08-17 09:15:07.185 21108-21511/com.example.amplifydisposablesnullexample D/amplify:aws-datastore: Subscription completed:45644033-d66f-49a3-bdc1-813eaf44bfc6
2021-08-17 09:15:07.185 21108-21654/com.example.amplifydisposablesnullexample D/amplify:aws-api: Cancelling subscription: 86132b0c-0108-44ce-a510-d7bdde4dcb10
2021-08-17 09:15:07.205 21108-21511/com.example.amplifydisposablesnullexample D/amplify:aws-datastore: Subscription completed:86132b0c-0108-44ce-a510-d7bdde4dcb10
2021-08-17 09:15:07.206 21108-21654/com.example.amplifydisposablesnullexample D/amplify:aws-api: Cancelling subscription: 6d70a553-7020-4a3c-a3e2-5a9fe1806ed8
2021-08-17 09:15:07.221 21108-21511/com.example.amplifydisposablesnullexample D/amplify:aws-datastore: Subscription completed:6d70a553-7020-4a3c-a3e2-5a9fe1806ed8
2021-08-17 09:15:07.222 21108-21654/com.example.amplifydisposablesnullexample D/amplify:aws-api: Cancelling subscription: f475d305-8a0e-41fe-8b6b-e589f9abbdc3
2021-08-17 09:15:07.266 21108-21511/com.example.amplifydisposablesnullexample D/amplify:aws-datastore: Subscription completed:f475d305-8a0e-41fe-8b6b-e589f9abbdc3
2021-08-17 09:15:07.267 21108-21654/com.example.amplifydisposablesnullexample D/amplify:aws-api: Cancelling subscription: 60d61bc5-86ee-4c2f-90b3-9d158a5749ef
2021-08-17 09:15:07.318 21108-21511/com.example.amplifydisposablesnullexample D/amplify:aws-datastore: Subscription completed:60d61bc5-86ee-4c2f-90b3-9d158a5749ef
2021-08-17 09:15:07.318 21108-21654/com.example.amplifydisposablesnullexample D/amplify:aws-api: Cancelling subscription: abee2b85-5fd1-4c12-971d-18730dec4b21
2021-08-17 09:15:07.335 21108-21511/com.example.amplifydisposablesnullexample D/amplify:aws-datastore: Subscription completed:abee2b85-5fd1-4c12-971d-18730dec4b21
2021-08-17 09:15:07.336 21108-21654/com.example.amplifydisposablesnullexample I/amplify:aws-api: No more active subscriptions. Closing web socket.
2021-08-17 09:15:07.337 21108-21654/com.example.amplifydisposablesnullexample I/amplify:aws-datastore: Stopped subscription processor.
2021-08-17 09:15:07.337 21108-21654/com.example.amplifydisposablesnullexample I/amplify:aws-datastore: Stopping observation of local storage changes.
2021-08-17 09:15:07.337 21108-21654/com.example.amplifydisposablesnullexample I/amplify:aws-datastore: Setting currentState to STOPPED
2021-08-17 09:15:07.338 21108-21654/com.example.amplifydisposablesnullexample I/amplify:aws-datastore: Orchestrator lock released.
2021-08-17 09:15:07.338 21108-21663/com.example.amplifydisposablesnullexample D/amplify:aws-datastore: Shutting down thread pool for the storage adapter.
2021-08-17 09:15:07.388 21108-21663/com.example.amplifydisposablesnullexample D/amplify:aws-datastore: Storage adapter thread pool shutdown.
2021-08-17 09:15:07.389 21108-21663/com.example.amplifydisposablesnullexample D/amplify:aws-datastore: Clearing DataStore.
2021-08-17 09:15:07.390 21108-21663/com.example.amplifydisposablesnullexample D/amplify:aws-datastore: DataStore cleared. Re-initializing storage adapter.
2021-08-17 09:15:07.409 21108-21907/com.example.amplifydisposablesnullexample I/amplify:aws-datastore: Creating table: Model02
2021-08-17 09:15:07.410 21108-21907/com.example.amplifydisposablesnullexample I/amplify:aws-datastore: Creating table: Model22
2021-08-17 09:15:07.411 21108-21907/com.example.amplifydisposablesnullexample I/amplify:aws-datastore: Creating table: AmplifyBug
2021-08-17 09:15:07.411 21108-21907/com.example.amplifydisposablesnullexample I/amplify:aws-datastore: Creating table: Model09
2021-08-17 09:15:07.412 21108-21907/com.example.amplifydisposablesnullexample I/amplify:aws-datastore: Creating table: Model08
2021-08-17 09:15:07.412 21108-21907/com.example.amplifydisposablesnullexample I/amplify:aws-datastore: Creating table: Model16
2021-08-17 09:15:07.413 21108-21907/com.example.amplifydisposablesnullexample I/amplify:aws-datastore: Creating table: Model14
2021-08-17 09:15:07.413 21108-21907/com.example.amplifydisposablesnullexample I/amplify:aws-datastore: Creating table: PersistentModelVersion
2021-08-17 09:15:07.414 21108-21907/com.example.amplifydisposablesnullexample I/amplify:aws-datastore: Creating table: Model27
2021-08-17 09:15:07.415 21108-21907/com.example.amplifydisposablesnullexample I/amplify:aws-datastore: Creating table: Model07
2021-08-17 09:15:07.415 21108-21907/com.example.amplifydisposablesnullexample I/amplify:aws-datastore: Creating table: LastSyncMetadata
2021-08-17 09:15:07.416 21108-21907/com.example.amplifydisposablesnullexample I/amplify:aws-datastore: Creating table: Model10
2021-08-17 09:15:07.416 21108-21907/com.example.amplifydisposablesnullexample I/amplify:aws-datastore: Creating table: Model03
2021-08-17 09:15:07.417 21108-21907/com.example.amplifydisposablesnullexample I/amplify:aws-datastore: Creating table: Model28
2021-08-17 09:15:07.417 21108-21907/com.example.amplifydisposablesnullexample I/amplify:aws-datastore: Creating table: Model15
2021-08-17 09:15:07.418 21108-21907/com.example.amplifydisposablesnullexample I/amplify:aws-datastore: Creating table: Model23
2021-08-17 09:15:07.418 21108-21907/com.example.amplifydisposablesnullexample I/amplify:aws-datastore: Creating table: Model6
2021-08-17 09:15:07.418 21108-21907/com.example.amplifydisposablesnullexample I/amplify:aws-datastore: Creating table: Model25
2021-08-17 09:15:07.419 21108-21907/com.example.amplifydisposablesnullexample I/amplify:aws-datastore: Creating table: Model19
2021-08-17 09:15:07.419 21108-21907/com.example.amplifydisposablesnullexample I/amplify:aws-datastore: Creating table: Model12
2021-08-17 09:15:07.420 21108-21907/com.example.amplifydisposablesnullexample I/amplify:aws-datastore: Creating table: Model26
2021-08-17 09:15:07.420 21108-21907/com.example.amplifydisposablesnullexample I/amplify:aws-datastore: Creating table: Model11
2021-08-17 09:15:07.420 21108-21907/com.example.amplifydisposablesnullexample I/amplify:aws-datastore: Creating table: PersistentRecord
2021-08-17 09:15:07.421 21108-21907/com.example.amplifydisposablesnullexample I/amplify:aws-datastore: Creating table: Model24
2021-08-17 09:15:07.421 21108-21907/com.example.amplifydisposablesnullexample I/amplify:aws-datastore: Creating table: Model06
2021-08-17 09:15:07.422 21108-21907/com.example.amplifydisposablesnullexample I/amplify:aws-datastore: Creating table: Model20
2021-08-17 09:15:07.422 21108-21907/com.example.amplifydisposablesnullexample I/amplify:aws-datastore: Creating table: Model17
2021-08-17 09:15:07.422 21108-21907/com.example.amplifydisposablesnullexample I/amplify:aws-datastore: Creating table: Model04
2021-08-17 09:15:07.423 21108-21907/com.example.amplifydisposablesnullexample I/amplify:aws-datastore: Creating table: Model21
2021-08-17 09:15:07.423 21108-21907/com.example.amplifydisposablesnullexample I/amplify:aws-datastore: Creating table: Model18
2021-08-17 09:15:07.424 21108-21907/com.example.amplifydisposablesnullexample I/amplify:aws-datastore: Creating table: Model13
2021-08-17 09:15:07.424 21108-21907/com.example.amplifydisposablesnullexample I/amplify:aws-datastore: Creating table: ModelMetadata
2021-08-17 09:15:07.425 21108-21907/com.example.amplifydisposablesnullexample I/amplify:aws-datastore: Creating table: Model05
2021-08-17 09:15:07.425 21108-21907/com.example.amplifydisposablesnullexample I/amplify:aws-datastore: Creating index for table: PersistentRecord
2021-08-17 09:15:07.431 21108-21908/com.example.amplifydisposablesnullexample V/amplify:aws-datastore: SQLCommandProcessor rawQuery in 1 ms inTransaction: false SQL: SELECT `PersistentModelVersion`.`id` AS `PersistentModelVersion_id`, `PersistentModelVersion`.`version` AS `PersistentModelVersion_version` FROM `PersistentModelVersion`;
2021-08-17 09:15:07.431 21108-21908/com.example.amplifydisposablesnullexample D/amplify:aws-datastore: Querying item for: PersistentModelVersion
2021-08-17 09:15:07.432 21108-21909/com.example.amplifydisposablesnullexample V/amplify:aws-datastore: SQLCommandProcessor.bindValueToStatement(..., value = 1ae1b4d0-7894-4f23-831e-ccf6c8439e1c
2021-08-17 09:15:07.432 21108-21909/com.example.amplifydisposablesnullexample V/amplify:aws-datastore: SQLCommandProcessor executeExists in 0 ms inTransaction: false SQL: SELECT EXISTS(SELECT 1 FROM `PersistentModelVersion` WHERE `PersistentModelVersion`.`id` = ?);
2021-08-17 09:15:07.432 21108-21909/com.example.amplifydisposablesnullexample V/amplify:aws-datastore: Creating item in PersistentModelVersion identified by ID: 1ae1b4d0-7894-4f23-831e-ccf6c8439e1c
2021-08-17 09:15:07.433 21108-21909/com.example.amplifydisposablesnullexample V/amplify:aws-datastore: SQLCommandProcessor.bindValueToStatement(..., value = 1ae1b4d0-7894-4f23-831e-ccf6c8439e1c
2021-08-17 09:15:07.433 21108-21909/com.example.amplifydisposablesnullexample V/amplify:aws-datastore: SQLCommandProcessor.bindValueToStatement(..., value = 0be7d37f-5bfc-36e6-b5ac-80b611c0ddf1
2021-08-17 09:15:07.435 21108-21909/com.example.amplifydisposablesnullexample V/amplify:aws-datastore: SQLCommandProcessor execute in 2 ms inTransaction: false SQL: INSERT INTO `PersistentModelVersion` (`id`, `version`) VALUES (?, ?)
2021-08-17 09:15:07.435 21108-21909/com.example.amplifydisposablesnullexample D/main: Amplify DataStore clear explicitly initiated.
2021-08-17 09:15:07.435 21108-21139/com.example.amplifydisposablesnullexample D/main: clear finished
2021-08-17 09:15:07.435 21108-21139/com.example.amplifydisposablesnullexample I/amplify:bug: starting test
2021-08-17 09:15:07.435 21108-21139/com.example.amplifydisposablesnullexample D/main: init started
2021-08-17 09:15:07.440 21108-21910/com.example.amplifydisposablesnullexample D/AWSMobileClient: Inspecting user state details
2021-08-17 09:15:07.446 21108-21915/com.example.amplifydisposablesnullexample D/AWSMobileClient: Inspecting user state details
2021-08-17 09:15:07.446 21108-21915/com.example.amplifydisposablesnullexample D/AWSMobileClient: waitForSignIn: userState:SIGNED_OUT
2021-08-17 09:15:07.485 21108-21915/com.example.amplifydisposablesnullexample W/AWSMobileClient: getCredentials: Failed to getCredentials from Cognito Identity
    com.amazonaws.services.cognitoidentity.model.NotAuthorizedException: Unauthenticated access is not supported for this identity pool. (Service: AmazonCognitoIdentity; Status Code: 400; Error Code: NotAuthorizedException; Request ID: cadbfd4e-dedd-4ba7-844c-5402302ae603)
        at com.amazonaws.http.AmazonHttpClient.handleErrorResponse(AmazonHttpClient.java:742)
        at com.amazonaws.http.AmazonHttpClient.executeHelper(AmazonHttpClient.java:420)
        at com.amazonaws.http.AmazonHttpClient.execute(AmazonHttpClient.java:229)
        at com.amazonaws.services.cognitoidentity.AmazonCognitoIdentityClient.invoke(AmazonCognitoIdentityClient.java:1836)
        at com.amazonaws.services.cognitoidentity.AmazonCognitoIdentityClient.getId(AmazonCognitoIdentityClient.java:809)
        at com.amazonaws.auth.AWSAbstractCognitoIdentityProvider.getIdentityId(AWSAbstractCognitoIdentityProvider.java:172)
        at com.amazonaws.mobile.client.AWSMobileClientCognitoIdentityProvider.refresh(AWSMobileClient.java:3923)
        at com.amazonaws.auth.CognitoCredentialsProvider.startSession(CognitoCredentialsProvider.java:687)
        at com.amazonaws.auth.CognitoCredentialsProvider.getCredentials(CognitoCredentialsProvider.java:474)
        at com.amazonaws.auth.CognitoCachingCredentialsProvider.getCredentials(CognitoCachingCredentialsProvider.java:496)
        at com.amazonaws.mobile.client.AWSMobileClient.getCredentials(AWSMobileClient.java:397)
        at com.amazonaws.mobile.client.AWSMobileClient$1.run(AWSMobileClient.java:442)
        at com.amazonaws.mobile.client.AWSMobileClient$1.run(AWSMobileClient.java:439)
        at com.amazonaws.mobile.client.internal.ReturningRunnable$1.run(ReturningRunnable.java:44)
        at java.lang.Thread.run(Thread.java:919)
2021-08-17 09:15:07.489 21108-21926/com.example.amplifydisposablesnullexample W/CognitoUserSession: CognitoUserSession is not valid because idToken is null.
2021-08-17 09:15:07.489 21108-21926/com.example.amplifydisposablesnullexample D/AWSMobileClient: Sending password.
2021-08-17 09:15:07.489 21108-21926/com.example.amplifydisposablesnullexample D/AWSMobileClient: Using USER_SRP_AUTH for flow type.
2021-08-17 09:15:07.683 21108-21930/com.example.amplifydisposablesnullexample D/AWSMobileClient: Inspecting user state details
2021-08-17 09:15:07.709 21108-21935/com.example.amplifydisposablesnullexample D/AWSMobileClient: Inspecting user state details
2021-08-17 09:15:07.711 21108-21935/com.example.amplifydisposablesnullexample D/AWSMobileClient: waitForSignIn: userState:SIGNED_OUT
2021-08-17 09:15:07.779 21108-21935/com.example.amplifydisposablesnullexample W/AWSMobileClient: getCredentials: Failed to getCredentials from Cognito Identity
    com.amazonaws.services.cognitoidentity.model.NotAuthorizedException: Unauthenticated access is not supported for this identity pool. (Service: AmazonCognitoIdentity; Status Code: 400; Error Code: NotAuthorizedException; Request ID: 4fac480c-d6d7-4ce1-b150-59699d250589)
        at com.amazonaws.http.AmazonHttpClient.handleErrorResponse(AmazonHttpClient.java:742)
        at com.amazonaws.http.AmazonHttpClient.executeHelper(AmazonHttpClient.java:420)
        at com.amazonaws.http.AmazonHttpClient.execute(AmazonHttpClient.java:229)
        at com.amazonaws.services.cognitoidentity.AmazonCognitoIdentityClient.invoke(AmazonCognitoIdentityClient.java:1836)
        at com.amazonaws.services.cognitoidentity.AmazonCognitoIdentityClient.getId(AmazonCognitoIdentityClient.java:809)
        at com.amazonaws.auth.AWSAbstractCognitoIdentityProvider.getIdentityId(AWSAbstractCognitoIdentityProvider.java:172)
        at com.amazonaws.mobile.client.AWSMobileClientCognitoIdentityProvider.refresh(AWSMobileClient.java:3923)
        at com.amazonaws.auth.CognitoCredentialsProvider.startSession(CognitoCredentialsProvider.java:687)
        at com.amazonaws.auth.CognitoCredentialsProvider.getCredentials(CognitoCredentialsProvider.java:474)
        at com.amazonaws.auth.CognitoCachingCredentialsProvider.getCredentials(CognitoCachingCredentialsProvider.java:496)
        at com.amazonaws.mobile.client.AWSMobileClient.getCredentials(AWSMobileClient.java:397)
        at com.amazonaws.mobile.client.AWSMobileClient$1.run(AWSMobileClient.java:442)
        at com.amazonaws.mobile.client.AWSMobileClient$1.run(AWSMobileClient.java:439)
        at com.amazonaws.mobile.client.internal.ReturningRunnable$1.run(ReturningRunnable.java:44)
        at java.lang.Thread.run(Thread.java:919)
2021-08-17 09:15:07.797 21108-21946/com.example.amplifydisposablesnullexample W/CognitoUserSession: CognitoUserSession is not valid because idToken is null.
2021-08-17 09:15:07.797 21108-21946/com.example.amplifydisposablesnullexample D/AWSMobileClient: Sending password.
2021-08-17 09:15:07.798 21108-21946/com.example.amplifydisposablesnullexample D/AWSMobileClient: Using USER_SRP_AUTH for flow type.
2021-08-17 09:15:08.328 21108-21946/com.example.amplifydisposablesnullexample D/AWSMobileClient: _federatedSignIn: Putting provider and token in store
2021-08-17 09:15:08.362 21108-21946/com.example.amplifydisposablesnullexample D/AWSMobileClient: Inspecting user state details
2021-08-17 09:15:08.362 21108-21946/com.example.amplifydisposablesnullexample D/AWSMobileClient: hasFederatedToken: false provider: cognito-idp.us-east-1.amazonaws.com/us-east-1_4S3c9DBwC
2021-08-17 09:15:08.729 21108-21139/com.example.amplifydisposablesnullexample I/amplify:bug: SignInComplete
2021-08-17 09:15:08.730 21108-21139/com.example.amplifydisposablesnullexample D/amplify:aws-datastore: Attempting to acquire lock. Permits available = true
2021-08-17 09:15:08.730 21108-21139/com.example.amplifydisposablesnullexample I/amplify:aws-datastore: Orchestrator lock acquired.
2021-08-17 09:15:08.731 21108-21624/com.example.amplifydisposablesnullexample I/amplify:aws-datastore: Orchestrator transitioning from STOPPED to SYNC_VIA_API
2021-08-17 09:15:08.731 21108-21624/com.example.amplifydisposablesnullexample I/amplify:aws-datastore: Starting to observe local storage changes.
2021-08-17 09:15:08.733 21108-22049/com.example.amplifydisposablesnullexample V/amplify:aws-datastore: SQLCommandProcessor rawQuery in 1 ms inTransaction: false SQL: SELECT `PersistentRecord`.`id` AS `PersistentRecord_id`, `PersistentRecord`.`containedModelClassName` AS `PersistentRecord_containedModelClassName`, `PersistentRecord`.`containedModelId` AS `PersistentRecord_containedModelId`, `PersistentRecord`.`serializedMutationData` AS `PersistentRecord_serializedMutationData` FROM `PersistentRecord`;
2021-08-17 09:15:08.733 21108-22049/com.example.amplifydisposablesnullexample D/amplify:aws-datastore: Querying item for: PersistentRecord
2021-08-17 09:15:08.734 21108-22049/com.example.amplifydisposablesnullexample I/amplify:aws-datastore: Now observing local storage. Local changes will be enqueued to mutation outbox.
2021-08-17 09:15:08.734 21108-22049/com.example.amplifydisposablesnullexample I/amplify:aws-datastore: Setting currentState to LOCAL_ONLY
2021-08-17 09:15:08.735 21108-21624/com.example.amplifydisposablesnullexample I/amplify:aws-datastore: Setting currentState to SYNC_VIA_API
2021-08-17 09:15:08.735 21108-21624/com.example.amplifydisposablesnullexample D/main: Amplify DataStore sync explicitly initiated.
2021-08-17 09:15:08.735 21108-21624/com.example.amplifydisposablesnullexample I/amplify:aws-datastore: Orchestrator lock released.
2021-08-17 09:15:08.735 21108-21283/com.example.amplifydisposablesnullexample I/amplify:aws-datastore: Starting API synchronization mode.
2021-08-17 09:15:08.743 21108-21283/com.example.amplifydisposablesnullexample I/amplify:aws-datastore: Starting processing subscription events.
2021-08-17 09:15:08.743 21108-21283/com.example.amplifydisposablesnullexample D/amplify:aws-datastore: Waiting for subscriptions to start.
2021-08-17 09:15:08.756 21108-21677/com.example.amplifydisposablesnullexample D/amplify:aws-api: Requesting subscription: {"query": "subscription OnUpdateModel09($owner: String!) {\n  onUpdateModel09(owner: $owner) {\n    _deleted\n    _lastChangedAt\n    _version\n    createdAt\n    id\n    owner\n    updated\n    updatedAt\n  }\n}\n", "variables": {"owner":"e7816a1e-a3f2-4615-890b-e727214d3cbc"}}
2021-08-17 09:15:08.756 21108-21676/com.example.amplifydisposablesnullexample D/amplify:aws-api: Requesting subscription: {"query": "subscription OnDeleteModel17($owner: String!) {\n  onDeleteModel17(owner: $owner) {\n    _deleted\n    _lastChangedAt\n    _version\n    createdAt\n    id\n    owner\n    updated\n    updatedAt\n  }\n}\n", "variables": {"owner":"e7816a1e-a3f2-4615-890b-e727214d3cbc"}}
2021-08-17 09:15:08.759 21108-21675/com.example.amplifydisposablesnullexample D/amplify:aws-api: Requesting subscription: {"query": "subscription OnDeleteModel14($owner: String!) {\n  onDeleteModel14(owner: $owner) {\n    _deleted\n    _lastChangedAt\n    _version\n    createdAt\n    id\n    owner\n    updated\n    updatedAt\n  }\n}\n", "variables": {"owner":"e7816a1e-a3f2-4615-890b-e727214d3cbc"}}
2021-08-17 09:15:08.760 21108-21674/com.example.amplifydisposablesnullexample D/amplify:aws-api: Requesting subscription: {"query": "subscription OnDeleteModel16($owner: String!) {\n  onDeleteModel16(owner: $owner) {\n    _deleted\n    _lastChangedAt\n    _version\n    createdAt\n    id\n    owner\n    updated\n    updatedAt\n  }\n}\n", "variables": {"owner":"e7816a1e-a3f2-4615-890b-e727214d3cbc"}}
2021-08-17 09:15:08.762 21108-21671/com.example.amplifydisposablesnullexample D/amplify:aws-api: Requesting subscription: {"query": "subscription OnCreateModel17($owner: String!) {\n  onCreateModel17(owner: $owner) {\n    _deleted\n    _lastChangedAt\n    _version\n    createdAt\n    id\n    owner\n    updated\n    updatedAt\n  }\n}\n", "variables": {"owner":"e7816a1e-a3f2-4615-890b-e727214d3cbc"}}
2021-08-17 09:15:08.775 21108-21673/com.example.amplifydisposablesnullexample D/amplify:aws-api: Requesting subscription: {"query": "subscription OnUpdateModel05($owner: String!) {\n  onUpdateModel05(owner: $owner) {\n    _deleted\n    _lastChangedAt\n    _version\n    createdAt\n    id\n    owner\n    updated\n    updatedAt\n  }\n}\n", "variables": {"owner":"e7816a1e-a3f2-4615-890b-e727214d3cbc"}}
2021-08-17 09:15:08.785 21108-21672/com.example.amplifydisposablesnullexample D/amplify:aws-api: Requesting subscription: {"query": "subscription OnCreateModel23($owner: String!) {\n  onCreateModel23(owner: $owner) {\n    _deleted\n    _lastChangedAt\n    _version\n    createdAt\n    id\n    owner\n    updated\n    updatedAt\n  }\n}\n", "variables": {"owner":"e7816a1e-a3f2-4615-890b-e727214d3cbc"}}
2021-08-17 09:15:08.789 21108-21665/com.example.amplifydisposablesnullexample D/amplify:aws-api: Requesting subscription: {"query": "subscription OnCreateModel26($owner: String!) {\n  onCreateModel26(owner: $owner) {\n    _deleted\n    _lastChangedAt\n    _version\n    createdAt\n    id\n    owner\n    updated\n    updatedAt\n  }\n}\n", "variables": {"owner":"e7816a1e-a3f2-4615-890b-e727214d3cbc"}}
2021-08-17 09:15:08.792 21108-21666/com.example.amplifydisposablesnullexample D/amplify:aws-api: Requesting subscription: {"query": "subscription OnUpdateModel27($owner: String!) {\n  onUpdateModel27(owner: $owner) {\n    _deleted\n    _lastChangedAt\n    _version\n    createdAt\n    id\n    owner\n    updated\n    updatedAt\n  }\n}\n", "variables": {"owner":"e7816a1e-a3f2-4615-890b-e727214d3cbc"}}
2021-08-17 09:15:08.795 21108-21664/com.example.amplifydisposablesnullexample D/amplify:aws-api: Requesting subscription: {"query": "subscription OnCreateModel04($owner: String!) {\n  onCreateModel04(owner: $owner) {\n    _deleted\n    _lastChangedAt\n    _version\n    createdAt\n    id\n    owner\n    updated\n    updatedAt\n  }\n}\n", "variables": {"owner":"e7816a1e-a3f2-4615-890b-e727214d3cbc"}}
2021-08-17 09:15:08.802 21108-21667/com.example.amplifydisposablesnullexample D/amplify:aws-api: Requesting subscription: {"query": "subscription OnCreateModel16($owner: String!) {\n  onCreateModel16(owner: $owner) {\n    _deleted\n    _lastChangedAt\n    _version\n    createdAt\n    id\n    owner\n    updated\n    updatedAt\n  }\n}\n", "variables": {"owner":"e7816a1e-a3f2-4615-890b-e727214d3cbc"}}
2021-08-17 09:15:08.806 21108-21662/com.example.amplifydisposablesnullexample D/amplify:aws-api: Requesting subscription: {"query": "subscription OnDeleteModel25($owner: String!) {\n  onDeleteModel25(owner: $owner) {\n    _deleted\n    _lastChangedAt\n    _version\n    createdAt\n    id\n    owner\n    updated\n    updatedAt\n  }\n}\n", "variables": {"owner":"e7816a1e-a3f2-4615-890b-e727214d3cbc"}}
2021-08-17 09:15:08.806 21108-21661/com.example.amplifydisposablesnullexample D/amplify:aws-api: Requesting subscription: {"query": "subscription OnDeleteAmplifyBug($owner: String!) {\n  onDeleteAmplifyBug(owner: $owner) {\n    _deleted\n    _lastChangedAt\n    _version\n    createdAt\n    id\n    owner\n    updated\n    updatedAt\n  }\n}\n", "variables": {"owner":"e7816a1e-a3f2-4615-890b-e727214d3cbc"}}
2021-08-17 09:15:08.808 21108-21660/com.example.amplifydisposablesnullexample D/amplify:aws-api: Requesting subscription: {"query": "subscription OnUpdateModel07($owner: String!) {\n  onUpdateModel07(owner: $owner) {\n    _deleted\n    _lastChangedAt\n    _version\n    createdAt\n    id\n    owner\n    updated\n    updatedAt\n  }\n}\n", "variables": {"owner":"e7816a1e-a3f2-4615-890b-e727214d3cbc"}}
2021-08-17 09:15:08.810 21108-21656/com.example.amplifydisposablesnullexample D/amplify:aws-api: Requesting subscription: {"query": "subscription OnDeleteModel20($owner: String!) {\n  onDeleteModel20(owner: $owner) {\n    _deleted\n    _lastChangedAt\n    _version\n    createdAt\n    id\n    owner\n    updated\n    updatedAt\n  }\n}\n", "variables": {"owner":"e7816a1e-a3f2-4615-890b-e727214d3cbc"}}
2021-08-17 09:15:08.811 21108-21645/com.example.amplifydisposablesnullexample D/amplify:aws-api: Requesting subscription: {"query": "subscription OnUpdateModel14($owner: String!) {\n  onUpdateModel14(owner: $owner) {\n    _deleted\n    _lastChangedAt\n    _version\n    createdAt\n    id\n    owner\n    updated\n    updatedAt\n  }\n}\n", "variables": {"owner":"e7816a1e-a3f2-4615-890b-e727214d3cbc"}}
2021-08-17 09:15:08.813 21108-21643/com.example.amplifydisposablesnullexample D/amplify:aws-api: Requesting subscription: {"query": "subscription OnCreateModel02($owner: String!) {\n  onCreateModel02(owner: $owner) {\n    _deleted\n    _lastChangedAt\n    _version\n    createdAt\n    id\n    owner\n    updated\n    updatedAt\n  }\n}\n", "variables": {"owner":"e7816a1e-a3f2-4615-890b-e727214d3cbc"}}
2021-08-17 09:15:08.814 21108-21641/com.example.amplifydisposablesnullexample D/amplify:aws-api: Requesting subscription: {"query": "subscription OnCreateModel20($owner: String!) {\n  onCreateModel20(owner: $owner) {\n    _deleted\n    _lastChangedAt\n    _version\n    createdAt\n    id\n    owner\n    updated\n    updatedAt\n  }\n}\n", "variables": {"owner":"e7816a1e-a3f2-4615-890b-e727214d3cbc"}}
2021-08-17 09:15:08.816 21108-21637/com.example.amplifydisposablesnullexample D/amplify:aws-api: Requesting subscription: {"query": "subscription OnCreateAmplifyBug($owner: String!) {\n  onCreateAmplifyBug(owner: $owner) {\n    _deleted\n    _lastChangedAt\n    _version\n    createdAt\n    id\n    owner\n    updated\n    updatedAt\n  }\n}\n", "variables": {"owner":"e7816a1e-a3f2-4615-890b-e727214d3cbc"}}
2021-08-17 09:15:08.817 21108-21638/com.example.amplifydisposablesnullexample D/amplify:aws-api: Requesting subscription: {"query": "subscription OnUpdateModel12($owner: String!) {\n  onUpdateModel12(owner: $owner) {\n    _deleted\n    _lastChangedAt\n    _version\n    createdAt\n    id\n    owner\n    updated\n    updatedAt\n  }\n}\n", "variables": {"owner":"e7816a1e-a3f2-4615-890b-e727214d3cbc"}}
2021-08-17 09:15:08.818 21108-21633/com.example.amplifydisposablesnullexample D/amplify:aws-api: Requesting subscription: {"query": "subscription OnCreateModel6($owner: String!) {\n  onCreateModel6(owner: $owner) {\n    _deleted\n    _lastChangedAt\n    _version\n    createdAt\n    id\n    owner\n    updated\n    updatedAt\n  }\n}\n", "variables": {"owner":"e7816a1e-a3f2-4615-890b-e727214d3cbc"}}
2021-08-17 09:15:08.821 21108-21632/com.example.amplifydisposablesnullexample D/amplify:aws-api: Requesting subscription: {"query": "subscription OnCreateModel18($owner: String!) {\n  onCreateModel18(owner: $owner) {\n    _deleted\n    _lastChangedAt\n    _version\n    createdAt\n    id\n    owner\n    updated\n    updatedAt\n  }\n}\n", "variables": {"owner":"e7816a1e-a3f2-4615-890b-e727214d3cbc"}}
2021-08-17 09:15:08.824 21108-21628/com.example.amplifydisposablesnullexample D/amplify:aws-api: Requesting subscription: {"query": "subscription OnCreateModel12($owner: String!) {\n  onCreateModel12(owner: $owner) {\n    _deleted\n    _lastChangedAt\n    _version\n    createdAt\n    id\n    owner\n    updated\n    updatedAt\n  }\n}\n", "variables": {"owner":"e7816a1e-a3f2-4615-890b-e727214d3cbc"}}
2021-08-17 09:15:08.828 21108-21627/com.example.amplifydisposablesnullexample D/amplify:aws-api: Requesting subscription: {"query": "subscription OnUpdateModel10($owner: String!) {\n  onUpdateModel10(owner: $owner) {\n    _deleted\n    _lastChangedAt\n    _version\n    createdAt\n    id\n    owner\n    updated\n    updatedAt\n  }\n}\n", "variables": {"owner":"e7816a1e-a3f2-4615-890b-e727214d3cbc"}}
2021-08-17 09:15:08.829 21108-21630/com.example.amplifydisposablesnullexample D/amplify:aws-api: Requesting subscription: {"query": "subscription OnDeleteModel22($owner: String!) {\n  onDeleteModel22(owner: $owner) {\n    _deleted\n    _lastChangedAt\n    _version\n    createdAt\n    id\n    owner\n    updated\n    updatedAt\n  }\n}\n", "variables": {"owner":"e7816a1e-a3f2-4615-890b-e727214d3cbc"}}
2021-08-17 09:15:08.831 21108-21620/com.example.amplifydisposablesnullexample D/amplify:aws-api: Requesting subscription: {"query": "subscription OnUpdateModel17($owner: String!) {\n  onUpdateModel17(owner: $owner) {\n    _deleted\n    _lastChangedAt\n    _version\n    createdAt\n    id\n    owner\n    updated\n    updatedAt\n  }\n}\n", "variables": {"owner":"e7816a1e-a3f2-4615-890b-e727214d3cbc"}}
2021-08-17 09:15:08.832 21108-21616/com.example.amplifydisposablesnullexample D/amplify:aws-api: Requesting subscription: {"query": "subscription OnUpdateModel28($owner: String!) {\n  onUpdateModel28(owner: $owner) {\n    _deleted\n    _lastChangedAt\n    _version\n    createdAt\n    id\n    owner\n    updated\n    updatedAt\n  }\n}\n", "variables": {"owner":"e7816a1e-a3f2-4615-890b-e727214d3cbc"}}
2021-08-17 09:15:08.835 21108-21622/com.example.amplifydisposablesnullexample D/amplify:aws-api: Requesting subscription: {"query": "subscription OnUpdateModel15($owner: String!) {\n  onUpdateModel15(owner: $owner) {\n    _deleted\n    _lastChangedAt\n    _version\n    createdAt\n    id\n    owner\n    updated\n    updatedAt\n  }\n}\n", "variables": {"owner":"e7816a1e-a3f2-4615-890b-e727214d3cbc"}}
2021-08-17 09:15:08.839 21108-21612/com.example.amplifydisposablesnullexample D/amplify:aws-api: Requesting subscription: {"query": "subscription OnUpdateModel22($owner: String!) {\n  onUpdateModel22(owner: $owner) {\n    _deleted\n    _lastChangedAt\n    _version\n    createdAt\n    id\n    owner\n    updated\n    updatedAt\n  }\n}\n", "variables": {"owner":"e7816a1e-a3f2-4615-890b-e727214d3cbc"}}
2021-08-17 09:15:08.840 21108-21605/com.example.amplifydisposablesnullexample D/amplify:aws-api: Requesting subscription: {"query": "subscription OnUpdateModel20($owner: String!) {\n  onUpdateModel20(owner: $owner) {\n    _deleted\n    _lastChangedAt\n    _version\n    createdAt\n    id\n    owner\n    updated\n    updatedAt\n  }\n}\n", "variables": {"owner":"e7816a1e-a3f2-4615-890b-e727214d3cbc"}}
2021-08-17 09:15:08.841 21108-21608/com.example.amplifydisposablesnullexample D/amplify:aws-api: Requesting subscription: {"query": "subscription OnDeleteModel03($owner: String!) {\n  onDeleteModel03(owner: $owner) {\n    _deleted\n    _lastChangedAt\n    _version\n    createdAt\n    id\n    owner\n    updated\n    updatedAt\n  }\n}\n", "variables": {"owner":"e7816a1e-a3f2-4615-890b-e727214d3cbc"}}
2021-08-17 09:15:08.842 21108-21609/com.example.amplifydisposablesnullexample D/amplify:aws-api: Requesting subscription: {"query": "subscription OnUpdateModel6($owner: String!) {\n  onUpdateModel6(owner: $owner) {\n    _deleted\n    _lastChangedAt\n    _version\n    createdAt\n    id\n    owner\n    updated\n    updatedAt\n  }\n}\n", "variables": {"owner":"e7816a1e-a3f2-4615-890b-e727214d3cbc"}}
2021-08-17 09:15:08.843 21108-21602/com.example.amplifydisposablesnullexample D/amplify:aws-api: Requesting subscription: {"query": "subscription OnDeleteModel12($owner: String!) {\n  onDeleteModel12(owner: $owner) {\n    _deleted\n    _lastChangedAt\n    _version\n    createdAt\n    id\n    owner\n    updated\n    updatedAt\n  }\n}\n", "variables": {"owner":"e7816a1e-a3f2-4615-890b-e727214d3cbc"}}
2021-08-17 09:15:08.847 21108-21601/com.example.amplifydisposablesnullexample D/amplify:aws-api: Requesting subscription: {"query": "subscription OnUpdateModel19($owner: String!) {\n  onUpdateModel19(owner: $owner) {\n    _deleted\n    _lastChangedAt\n    _version\n    createdAt\n    id\n    owner\n    updated\n    updatedAt\n  }\n}\n", "variables": {"owner":"e7816a1e-a3f2-4615-890b-e727214d3cbc"}}
2021-08-17 09:15:08.853 21108-21599/com.example.amplifydisposablesnullexample D/amplify:aws-api: Requesting subscription: {"query": "subscription OnDeleteModel18($owner: String!) {\n  onDeleteModel18(owner: $owner) {\n    _deleted\n    _lastChangedAt\n    _version\n    createdAt\n    id\n    owner\n    updated\n    updatedAt\n  }\n}\n", "variables": {"owner":"e7816a1e-a3f2-4615-890b-e727214d3cbc"}}
2021-08-17 09:15:08.855 21108-21596/com.example.amplifydisposablesnullexample D/amplify:aws-api: Requesting subscription: {"query": "subscription OnUpdateModel23($owner: String!) {\n  onUpdateModel23(owner: $owner) {\n    _deleted\n    _lastChangedAt\n    _version\n    createdAt\n    id\n    owner\n    updated\n    updatedAt\n  }\n}\n", "variables": {"owner":"e7816a1e-a3f2-4615-890b-e727214d3cbc"}}
2021-08-17 09:15:08.861 21108-21590/com.example.amplifydisposablesnullexample D/amplify:aws-api: Requesting subscription: {"query": "subscription OnDeleteModel10($owner: String!) {\n  onDeleteModel10(owner: $owner) {\n    _deleted\n    _lastChangedAt\n    _version\n    createdAt\n    id\n    owner\n    updated\n    updatedAt\n  }\n}\n", "variables": {"owner":"e7816a1e-a3f2-4615-890b-e727214d3cbc"}}
2021-08-17 09:15:08.868 21108-21593/com.example.amplifydisposablesnullexample D/amplify:aws-api: Requesting subscription: {"query": "subscription OnCreateModel21($owner: String!) {\n  onCreateModel21(owner: $owner) {\n    _deleted\n    _lastChangedAt\n    _version\n    createdAt\n    id\n    owner\n    updated\n    updatedAt\n  }\n}\n", "variables": {"owner":"e7816a1e-a3f2-4615-890b-e727214d3cbc"}}
2021-08-17 09:15:08.869 21108-21582/com.example.amplifydisposablesnullexample D/amplify:aws-api: Requesting subscription: {"query": "subscription OnUpdateModel11($owner: String!) {\n  onUpdateModel11(owner: $owner) {\n    _deleted\n    _lastChangedAt\n    _version\n    createdAt\n    id\n    owner\n    updated\n    updatedAt\n  }\n}\n", "variables": {"owner":"e7816a1e-a3f2-4615-890b-e727214d3cbc"}}
2021-08-17 09:15:08.870 21108-21583/com.example.amplifydisposablesnullexample D/amplify:aws-api: Requesting subscription: {"query": "subscription OnUpdateModel04($owner: String!) {\n  onUpdateModel04(owner: $owner) {\n    _deleted\n    _lastChangedAt\n    _version\n    createdAt\n    id\n    owner\n    updated\n    updatedAt\n  }\n}\n", "variables": {"owner":"e7816a1e-a3f2-4615-890b-e727214d3cbc"}}
2021-08-17 09:15:08.872 21108-21575/com.example.amplifydisposablesnullexample D/amplify:aws-api: Requesting subscription: {"query": "subscription OnCreateModel10($owner: String!) {\n  onCreateModel10(owner: $owner) {\n    _deleted\n    _lastChangedAt\n    _version\n    createdAt\n    id\n    owner\n    updated\n    updatedAt\n  }\n}\n", "variables": {"owner":"e7816a1e-a3f2-4615-890b-e727214d3cbc"}}
2021-08-17 09:15:08.875 21108-21584/com.example.amplifydisposablesnullexample D/amplify:aws-api: Requesting subscription: {"query": "subscription OnUpdateModel18($owner: String!) {\n  onUpdateModel18(owner: $owner) {\n    _deleted\n    _lastChangedAt\n    _version\n    createdAt\n    id\n    owner\n    updated\n    updatedAt\n  }\n}\n", "variables": {"owner":"e7816a1e-a3f2-4615-890b-e727214d3cbc"}}
2021-08-17 09:15:08.878 21108-21574/com.example.amplifydisposablesnullexample D/amplify:aws-api: Requesting subscription: {"query": "subscription OnCreateModel06($owner: String!) {\n  onCreateModel06(owner: $owner) {\n    _deleted\n    _lastChangedAt\n    _version\n    createdAt\n    id\n    owner\n    updated\n    updatedAt\n  }\n}\n", "variables": {"owner":"e7816a1e-a3f2-4615-890b-e727214d3cbc"}}
2021-08-17 09:15:08.878 21108-21566/com.example.amplifydisposablesnullexample D/amplify:aws-api: Requesting subscription: {"query": "subscription OnCreateModel05($owner: String!) {\n  onCreateModel05(owner: $owner) {\n    _deleted\n    _lastChangedAt\n    _version\n    createdAt\n    id\n    owner\n    updated\n    updatedAt\n  }\n}\n", "variables": {"owner":"e7816a1e-a3f2-4615-890b-e727214d3cbc"}}
2021-08-17 09:15:08.878 21108-21572/com.example.amplifydisposablesnullexample D/amplify:aws-api: Requesting subscription: {"query": "subscription OnUpdateModel24($owner: String!) {\n  onUpdateModel24(owner: $owner) {\n    _deleted\n    _lastChangedAt\n    _version\n    createdAt\n    id\n    owner\n    updated\n    updatedAt\n  }\n}\n", "variables": {"owner":"e7816a1e-a3f2-4615-890b-e727214d3cbc"}}
2021-08-17 09:15:08.883 21108-21569/com.example.amplifydisposablesnullexample D/amplify:aws-api: Requesting subscription: {"query": "subscription OnDeleteModel28($owner: String!) {\n  onDeleteModel28(owner: $owner) {\n    _deleted\n    _lastChangedAt\n    _version\n    createdAt\n    id\n    owner\n    updated\n    updatedAt\n  }\n}\n", "variables": {"owner":"e7816a1e-a3f2-4615-890b-e727214d3cbc"}}
2021-08-17 09:15:08.885 21108-21565/com.example.amplifydisposablesnullexample D/amplify:aws-api: Requesting subscription: {"query": "subscription OnCreateModel11($owner: String!) {\n  onCreateModel11(owner: $owner) {\n    _deleted\n    _lastChangedAt\n    _version\n    createdAt\n    id\n    owner\n    updated\n    updatedAt\n  }\n}\n", "variables": {"owner":"e7816a1e-a3f2-4615-890b-e727214d3cbc"}}
2021-08-17 09:15:08.887 21108-21564/com.example.amplifydisposablesnullexample D/amplify:aws-api: Requesting subscription: {"query": "subscription OnUpdateModel02($owner: String!) {\n  onUpdateModel02(owner: $owner) {\n    _deleted\n    _lastChangedAt\n    _version\n    createdAt\n    id\n    owner\n    updated\n    updatedAt\n  }\n}\n", "variables": {"owner":"e7816a1e-a3f2-4615-890b-e727214d3cbc"}}
2021-08-17 09:15:08.891 21108-21562/com.example.amplifydisposablesnullexample D/amplify:aws-api: Requesting subscription: {"query": "subscription OnUpdateAmplifyBug($owner: String!) {\n  onUpdateAmplifyBug(owner: $owner) {\n    _deleted\n    _lastChangedAt\n    _version\n    createdAt\n    id\n    owner\n    updated\n    updatedAt\n  }\n}\n", "variables": {"owner":"e7816a1e-a3f2-4615-890b-e727214d3cbc"}}
2021-08-17 09:15:08.894 21108-21557/com.example.amplifydisposablesnullexample D/amplify:aws-api: Requesting subscription: {"query": "subscription OnDeleteModel04($owner: String!) {\n  onDeleteModel04(owner: $owner) {\n    _deleted\n    _lastChangedAt\n    _version\n    createdAt\n    id\n    owner\n    updated\n    updatedAt\n  }\n}\n", "variables": {"owner":"e7816a1e-a3f2-4615-890b-e727214d3cbc"}}
2021-08-17 09:15:08.894 21108-21556/com.example.amplifydisposablesnullexample D/amplify:aws-api: Requesting subscription: {"query": "subscription OnDeleteModel21($owner: String!) {\n  onDeleteModel21(owner: $owner) {\n    _deleted\n    _lastChangedAt\n    _version\n    createdAt\n    id\n    owner\n    updated\n    updatedAt\n  }\n}\n", "variables": {"owner":"e7816a1e-a3f2-4615-890b-e727214d3cbc"}}
2021-08-17 09:15:08.896 21108-21550/com.example.amplifydisposablesnullexample D/amplify:aws-api: Requesting subscription: {"query": "subscription OnCreateModel13($owner: String!) {\n  onCreateModel13(owner: $owner) {\n    _deleted\n    _lastChangedAt\n    _version\n    createdAt\n    id\n    owner\n    updated\n    updatedAt\n  }\n}\n", "variables": {"owner":"e7816a1e-a3f2-4615-890b-e727214d3cbc"}}
2021-08-17 09:15:08.896 21108-21546/com.example.amplifydisposablesnullexample D/amplify:aws-api: Requesting subscription: {"query": "subscription OnCreateModel28($owner: String!) {\n  onCreateModel28(owner: $owner) {\n    _deleted\n    _lastChangedAt\n    _version\n    createdAt\n    id\n    owner\n    updated\n    updatedAt\n  }\n}\n", "variables": {"owner":"e7816a1e-a3f2-4615-890b-e727214d3cbc"}}
2021-08-17 09:15:08.898 21108-21538/com.example.amplifydisposablesnullexample D/amplify:aws-api: Requesting subscription: {"query": "subscription OnDeleteModel07($owner: String!) {\n  onDeleteModel07(owner: $owner) {\n    _deleted\n    _lastChangedAt\n    _version\n    createdAt\n    id\n    owner\n    updated\n    updatedAt\n  }\n}\n", "variables": {"owner":"e7816a1e-a3f2-4615-890b-e727214d3cbc"}}
2021-08-17 09:15:08.899 21108-21542/com.example.amplifydisposablesnullexample D/amplify:aws-api: Requesting subscription: {"query": "subscription OnDeleteModel6($owner: String!) {\n  onDeleteModel6(owner: $owner) {\n    _deleted\n    _lastChangedAt\n    _version\n    createdAt\n    id\n    owner\n    updated\n    updatedAt\n  }\n}\n", "variables": {"owner":"e7816a1e-a3f2-4615-890b-e727214d3cbc"}}
2021-08-17 09:15:08.900 21108-21545/com.example.amplifydisposablesnullexample D/amplify:aws-api: Requesting subscription: {"query": "subscription OnDeleteModel09($owner: String!) {\n  onDeleteModel09(owner: $owner) {\n    _deleted\n    _lastChangedAt\n    _version\n    createdAt\n    id\n    owner\n    updated\n    updatedAt\n  }\n}\n", "variables": {"owner":"e7816a1e-a3f2-4615-890b-e727214d3cbc"}}
2021-08-17 09:15:08.901 21108-21531/com.example.amplifydisposablesnullexample D/amplify:aws-api: Requesting subscription: {"query": "subscription OnDeleteModel24($owner: String!) {\n  onDeleteModel24(owner: $owner) {\n    _deleted\n    _lastChangedAt\n    _version\n    createdAt\n    id\n    owner\n    updated\n    updatedAt\n  }\n}\n", "variables": {"owner":"e7816a1e-a3f2-4615-890b-e727214d3cbc"}}
2021-08-17 09:15:08.901 21108-21534/com.example.amplifydisposablesnullexample D/amplify:aws-api: Requesting subscription: {"query": "subscription OnCreateModel27($owner: String!) {\n  onCreateModel27(owner: $owner) {\n    _deleted\n    _lastChangedAt\n    _version\n    createdAt\n    id\n    owner\n    updated\n    updatedAt\n  }\n}\n", "variables": {"owner":"e7816a1e-a3f2-4615-890b-e727214d3cbc"}}
2021-08-17 09:15:08.901 21108-21532/com.example.amplifydisposablesnullexample D/amplify:aws-api: Requesting subscription: {"query": "subscription OnUpdateModel16($owner: String!) {\n  onUpdateModel16(owner: $owner) {\n    _deleted\n    _lastChangedAt\n    _version\n    createdAt\n    id\n    owner\n    updated\n    updatedAt\n  }\n}\n", "variables": {"owner":"e7816a1e-a3f2-4615-890b-e727214d3cbc"}}
2021-08-17 09:15:08.902 21108-21533/com.example.amplifydisposablesnullexample D/amplify:aws-api: Requesting subscription: {"query": "subscription OnUpdateModel21($owner: String!) {\n  onUpdateModel21(owner: $owner) {\n    _deleted\n    _lastChangedAt\n    _version\n    createdAt\n    id\n    owner\n    updated\n    updatedAt\n  }\n}\n", "variables": {"owner":"e7816a1e-a3f2-4615-890b-e727214d3cbc"}}
2021-08-17 09:15:08.902 21108-21530/com.example.amplifydisposablesnullexample D/amplify:aws-api: Requesting subscription: {"query": "subscription OnUpdateModel26($owner: String!) {\n  onUpdateModel26(owner: $owner) {\n    _deleted\n    _lastChangedAt\n    _version\n    createdAt\n    id\n    owner\n    updated\n    updatedAt\n  }\n}\n", "variables": {"owner":"e7816a1e-a3f2-4615-890b-e727214d3cbc"}}
