2021-08-17 09:15:28.673 21108-22350/com.example.amplifydisposablesnullexample V/amplify:aws-datastore: SQLCommandProcessor.bindValueToStatement(..., value = {"modelSchema":{"associations":{},"authRules":[{"authProvider":"USER_POOLS","authStrategy":"OWNER","groupClaim":"","groups":[],"groupsField":"","identityClaim":"cognito:username","operations":["CREATE","UPDATE","DELETE","READ"],"ownerField":"owner"}],"fields":{"createdAt":{"authRules":[],"isArray":false,"isEnum":false,"isModel":false,"isReadOnly":true,"isRequired":false,"javaClassForValue":"com.amplifyframework.core.model.temporal.Temporal$DateTime","name":"createdAt","targetType":"AWSDateTime"},"id":{"authRules":[],"isArray":false,"isEnum":false,"isModel":false,"isReadOnly":false,"isRequired":true,"javaClassForValue":"java.lang.String","name":"id","targetType":"ID"},"updated":{"authRules":[],"isArray":false,"isEnum":false,"isModel":false,"isReadOnly":false,"isRequired":true,"javaClassForValue":"java.lang.Boolean","name":"updated","targetType":"Boolean"},"updatedAt":{"authRules":[],"isArray":false,"isEnum":false,"isModel":false,"isReadOnly":true,"isRequired":false,"javaClassForValue":"com.amplifyframework.core.model.temporal.Temporal$DateTime","name":"updatedAt","targetType":"AWSDateTime"}},"indexes":{},"modelClass":"com.amplifyframework.datastore.generated.model.AmplifyBug","name":"AmplifyBug","pluralName":"AmplifyBugs"},"mutatedItem":{"id":"528d9fc3-bb07-49bd-b7fa-deb6072be077","modelSchema":{"associations":{},"authRules":[{"authProvider":"USER_POOLS","authStrategy":"OWNER","groupClaim":"","groups":[],"groupsField":"","identityClaim":"cognito:username","operations":["CREATE","UPDATE","DELETE","READ"],"ownerField":"owner"}],"fields":{"createdAt":{"authRules":[],"isArray":false,"isEnum":false,"isModel":false,"isReadOnly":true,"isRequired":false,"javaClassForValue":"com.amplifyframework.core.model.temporal.Temporal$DateTime","name":"createdAt","targetType":"AWSDateTime"},"id":{"authRules":[],"isArray":false,"isEnum":false,"isModel":false,"isReadOnly":false,"isRequired":true,"javaClassForValue":"java.lang.String","name":"id","targetType":"ID"},"updated":{"authRules":[],"isArray":false,"isEnum":false,"isModel":false,"isReadOnly":false,"isRequired":true,"javaClassForValue":"java.lang.Boolean","name":"updated","targetType":"Boolean"},"updatedAt":{"authRules":[],"isArray":false,"isEnum":false,"isModel":false,"isReadOnly":true,"isRequired":false,"javaClassForValue":"com.amplifyframework.core.model.temporal.Temporal$DateTime","name":"updatedAt","targetType":"AWSDateTime"}},"indexes":{},"modelClass":"com.amplifyframework.datastore.generated.model.AmplifyBug","name":"AmplifyBug","pluralName":"AmplifyBugs"},"serializedData":{"createdAt":null,"id":"528d9fc3-bb07-49bd-b7fa-deb6072be077","updated":false,"updatedAt":null}},"mutationId":3127b824-ff5d-11eb-9938-4f45123b3330,"mutationType":"CREATE","predicate":{"_type":"ALL"}}
2021-08-17 09:15:28.678 21108-22350/com.example.amplifydisposablesnullexample V/amplify:aws-datastore: SQLCommandProcessor execute in 5 ms inTransaction: false SQL: INSERT INTO `PersistentRecord` (`id`, `containedModelClassName`, `containedModelId`, `serializedMutationData`) VALUES (?, ?, ?, ?)
2021-08-17 09:15:28.678 21108-22351/com.example.amplifydisposablesnullexample V/amplify:aws-datastore: SQLCommandProcessor rawQuery in 5 ms inTransaction: false SQL: SELECT `AmplifyBug`.`id` AS `AmplifyBug_id`, `AmplifyBug`.`createdAt` AS `AmplifyBug_createdAt`, `AmplifyBug`.`updated` AS `AmplifyBug_updated`, `AmplifyBug`.`updatedAt` AS `AmplifyBug_updatedAt` FROM `AmplifyBug` WHERE `AmplifyBug`.`id` = ?;
2021-08-17 09:15:28.678 21108-22351/com.example.amplifydisposablesnullexample D/amplify:aws-datastore: Querying item for: AmplifyBug
2021-08-17 09:15:28.678 21108-22350/com.example.amplifydisposablesnullexample I/amplify:aws-datastore: Successfully enqueued PendingMutation{mutatedItem=SerializedModel{id='528d9fc3-bb07-49bd-b7fa-deb6072be077', serializedData={createdAt=null, id=528d9fc3-bb07-49bd-b7fa-deb6072be077, updated=false, updatedAt=null}, modelName=AmplifyBug}, mutationType=CREATE, mutationId=3127b824-ff5d-11eb-9938-4f45123b3330, predicate=MatchAllQueryPredicate}
2021-08-17 09:15:28.681 21108-21433/com.example.amplifydisposablesnullexample D/amplify:aws-api: Request: {"query": "mutation CreateAmplifyBug($input: CreateAmplifyBugInput!) {\n  createAmplifyBug(input: $input) {\n    _deleted\n    _lastChangedAt\n    _version\n    createdAt\n    id\n    owner\n    updated\n    updatedAt\n  }\n}\n", "variables": {"input":{"updated":false,"id":"528d9fc3-bb07-49bd-b7fa-deb6072be077"}}}
2021-08-17 09:15:28.682 21108-22351/com.example.amplifydisposablesnullexample V/amplify:aws-datastore: Attempt to convert value "528d9fc3-bb07-49bd-b7fa-deb6072be077" from field id of type ID in model AmplifyBug
2021-08-17 09:15:28.682 21108-22351/com.example.amplifydisposablesnullexample V/amplify:aws-datastore: Attempt to convert value "0" from field updated of type Boolean in model AmplifyBug
2021-08-17 09:15:28.688 21108-22349/com.example.amplifydisposablesnullexample V/amplify:aws-datastore: Updating item in AmplifyBug identified by ID: 528d9fc3-bb07-49bd-b7fa-deb6072be077
2021-08-17 09:15:28.689 21108-22349/com.example.amplifydisposablesnullexample V/amplify:aws-datastore: SQLCommandProcessor.bindValueToStatement(..., value = 528d9fc3-bb07-49bd-b7fa-deb6072be077
2021-08-17 09:15:28.689 21108-22349/com.example.amplifydisposablesnullexample V/amplify:aws-datastore: SQLCommandProcessor.bindValueToStatement(..., value = null
2021-08-17 09:15:28.689 21108-22349/com.example.amplifydisposablesnullexample V/amplify:aws-datastore: SQLCommandProcessor.bindValueToStatement(..., value = 1
2021-08-17 09:15:28.689 21108-22349/com.example.amplifydisposablesnullexample V/amplify:aws-datastore: SQLCommandProcessor.bindValueToStatement(..., value = null
2021-08-17 09:15:28.690 21108-22349/com.example.amplifydisposablesnullexample V/amplify:aws-datastore: SQLCommandProcessor.bindValueToStatement(..., value = 528d9fc3-bb07-49bd-b7fa-deb6072be077
2021-08-17 09:15:28.693 21108-22349/com.example.amplifydisposablesnullexample V/amplify:aws-datastore: SQLCommandProcessor execute in 5 ms inTransaction: false SQL: UPDATE `AmplifyBug` SET `id` = ?, `createdAt` = ?, `updated` = ?, `updatedAt` = ? WHERE `AmplifyBug`.`id` = ?;
2021-08-17 09:15:28.693 21108-22349/com.example.amplifydisposablesnullexample I/amplify:bug: Bump
2021-08-17 09:15:28.693 21108-22349/com.example.amplifydisposablesnullexample I/amplify:bug: Bump
2021-08-17 09:15:28.801 21108-22353/com.example.amplifydisposablesnullexample V/amplify:aws-datastore: SQLCommandProcessor.bindValueToStatement(..., value = 3127b824-ff5d-11eb-9938-4f45123b3330
2021-08-17 09:15:28.801 21108-22353/com.example.amplifydisposablesnullexample V/amplify:aws-datastore: SQLCommandProcessor executeExists in 1 ms inTransaction: false SQL: SELECT EXISTS(SELECT 1 FROM `PersistentRecord` WHERE `PersistentRecord`.`id` = ?);
2021-08-17 09:15:28.802 21108-22353/com.example.amplifydisposablesnullexample V/amplify:aws-datastore: Deleting item in PersistentRecord identified by ID: 3127b824-ff5d-11eb-9938-4f45123b3330
2021-08-17 09:15:28.803 21108-22353/com.example.amplifydisposablesnullexample V/amplify:aws-datastore: SQLCommandProcessor.bindValueToStatement(..., value = 3127b824-ff5d-11eb-9938-4f45123b3330
2021-08-17 09:15:28.813 21108-22353/com.example.amplifydisposablesnullexample V/amplify:aws-datastore: SQLCommandProcessor execute in 11 ms inTransaction: false SQL: DELETE FROM `PersistentRecord` WHERE `PersistentRecord`.`id` = ?;
2021-08-17 09:15:28.814 21108-22353/com.example.amplifydisposablesnullexample I/amplify:aws-datastore: Successfully removed from mutations outboxPendingMutation{mutatedItem=SerializedModel{id='528d9fc3-bb07-49bd-b7fa-deb6072be077', serializedData={createdAt=null, id=528d9fc3-bb07-49bd-b7fa-deb6072be077, updated=false, updatedAt=null}, modelName=AmplifyBug}, mutationType=CREATE, mutationId=3127b824-ff5d-11eb-9938-4f45123b3330, predicate=MatchAllQueryPredicate}
2021-08-17 09:15:28.819 21108-22354/com.example.amplifydisposablesnullexample V/amplify:aws-datastore: SQLCommandProcessor rawQuery in 0 ms inTransaction: false SQL: SELECT `ModelMetadata`.`id` AS `ModelMetadata_id`, `ModelMetadata`.`_deleted` AS `ModelMetadata__deleted`, `ModelMetadata`.`_lastChangedAt` AS `ModelMetadata__lastChangedAt`, `ModelMetadata`.`_version` AS `ModelMetadata__version` FROM `ModelMetadata` WHERE id = ? LIMIT ? OFFSET ?;
2021-08-17 09:15:28.819 21108-22354/com.example.amplifydisposablesnullexample D/amplify:aws-datastore: Querying item for: ModelMetadata
2021-08-17 09:15:28.824 21108-22355/com.example.amplifydisposablesnullexample V/amplify:aws-datastore: SQLCommandProcessor.bindValueToStatement(..., value = 528d9fc3-bb07-49bd-b7fa-deb6072be077
2021-08-17 09:15:28.824 21108-22355/com.example.amplifydisposablesnullexample V/amplify:aws-datastore: SQLCommandProcessor executeExists in 1 ms inTransaction: false SQL: SELECT EXISTS(SELECT 1 FROM `AmplifyBug` WHERE `AmplifyBug`.`id` = ?);
2021-08-17 09:15:28.824 21108-22355/com.example.amplifydisposablesnullexample V/amplify:aws-datastore: Updating item in AmplifyBug identified by ID: 528d9fc3-bb07-49bd-b7fa-deb6072be077
2021-08-17 09:15:28.826 21108-22355/com.example.amplifydisposablesnullexample V/amplify:aws-datastore: SQLCommandProcessor.bindValueToStatement(..., value = 528d9fc3-bb07-49bd-b7fa-deb6072be077
2021-08-17 09:15:28.826 21108-22355/com.example.amplifydisposablesnullexample V/amplify:aws-datastore: SQLCommandProcessor.bindValueToStatement(..., value = 2021-08-17T13:15:29.135Z
2021-08-17 09:15:28.826 21108-22355/com.example.amplifydisposablesnullexample V/amplify:aws-datastore: SQLCommandProcessor.bindValueToStatement(..., value = 0
2021-08-17 09:15:28.826 21108-22355/com.example.amplifydisposablesnullexample V/amplify:aws-datastore: SQLCommandProcessor.bindValueToStatement(..., value = 2021-08-17T13:15:29.135Z
2021-08-17 09:15:28.826 21108-22355/com.example.amplifydisposablesnullexample V/amplify:aws-datastore: SQLCommandProcessor.bindValueToStatement(..., value = 528d9fc3-bb07-49bd-b7fa-deb6072be077
2021-08-17 09:15:28.832 21108-22355/com.example.amplifydisposablesnullexample V/amplify:aws-datastore: SQLCommandProcessor execute in 6 ms inTransaction: false SQL: UPDATE `AmplifyBug` SET `id` = ?, `createdAt` = ?, `updated` = ?, `updatedAt` = ? WHERE `AmplifyBug`.`id` = ?;
2021-08-17 09:15:28.832 21108-22355/com.example.amplifydisposablesnullexample I/amplify:bug: Bump
2021-08-17 09:15:28.832 21108-22355/com.example.amplifydisposablesnullexample I/amplify:bug: Bump
2021-08-17 09:15:28.834 21108-22356/com.example.amplifydisposablesnullexample V/amplify:aws-datastore: SQLCommandProcessor.bindValueToStatement(..., value = 528d9fc3-bb07-49bd-b7fa-deb6072be077
2021-08-17 09:15:28.834 21108-22356/com.example.amplifydisposablesnullexample V/amplify:aws-datastore: SQLCommandProcessor executeExists in 0 ms inTransaction: false SQL: SELECT EXISTS(SELECT 1 FROM `ModelMetadata` WHERE `ModelMetadata`.`id` = ?);
2021-08-17 09:15:28.834 21108-22356/com.example.amplifydisposablesnullexample V/amplify:aws-datastore: Creating item in ModelMetadata identified by ID: 528d9fc3-bb07-49bd-b7fa-deb6072be077
2021-08-17 09:15:28.835 21108-22356/com.example.amplifydisposablesnullexample V/amplify:aws-datastore: Could not find get_deleted() on com.amplifyframework.datastore.appsync.ModelMetadata. Fallback to direct field access.
2021-08-17 09:15:28.835 21108-22356/com.example.amplifydisposablesnullexample V/amplify:aws-datastore: Could not find get_lastChangedAt() on com.amplifyframework.datastore.appsync.ModelMetadata. Fallback to direct field access.
2021-08-17 09:15:28.835 21108-22356/com.example.amplifydisposablesnullexample V/amplify:aws-datastore: Could not find get_version() on com.amplifyframework.datastore.appsync.ModelMetadata. Fallback to direct field access.
2021-08-17 09:15:28.836 21108-22356/com.example.amplifydisposablesnullexample V/amplify:aws-datastore: SQLCommandProcessor.bindValueToStatement(..., value = 528d9fc3-bb07-49bd-b7fa-deb6072be077
2021-08-17 09:15:28.836 21108-22356/com.example.amplifydisposablesnullexample V/amplify:aws-datastore: SQLCommandProcessor.bindValueToStatement(..., value = null
2021-08-17 09:15:28.836 21108-22356/com.example.amplifydisposablesnullexample V/amplify:aws-datastore: SQLCommandProcessor.bindValueToStatement(..., value = 1629206129155
2021-08-17 09:15:28.836 21108-22356/com.example.amplifydisposablesnullexample V/amplify:aws-datastore: SQLCommandProcessor.bindValueToStatement(..., value = 1
2021-08-17 09:15:28.840 21108-22356/com.example.amplifydisposablesnullexample V/amplify:aws-datastore: SQLCommandProcessor execute in 4 ms inTransaction: false SQL: INSERT INTO `ModelMetadata` (`id`, `_deleted`, `_lastChangedAt`, `_version`) VALUES (?, ?, ?, ?)
2021-08-17 09:15:28.841 21108-22356/com.example.amplifydisposablesnullexample D/amplify:aws-datastore: Remote model update was sync'd down into local storage: ModelWithMetadata{model=AmplifyBug {id=528d9fc3-bb07-49bd-b7fa-deb6072be077, updated=false, createdAt=Temporal.DateTime{offsetDateTime='2021-08-17T13:15:29.135Z'}, updatedAt=Temporal.DateTime{offsetDateTime='2021-08-17T13:15:29.135Z'}}, syncMetadata=ModelMetadata{id='528d9fc3-bb07-49bd-b7fa-deb6072be077', _deleted=null, _version=1, _lastChangedAt=Temporal.Timestamp{timestamp=1629206129155}}}
2021-08-17 09:15:28.841 21108-22356/com.example.amplifydisposablesnullexample V/amplify:aws-datastore: Merged a single item in 26 ms.
2021-08-17 09:15:28.841 21108-22356/com.example.amplifydisposablesnullexample D/amplify:aws-datastore: Pending mutation was published to cloud successfully, and removed from the mutation outbox: PendingMutation{mutatedItem=SerializedModel{id='528d9fc3-bb07-49bd-b7fa-deb6072be077', serializedData={createdAt=null, id=528d9fc3-bb07-49bd-b7fa-deb6072be077, updated=false, updatedAt=null}, modelName=AmplifyBug}, mutationType=CREATE, mutationId=3127b824-ff5d-11eb-9938-4f45123b3330, predicate=MatchAllQueryPredicate}
2021-08-17 09:15:28.845 21108-22357/com.example.amplifydisposablesnullexample V/amplify:aws-datastore: SQLCommandProcessor.bindValueToStatement(..., value = 31429325-ff5d-11eb-9938-f5864c908d59
2021-08-17 09:15:28.845 21108-22357/com.example.amplifydisposablesnullexample V/amplify:aws-datastore: SQLCommandProcessor executeExists in 0 ms inTransaction: false SQL: SELECT EXISTS(SELECT 1 FROM `PersistentRecord` WHERE `PersistentRecord`.`id` = ?);
2021-08-17 09:15:28.846 21108-22357/com.example.amplifydisposablesnullexample V/amplify:aws-datastore: Creating item in PersistentRecord identified by ID: 31429325-ff5d-11eb-9938-f5864c908d59
2021-08-17 09:15:28.847 21108-22357/com.example.amplifydisposablesnullexample V/amplify:aws-datastore: Could not find getContainedModelClassName() on com.amplifyframework.datastore.syncengine.PendingMutation$PersistentRecord. Fallback to direct field access.
2021-08-17 09:15:28.847 21108-22357/com.example.amplifydisposablesnullexample V/amplify:aws-datastore: Could not find getContainedModelId() on com.amplifyframework.datastore.syncengine.PendingMutation$PersistentRecord. Fallback to direct field access.
2021-08-17 09:15:28.847 21108-22357/com.example.amplifydisposablesnullexample V/amplify:aws-datastore: Could not find getSerializedMutationData() on com.amplifyframework.datastore.syncengine.PendingMutation$PersistentRecord. Fallback to direct field access.
2021-08-17 09:15:28.847 21108-22357/com.example.amplifydisposablesnullexample V/amplify:aws-datastore: SQLCommandProcessor.bindValueToStatement(..., value = 31429325-ff5d-11eb-9938-f5864c908d59
2021-08-17 09:15:28.847 21108-22357/com.example.amplifydisposablesnullexample V/amplify:aws-datastore: SQLCommandProcessor.bindValueToStatement(..., value = com.amplifyframework.core.model.SerializedModel
2021-08-17 09:15:28.847 21108-22357/com.example.amplifydisposablesnullexample V/amplify:aws-datastore: SQLCommandProcessor.bindValueToStatement(..., value = 528d9fc3-bb07-49bd-b7fa-deb6072be077
2021-08-17 09:15:28.847 21108-22357/com.example.amplifydisposablesnullexample V/amplify:aws-datastore: SQLCommandProcessor.bindValueToStatement(..., value = {"modelSchema":{"associations":{},"authRules":[{"authProvider":"USER_POOLS","authStrategy":"OWNER","groupClaim":"","groups":[],"groupsField":"","identityClaim":"cognito:username","operations":["CREATE","UPDATE","DELETE","READ"],"ownerField":"owner"}],"fields":{"createdAt":{"authRules":[],"isArray":false,"isEnum":false,"isModel":false,"isReadOnly":true,"isRequired":false,"javaClassForValue":"com.amplifyframework.core.model.temporal.Temporal$DateTime","name":"createdAt","targetType":"AWSDateTime"},"id":{"authRules":[],"isArray":false,"isEnum":false,"isModel":false,"isReadOnly":false,"isRequired":true,"javaClassForValue":"java.lang.String","name":"id","targetType":"ID"},"updated":{"authRules":[],"isArray":false,"isEnum":false,"isModel":false,"isReadOnly":false,"isRequired":true,"javaClassForValue":"java.lang.Boolean","name":"updated","targetType":"Boolean"},"updatedAt":{"authRules":[],"isArray":false,"isEnum":false,"isModel":false,"isReadOnly":true,"isRequired":false,"javaClassForValue":"com.amplifyframework.core.model.temporal.Temporal$DateTime","name":"updatedAt","targetType":"AWSDateTime"}},"indexes":{},"modelClass":"com.amplifyframework.datastore.generated.model.AmplifyBug","name":"AmplifyBug","pluralName":"AmplifyBugs"},"mutatedItem":{"id":"528d9fc3-bb07-49bd-b7fa-deb6072be077","modelSchema":{"associations":{},"authRules":[{"authProvider":"USER_POOLS","authStrategy":"OWNER","groupClaim":"","groups":[],"groupsField":"","identityClaim":"cognito:username","operations":["CREATE","UPDATE","DELETE","READ"],"ownerField":"owner"}],"fields":{"createdAt":{"authRules":[],"isArray":false,"isEnum":false,"isModel":false,"isReadOnly":true,"isRequired":false,"javaClassForValue":"com.amplifyframework.core.model.temporal.Temporal$DateTime","name":"createdAt","targetType":"AWSDateTime"},"id":{"authRules":[],"isArray":false,"isEnum":false,"isModel":false,"isReadOnly":false,"isRequired":true,"javaClassForValue":"java.lang.String","name":"id","targetType":"ID"},"updated":{"authRules":[],"isArray":false,"isEnum":false,"isModel":false,"isReadOnly":false,"isRequired":true,"javaClassForValue":"java.lang.Boolean","name":"updated","targetType":"Boolean"},"updatedAt":{"authRules":[],"isArray":false,"isEnum":false,"isModel":false,"isReadOnly":true,"isRequired":false,"javaClassForValue":"com.amplifyframework.core.model.temporal.Temporal$DateTime","name":"updatedAt","targetType":"AWSDateTime"}},"indexes":{},"modelClass":"com.amplifyframework.datastore.generated.model.AmplifyBug","name":"AmplifyBug","pluralName":"AmplifyBugs"},"serializedData":{"updated":true,"id":"528d9fc3-bb07-49bd-b7fa-deb6072be077"}},"mutationId":31429325-ff5d-11eb-9938-f5864c908d59,"mutationType":"UPDATE","predicate":{"_type":"ALL"}}
2021-08-17 09:15:28.852 21108-22357/com.example.amplifydisposablesnullexample V/amplify:aws-datastore: SQLCommandProcessor execute in 5 ms inTransaction: false SQL: INSERT INTO `PersistentRecord` (`id`, `containedModelClassName`, `containedModelId`, `serializedMutationData`) VALUES (?, ?, ?, ?)
2021-08-17 09:15:28.853 21108-22357/com.example.amplifydisposablesnullexample I/amplify:aws-datastore: Successfully enqueued PendingMutation{mutatedItem=SerializedModel{id='528d9fc3-bb07-49bd-b7fa-deb6072be077', serializedData={updated=true, id=528d9fc3-bb07-49bd-b7fa-deb6072be077}, modelName=AmplifyBug}, mutationType=UPDATE, mutationId=31429325-ff5d-11eb-9938-f5864c908d59, predicate=MatchAllQueryPredicate}
2021-08-17 09:15:28.856 21108-22358/com.example.amplifydisposablesnullexample V/amplify:aws-datastore: SQLCommandProcessor rawQuery in 0 ms inTransaction: false SQL: SELECT `ModelMetadata`.`id` AS `ModelMetadata_id`, `ModelMetadata`.`_deleted` AS `ModelMetadata__deleted`, `ModelMetadata`.`_lastChangedAt` AS `ModelMetadata__lastChangedAt`, `ModelMetadata`.`_version` AS `ModelMetadata__version` FROM `ModelMetadata` WHERE id = ? LIMIT ? OFFSET ?;
2021-08-17 09:15:28.856 21108-22358/com.example.amplifydisposablesnullexample D/amplify:aws-datastore: Querying item for: ModelMetadata
2021-08-17 09:15:28.857 21108-22358/com.example.amplifydisposablesnullexample V/amplify:aws-datastore: Attempt to convert value "1629206129155" from field _lastChangedAt of type AWSTimestamp in model ModelMetadata
2021-08-17 09:15:28.857 21108-22358/com.example.amplifydisposablesnullexample V/amplify:aws-datastore: Attempt to convert value "1" from field _version of type Int in model ModelMetadata
2021-08-17 09:15:28.857 21108-22358/com.example.amplifydisposablesnullexample V/amplify:aws-datastore: Attempt to convert value "528d9fc3-bb07-49bd-b7fa-deb6072be077" from field id of type ID in model ModelMetadata
2021-08-17 09:15:28.859 21108-22358/com.example.amplifydisposablesnullexample D/amplify:aws-api: Request: {"query": "mutation UpdateAmplifyBug($input: UpdateAmplifyBugInput!) {\n  updateAmplifyBug(input: $input) {\n    _deleted\n    _lastChangedAt\n    _version\n    createdAt\n    id\n    owner\n    updated\n    updatedAt\n  }\n}\n", "variables": {"input":{"id":"528d9fc3-bb07-49bd-b7fa-deb6072be077","_version":1,"updated":true}}}
2021-08-17 09:15:28.905 21108-22360/com.example.amplifydisposablesnullexample V/amplify:aws-datastore: SQLCommandProcessor rawQuery in 0 ms inTransaction: false SQL: SELECT `ModelMetadata`.`id` AS `ModelMetadata_id`, `ModelMetadata`.`_deleted` AS `ModelMetadata__deleted`, `ModelMetadata`.`_lastChangedAt` AS `ModelMetadata__lastChangedAt`, `ModelMetadata`.`_version` AS `ModelMetadata__version` FROM `ModelMetadata` WHERE id = ? LIMIT ? OFFSET ?;
2021-08-17 09:15:28.905 21108-22360/com.example.amplifydisposablesnullexample D/amplify:aws-datastore: Querying item for: ModelMetadata
2021-08-17 09:15:28.906 21108-22360/com.example.amplifydisposablesnullexample V/amplify:aws-datastore: Attempt to convert value "1629206129155" from field _lastChangedAt of type AWSTimestamp in model ModelMetadata
2021-08-17 09:15:28.906 21108-22360/com.example.amplifydisposablesnullexample V/amplify:aws-datastore: Attempt to convert value "1" from field _version of type Int in model ModelMetadata
2021-08-17 09:15:28.907 21108-22360/com.example.amplifydisposablesnullexample V/amplify:aws-datastore: Attempt to convert value "528d9fc3-bb07-49bd-b7fa-deb6072be077" from field id of type ID in model ModelMetadata
2021-08-17 09:15:28.908 21108-22360/com.example.amplifydisposablesnullexample D/amplify:aws-datastore: Remote model update was sync'd down into local storage: ModelWithMetadata{model=AmplifyBug {id=528d9fc3-bb07-49bd-b7fa-deb6072be077, updated=false, createdAt=Temporal.DateTime{offsetDateTime='2021-08-17T13:15:29.135Z'}, updatedAt=Temporal.DateTime{offsetDateTime='2021-08-17T13:15:29.135Z'}}, syncMetadata=ModelMetadata{id='528d9fc3-bb07-49bd-b7fa-deb6072be077', _deleted=null, _version=1, _lastChangedAt=Temporal.Timestamp{timestamp=1629206129155}}}
2021-08-17 09:15:28.908 21108-22360/com.example.amplifydisposablesnullexample V/amplify:aws-datastore: Merged a single item in 4 ms.
2021-08-17 09:15:29.153 21108-22361/com.example.amplifydisposablesnullexample V/amplify:aws-datastore: SQLCommandProcessor.bindValueToStatement(..., value = 31429325-ff5d-11eb-9938-f5864c908d59
2021-08-17 09:15:29.154 21108-22361/com.example.amplifydisposablesnullexample V/amplify:aws-datastore: SQLCommandProcessor executeExists in 1 ms inTransaction: false SQL: SELECT EXISTS(SELECT 1 FROM `PersistentRecord` WHERE `PersistentRecord`.`id` = ?);
2021-08-17 09:15:29.154 21108-22361/com.example.amplifydisposablesnullexample V/amplify:aws-datastore: Deleting item in PersistentRecord identified by ID: 31429325-ff5d-11eb-9938-f5864c908d59
2021-08-17 09:15:29.156 21108-22361/com.example.amplifydisposablesnullexample V/amplify:aws-datastore: SQLCommandProcessor.bindValueToStatement(..., value = 31429325-ff5d-11eb-9938-f5864c908d59
2021-08-17 09:15:29.156 21108-22362/com.example.amplifydisposablesnullexample V/amplify:aws-datastore: SQLCommandProcessor rawQuery in 1 ms inTransaction: false SQL: SELECT `ModelMetadata`.`id` AS `ModelMetadata_id`, `ModelMetadata`.`_deleted` AS `ModelMetadata__deleted`, `ModelMetadata`.`_lastChangedAt` AS `ModelMetadata__lastChangedAt`, `ModelMetadata`.`_version` AS `ModelMetadata__version` FROM `ModelMetadata` WHERE id = ? LIMIT ? OFFSET ?;
2021-08-17 09:15:29.156 21108-22362/com.example.amplifydisposablesnullexample D/amplify:aws-datastore: Querying item for: ModelMetadata
2021-08-17 09:15:29.161 21108-22361/com.example.amplifydisposablesnullexample V/amplify:aws-datastore: SQLCommandProcessor execute in 5 ms inTransaction: false SQL: DELETE FROM `PersistentRecord` WHERE `PersistentRecord`.`id` = ?;
2021-08-17 09:15:29.162 21108-22362/com.example.amplifydisposablesnullexample V/amplify:aws-datastore: Attempt to convert value "1629206129155" from field _lastChangedAt of type AWSTimestamp in model ModelMetadata
2021-08-17 09:15:29.162 21108-22361/com.example.amplifydisposablesnullexample I/amplify:aws-datastore: Successfully removed from mutations outboxPendingMutation{mutatedItem=SerializedModel{id='528d9fc3-bb07-49bd-b7fa-deb6072be077', serializedData={updated=true, id=528d9fc3-bb07-49bd-b7fa-deb6072be077}, modelName=AmplifyBug}, mutationType=UPDATE, mutationId=31429325-ff5d-11eb-9938-f5864c908d59, predicate=MatchAllQueryPredicate}
2021-08-17 09:15:29.162 21108-22362/com.example.amplifydisposablesnullexample V/amplify:aws-datastore: Attempt to convert value "1" from field _version of type Int in model ModelMetadata
2021-08-17 09:15:29.162 21108-22362/com.example.amplifydisposablesnullexample V/amplify:aws-datastore: Attempt to convert value "528d9fc3-bb07-49bd-b7fa-deb6072be077" from field id of type ID in model ModelMetadata
2021-08-17 09:15:29.166 21108-22363/com.example.amplifydisposablesnullexample V/amplify:aws-datastore: SQLCommandProcessor.bindValueToStatement(..., value = 528d9fc3-bb07-49bd-b7fa-deb6072be077
2021-08-17 09:15:29.166 21108-22364/com.example.amplifydisposablesnullexample V/amplify:aws-datastore: SQLCommandProcessor rawQuery in 0 ms inTransaction: false SQL: SELECT `ModelMetadata`.`id` AS `ModelMetadata_id`, `ModelMetadata`.`_deleted` AS `ModelMetadata__deleted`, `ModelMetadata`.`_lastChangedAt` AS `ModelMetadata__lastChangedAt`, `ModelMetadata`.`_version` AS `ModelMetadata__version` FROM `ModelMetadata` WHERE id = ? LIMIT ? OFFSET ?;
2021-08-17 09:15:29.166 21108-22364/com.example.amplifydisposablesnullexample D/amplify:aws-datastore: Querying item for: ModelMetadata
2021-08-17 09:15:29.166 21108-22363/com.example.amplifydisposablesnullexample V/amplify:aws-datastore: SQLCommandProcessor executeExists in 0 ms inTransaction: false SQL: SELECT EXISTS(SELECT 1 FROM `AmplifyBug` WHERE `AmplifyBug`.`id` = ?);
2021-08-17 09:15:29.166 21108-22363/com.example.amplifydisposablesnullexample V/amplify:aws-datastore: Updating item in AmplifyBug identified by ID: 528d9fc3-bb07-49bd-b7fa-deb6072be077
2021-08-17 09:15:29.167 21108-22364/com.example.amplifydisposablesnullexample V/amplify:aws-datastore: Attempt to convert value "1629206129155" from field _lastChangedAt of type AWSTimestamp in model ModelMetadata
2021-08-17 09:15:29.167 21108-22364/com.example.amplifydisposablesnullexample V/amplify:aws-datastore: Attempt to convert value "1" from field _version of type Int in model ModelMetadata
2021-08-17 09:15:29.167 21108-22364/com.example.amplifydisposablesnullexample V/amplify:aws-datastore: Attempt to convert value "528d9fc3-bb07-49bd-b7fa-deb6072be077" from field id of type ID in model ModelMetadata
2021-08-17 09:15:29.168 21108-22363/com.example.amplifydisposablesnullexample V/amplify:aws-datastore: SQLCommandProcessor.bindValueToStatement(..., value = 528d9fc3-bb07-49bd-b7fa-deb6072be077
2021-08-17 09:15:29.168 21108-22363/com.example.amplifydisposablesnullexample V/amplify:aws-datastore: SQLCommandProcessor.bindValueToStatement(..., value = 2021-08-17T13:15:29.135Z
2021-08-17 09:15:29.168 21108-22363/com.example.amplifydisposablesnullexample V/amplify:aws-datastore: SQLCommandProcessor.bindValueToStatement(..., value = 1
2021-08-17 09:15:29.168 21108-22363/com.example.amplifydisposablesnullexample V/amplify:aws-datastore: SQLCommandProcessor.bindValueToStatement(..., value = 2021-08-17T13:15:29.358Z
2021-08-17 09:15:29.168 21108-22363/com.example.amplifydisposablesnullexample V/amplify:aws-datastore: SQLCommandProcessor.bindValueToStatement(..., value = 528d9fc3-bb07-49bd-b7fa-deb6072be077
2021-08-17 09:15:29.168 21108-22365/com.example.amplifydisposablesnullexample V/amplify:aws-datastore: SQLCommandProcessor.bindValueToStatement(..., value = 528d9fc3-bb07-49bd-b7fa-deb6072be077
2021-08-17 09:15:29.171 21108-22363/com.example.amplifydisposablesnullexample V/amplify:aws-datastore: SQLCommandProcessor execute in 3 ms inTransaction: false SQL: UPDATE `AmplifyBug` SET `id` = ?, `createdAt` = ?, `updated` = ?, `updatedAt` = ? WHERE `AmplifyBug`.`id` = ?;
2021-08-17 09:15:29.171 21108-22365/com.example.amplifydisposablesnullexample V/amplify:aws-datastore: SQLCommandProcessor executeExists in 3 ms inTransaction: false SQL: SELECT EXISTS(SELECT 1 FROM `AmplifyBug` WHERE `AmplifyBug`.`id` = ?);
2021-08-17 09:15:29.171 21108-22363/com.example.amplifydisposablesnullexample I/amplify:bug: Bump
2021-08-17 09:15:29.171 21108-22365/com.example.amplifydisposablesnullexample V/amplify:aws-datastore: Updating item in AmplifyBug identified by ID: 528d9fc3-bb07-49bd-b7fa-deb6072be077
2021-08-17 09:15:29.171 21108-22363/com.example.amplifydisposablesnullexample I/amplify:bug: Bump
2021-08-17 09:15:29.172 21108-22366/com.example.amplifydisposablesnullexample V/amplify:aws-datastore: SQLCommandProcessor.bindValueToStatement(..., value = 528d9fc3-bb07-49bd-b7fa-deb6072be077
2021-08-17 09:15:29.172 21108-22366/com.example.amplifydisposablesnullexample V/amplify:aws-datastore: SQLCommandProcessor executeExists in 0 ms inTransaction: false SQL: SELECT EXISTS(SELECT 1 FROM `ModelMetadata` WHERE `ModelMetadata`.`id` = ?);
2021-08-17 09:15:29.173 21108-22366/com.example.amplifydisposablesnullexample V/amplify:aws-datastore: Updating item in ModelMetadata identified by ID: 528d9fc3-bb07-49bd-b7fa-deb6072be077
2021-08-17 09:15:29.173 21108-22365/com.example.amplifydisposablesnullexample V/amplify:aws-datastore: SQLCommandProcessor.bindValueToStatement(..., value = 528d9fc3-bb07-49bd-b7fa-deb6072be077
2021-08-17 09:15:29.173 21108-22365/com.example.amplifydisposablesnullexample V/amplify:aws-datastore: SQLCommandProcessor.bindValueToStatement(..., value = 2021-08-17T13:15:29.135Z
2021-08-17 09:15:29.173 21108-22365/com.example.amplifydisposablesnullexample V/amplify:aws-datastore: SQLCommandProcessor.bindValueToStatement(..., value = 1
2021-08-17 09:15:29.173 21108-22365/com.example.amplifydisposablesnullexample V/amplify:aws-datastore: SQLCommandProcessor.bindValueToStatement(..., value = 2021-08-17T13:15:29.358Z
2021-08-17 09:15:29.173 21108-22365/com.example.amplifydisposablesnullexample V/amplify:aws-datastore: SQLCommandProcessor.bindValueToStatement(..., value = 528d9fc3-bb07-49bd-b7fa-deb6072be077
2021-08-17 09:15:29.173 21108-22366/com.example.amplifydisposablesnullexample V/amplify:aws-datastore: Could not find get_deleted() on com.amplifyframework.datastore.appsync.ModelMetadata. Fallback to direct field access.
2021-08-17 09:15:29.173 21108-22366/com.example.amplifydisposablesnullexample V/amplify:aws-datastore: Could not find get_lastChangedAt() on com.amplifyframework.datastore.appsync.ModelMetadata. Fallback to direct field access.
2021-08-17 09:15:29.174 21108-22366/com.example.amplifydisposablesnullexample V/amplify:aws-datastore: Could not find get_version() on com.amplifyframework.datastore.appsync.ModelMetadata. Fallback to direct field access.
2021-08-17 09:15:29.176 21108-22365/com.example.amplifydisposablesnullexample V/amplify:aws-datastore: SQLCommandProcessor execute in 4 ms inTransaction: false SQL: UPDATE `AmplifyBug` SET `id` = ?, `createdAt` = ?, `updated` = ?, `updatedAt` = ? WHERE `AmplifyBug`.`id` = ?;
2021-08-17 09:15:29.176 21108-22365/com.example.amplifydisposablesnullexample I/amplify:bug: Bump
2021-08-17 09:15:29.176 21108-22366/com.example.amplifydisposablesnullexample V/amplify:aws-datastore: SQLCommandProcessor.bindValueToStatement(..., value = 528d9fc3-bb07-49bd-b7fa-deb6072be077
2021-08-17 09:15:29.176 21108-22365/com.example.amplifydisposablesnullexample I/amplify:bug: Bump
2021-08-17 09:15:29.176 21108-22366/com.example.amplifydisposablesnullexample V/amplify:aws-datastore: SQLCommandProcessor.bindValueToStatement(..., value = null
2021-08-17 09:15:29.176 21108-22366/com.example.amplifydisposablesnullexample V/amplify:aws-datastore: SQLCommandProcessor.bindValueToStatement(..., value = 1629206129381
2021-08-17 09:15:29.176 21108-22366/com.example.amplifydisposablesnullexample V/amplify:aws-datastore: SQLCommandProcessor.bindValueToStatement(..., value = 2
2021-08-17 09:15:29.176 21108-22366/com.example.amplifydisposablesnullexample V/amplify:aws-datastore: SQLCommandProcessor.bindValueToStatement(..., value = 528d9fc3-bb07-49bd-b7fa-deb6072be077
2021-08-17 09:15:29.179 21108-22366/com.example.amplifydisposablesnullexample V/amplify:aws-datastore: SQLCommandProcessor execute in 3 ms inTransaction: false SQL: UPDATE `ModelMetadata` SET `id` = ?, `_deleted` = ?, `_lastChangedAt` = ?, `_version` = ? WHERE `ModelMetadata`.`id` = ?;
2021-08-17 09:15:29.179 21108-22367/com.example.amplifydisposablesnullexample V/amplify:aws-datastore: SQLCommandProcessor.bindValueToStatement(..., value = 528d9fc3-bb07-49bd-b7fa-deb6072be077
2021-08-17 09:15:29.179 21108-22367/com.example.amplifydisposablesnullexample V/amplify:aws-datastore: SQLCommandProcessor executeExists in 0 ms inTransaction: false SQL: SELECT EXISTS(SELECT 1 FROM `ModelMetadata` WHERE `ModelMetadata`.`id` = ?);
2021-08-17 09:15:29.179 21108-22367/com.example.amplifydisposablesnullexample V/amplify:aws-datastore: Updating item in ModelMetadata identified by ID: 528d9fc3-bb07-49bd-b7fa-deb6072be077
2021-08-17 09:15:29.179 21108-22366/com.example.amplifydisposablesnullexample D/amplify:aws-datastore: Remote model update was sync'd down into local storage: ModelWithMetadata{model=AmplifyBug {id=528d9fc3-bb07-49bd-b7fa-deb6072be077, updated=true, createdAt=Temporal.DateTime{offsetDateTime='2021-08-17T13:15:29.135Z'}, updatedAt=Temporal.DateTime{offsetDateTime='2021-08-17T13:15:29.358Z'}}, syncMetadata=ModelMetadata{id='528d9fc3-bb07-49bd-b7fa-deb6072be077', _deleted=null, _version=2, _lastChangedAt=Temporal.Timestamp{timestamp=1629206129381}}}
2021-08-17 09:15:29.179 21108-22366/com.example.amplifydisposablesnullexample V/amplify:aws-datastore: Merged a single item in 26 ms.
2021-08-17 09:15:29.180 21108-22367/com.example.amplifydisposablesnullexample V/amplify:aws-datastore: Could not find get_deleted() on com.amplifyframework.datastore.appsync.ModelMetadata. Fallback to direct field access.
2021-08-17 09:15:29.180 21108-22367/com.example.amplifydisposablesnullexample V/amplify:aws-datastore: Could not find get_lastChangedAt() on com.amplifyframework.datastore.appsync.ModelMetadata. Fallback to direct field access.
2021-08-17 09:15:29.180 21108-22367/com.example.amplifydisposablesnullexample V/amplify:aws-datastore: Could not find get_version() on com.amplifyframework.datastore.appsync.ModelMetadata. Fallback to direct field access.
2021-08-17 09:15:29.180 21108-22367/com.example.amplifydisposablesnullexample V/amplify:aws-datastore: SQLCommandProcessor.bindValueToStatement(..., value = 528d9fc3-bb07-49bd-b7fa-deb6072be077
2021-08-17 09:15:29.180 21108-22367/com.example.amplifydisposablesnullexample V/amplify:aws-datastore: SQLCommandProcessor.bindValueToStatement(..., value = null
2021-08-17 09:15:29.180 21108-22367/com.example.amplifydisposablesnullexample V/amplify:aws-datastore: SQLCommandProcessor.bindValueToStatement(..., value = 1629206129381
2021-08-17 09:15:29.180 21108-22367/com.example.amplifydisposablesnullexample V/amplify:aws-datastore: SQLCommandProcessor.bindValueToStatement(..., value = 2
2021-08-17 09:15:29.180 21108-22367/com.example.amplifydisposablesnullexample V/amplify:aws-datastore: SQLCommandProcessor.bindValueToStatement(..., value = 528d9fc3-bb07-49bd-b7fa-deb6072be077
2021-08-17 09:15:29.183 21108-22367/com.example.amplifydisposablesnullexample V/amplify:aws-datastore: SQLCommandProcessor execute in 3 ms inTransaction: false SQL: UPDATE `ModelMetadata` SET `id` = ?, `_deleted` = ?, `_lastChangedAt` = ?, `_version` = ? WHERE `ModelMetadata`.`id` = ?;
2021-08-17 09:15:29.183 21108-22367/com.example.amplifydisposablesnullexample D/amplify:aws-datastore: Remote model update was sync'd down into local storage: ModelWithMetadata{model=AmplifyBug {id=528d9fc3-bb07-49bd-b7fa-deb6072be077, updated=true, createdAt=Temporal.DateTime{offsetDateTime='2021-08-17T13:15:29.135Z'}, updatedAt=Temporal.DateTime{offsetDateTime='2021-08-17T13:15:29.358Z'}}, syncMetadata=ModelMetadata{id='528d9fc3-bb07-49bd-b7fa-deb6072be077', _deleted=null, _version=2, _lastChangedAt=Temporal.Timestamp{timestamp=1629206129381}}}
2021-08-17 09:15:29.183 21108-22367/com.example.amplifydisposablesnullexample V/amplify:aws-datastore: Merged a single item in 20 ms.
2021-08-17 09:15:29.183 21108-22367/com.example.amplifydisposablesnullexample D/amplify:aws-datastore: Pending mutation was published to cloud successfully, and removed from the mutation outbox: PendingMutation{mutatedItem=SerializedModel{id='528d9fc3-bb07-49bd-b7fa-deb6072be077', serializedData={updated=true, id=528d9fc3-bb07-49bd-b7fa-deb6072be077}, modelName=AmplifyBug}, mutationType=UPDATE, mutationId=31429325-ff5d-11eb-9938-f5864c908d59, predicate=MatchAllQueryPredicate}
2021-08-17 09:15:33.694 21108-21139/com.example.amplifydisposablesnullexample I/amplify:bug: finishing test
2021-08-17 09:15:33.704 21108-21108/com.example.amplifydisposablesnullexample D/LifecycleMonitor: Lifecycle status change: com.example.amplifydisposablesnullexample.MainActivity@f4ec876 in: PAUSED
2021-08-17 09:15:33.704 21108-21108/com.example.amplifydisposablesnullexample V/ActivityScenario: Update currentActivityStage to PAUSED, currentActivity=com.example.amplifydisposablesnullexample.MainActivity@f4ec876
2021-08-17 09:15:33.841 21108-21177/com.example.amplifydisposablesnullexample D/EGL_emulation: eglMakeCurrent: 0xe6bf3d80: ver 3 0 (tinfo 0xe6c313b0)
2021-08-17 09:15:33.852 21108-21108/com.example.amplifydisposablesnullexample D/LifecycleMonitor: Lifecycle status change: com.example.amplifydisposablesnullexample.MainActivity@f4ec876 in: STOPPED
2021-08-17 09:15:33.852 21108-21108/com.example.amplifydisposablesnullexample V/ActivityScenario: Update currentActivityStage to STOPPED, currentActivity=com.example.amplifydisposablesnullexample.MainActivity@f4ec876
2021-08-17 09:15:33.853 21108-21108/com.example.amplifydisposablesnullexample D/LifecycleMonitor: Lifecycle status change: com.example.amplifydisposablesnullexample.MainActivity@f4ec876 in: DESTROYED
2021-08-17 09:15:33.853 21108-21108/com.example.amplifydisposablesnullexample V/ActivityScenario: Update currentActivityStage to DESTROYED, currentActivity=null
2021-08-17 09:15:33.853 21108-21139/com.example.amplifydisposablesnullexample I/TestRunner: finished: test02(com.example.amplifydisposablesnullexample.ExampleInstrumentedTest)
2021-08-17 09:15:33.983 21108-21139/com.example.amplifydisposablesnullexample I/TestRunner: started: test03(com.example.amplifydisposablesnullexample.ExampleInstrumentedTest)
2021-08-17 09:15:33.986 21108-21139/com.example.amplifydisposablesnullexample W/Settings: Setting always_finish_activities has moved from android.provider.Settings.System to android.provider.Settings.Global, returning read-only value.
2021-08-17 09:15:34.010 21108-21108/com.example.amplifydisposablesnullexample W/ActivityThread: handleWindowVisibility: no activity for token android.os.BinderProxy@a2d8e6e
2021-08-17 09:15:34.025 21108-21108/com.example.amplifydisposablesnullexample D/LifecycleMonitor: Lifecycle status change: com.example.amplifydisposablesnullexample.MainActivity@7a8237a in: PRE_ON_CREATE
2021-08-17 09:15:34.025 21108-21108/com.example.amplifydisposablesnullexample V/ActivityScenario: Activity lifecycle changed event received but ignored because the reported transition was not ON_CREATE while the last known transition was PRE_ON_CREATE
2021-08-17 09:15:34.042 21108-21108/com.example.amplifydisposablesnullexample E/test: Amplify Failed to Configure; this is likely caused by a duplicate call to Amplify.configure().
    AlreadyConfiguredException{message=Amplify has already been configured., cause=null, recoverySuggestion=Do not add plugins after calling `Amplify.configure()`.}
        at com.amplifyframework.core.Amplify.updatePluginRegistry(Amplify.java:194)
        at com.amplifyframework.core.Amplify.addPlugin(Amplify.java:175)
        at com.example.amplifydisposablesnullexample.MainActivity.onCreate(MainActivity.java:24)
        at android.app.Activity.performCreate(Activity.java:7802)
        at android.app.Activity.performCreate(Activity.java:7791)
        at android.app.Instrumentation.callActivityOnCreate(Instrumentation.java:1299)
        at androidx.test.runner.MonitoringInstrumentation.callActivityOnCreate(MonitoringInstrumentation.java:730)
        at android.app.ActivityThread.performLaunchActivity(ActivityThread.java:3245)
        at android.app.ActivityThread.handleLaunchActivity(ActivityThread.java:3409)
        at android.app.servertransaction.LaunchActivityItem.execute(LaunchActivityItem.java:83)
        at android.app.servertransaction.TransactionExecutor.executeCallbacks(TransactionExecutor.java:135)
        at android.app.servertransaction.TransactionExecutor.execute(TransactionExecutor.java:95)
        at android.app.ActivityThread$H.handleMessage(ActivityThread.java:2016)
        at android.os.Handler.dispatchMessage(Handler.java:107)
        at android.os.Looper.loop(Looper.java:214)
        at android.app.ActivityThread.main(ActivityThread.java:7356)
        at java.lang.reflect.Method.invoke(Native Method)
        at com.android.internal.os.RuntimeInit$MethodAndArgsCaller.run(RuntimeInit.java:492)
        at com.android.internal.os.ZygoteInit.main(ZygoteInit.java:930)
2021-08-17 09:15:34.046 21108-21108/com.example.amplifydisposablesnullexample D/LifecycleMonitor: Lifecycle status change: com.example.amplifydisposablesnullexample.MainActivity@7a8237a in: CREATED
2021-08-17 09:15:34.047 21108-21108/com.example.amplifydisposablesnullexample V/ActivityScenario: Update currentActivityStage to CREATED, currentActivity=com.example.amplifydisposablesnullexample.MainActivity@7a8237a
2021-08-17 09:15:34.050 21108-21108/com.example.amplifydisposablesnullexample D/LifecycleMonitor: Lifecycle status change: com.example.amplifydisposablesnullexample.MainActivity@7a8237a in: STARTED
2021-08-17 09:15:34.050 21108-21108/com.example.amplifydisposablesnullexample V/ActivityScenario: Update currentActivityStage to STARTED, currentActivity=com.example.amplifydisposablesnullexample.MainActivity@7a8237a
2021-08-17 09:15:34.051 21108-21108/com.example.amplifydisposablesnullexample D/LifecycleMonitor: Lifecycle status change: com.example.amplifydisposablesnullexample.MainActivity@7a8237a in: RESUMED
2021-08-17 09:15:34.051 21108-21108/com.example.amplifydisposablesnullexample V/ActivityScenario: Update currentActivityStage to RESUMED, currentActivity=com.example.amplifydisposablesnullexample.MainActivity@7a8237a
2021-08-17 09:15:34.051 21108-21139/com.example.amplifydisposablesnullexample D/main: clear started
2021-08-17 09:15:34.051 21108-21139/com.example.amplifydisposablesnullexample D/amplify:aws-datastore: Attempting to acquire lock. Permits available = true
2021-08-17 09:15:34.051 21108-21139/com.example.amplifydisposablesnullexample I/amplify:aws-datastore: Orchestrator lock acquired.
2021-08-17 09:15:34.052 21108-22165/com.example.amplifydisposablesnullexample I/amplify:aws-datastore: Orchestrator transitioning from SYNC_VIA_API to STOPPED
2021-08-17 09:15:34.052 21108-22165/com.example.amplifydisposablesnullexample I/amplify:aws-datastore: Setting currentState to LOCAL_ONLY
2021-08-17 09:15:34.052 21108-22165/com.example.amplifydisposablesnullexample I/amplify:aws-datastore: Stopping subscription processor.
2021-08-17 09:15:34.052 21108-22165/com.example.amplifydisposablesnullexample D/amplify:aws-api: Cancelling subscription: da3d0c49-539b-4321-9854-89da5e4387ba
2021-08-17 09:15:34.054 21108-22378/com.example.amplifydisposablesnullexample D/IdentityManager: Signing out...
2021-08-17 09:15:34.062 21108-22378/com.example.amplifydisposablesnullexample D/AWSMobileClient: Inspecting user state details
2021-08-17 09:15:34.063 21108-21511/com.example.amplifydisposablesnullexample D/amplify:aws-datastore: Subscription completed:da3d0c49-539b-4321-9854-89da5e4387ba
2021-08-17 09:15:34.063 21108-22165/com.example.amplifydisposablesnullexample D/amplify:aws-api: Cancelling subscription: 662d74b8-e4a5-474e-a801-cb2ffcb44dfe
2021-08-17 09:15:34.074 21108-21177/com.example.amplifydisposablesnullexample D/EGL_emulation: eglMakeCurrent: 0xe6bf3d80: ver 3 0 (tinfo 0xe6c313b0)
2021-08-17 09:15:34.118 21108-21511/com.example.amplifydisposablesnullexample D/amplify:aws-datastore: Subscription completed:662d74b8-e4a5-474e-a801-cb2ffcb44dfe
2021-08-17 09:15:34.118 21108-22165/com.example.amplifydisposablesnullexample D/amplify:aws-api: Cancelling subscription: 69fa6434-c962-4efa-ad40-754139413d20
2021-08-17 09:15:34.141 21108-21511/com.example.amplifydisposablesnullexample D/amplify:aws-datastore: Subscription completed:69fa6434-c962-4efa-ad40-754139413d20
2021-08-17 09:15:34.142 21108-22165/com.example.amplifydisposablesnullexample D/amplify:aws-api: Cancelling subscription: 7e239b94-d5ae-40b9-8ac1-e15e81d95960
2021-08-17 09:15:34.176 21108-21511/com.example.amplifydisposablesnullexample D/amplify:aws-datastore: Subscription completed:7e239b94-d5ae-40b9-8ac1-e15e81d95960
2021-08-17 09:15:34.176 21108-22165/com.example.amplifydisposablesnullexample D/amplify:aws-api: Cancelling subscription: 6fdcf5b7-ea51-4883-9d71-71fe90a05be8
2021-08-17 09:15:34.220 21108-21511/com.example.amplifydisposablesnullexample D/amplify:aws-datastore: Subscription completed:6fdcf5b7-ea51-4883-9d71-71fe90a05be8
2021-08-17 09:15:34.220 21108-22165/com.example.amplifydisposablesnullexample D/amplify:aws-api: Cancelling subscription: a5aa9799-6c16-48d8-a02b-b9947e57eb77
2021-08-17 09:15:34.273 21108-21511/com.example.amplifydisposablesnullexample D/amplify:aws-datastore: Subscription completed:a5aa9799-6c16-48d8-a02b-b9947e57eb77
2021-08-17 09:15:34.273 21108-22165/com.example.amplifydisposablesnullexample D/amplify:aws-api: Cancelling subscription: 6c0b6003-d37a-48cc-bba2-7aab2fdd54cd
2021-08-17 09:15:34.303 21108-21511/com.example.amplifydisposablesnullexample D/amplify:aws-datastore: Subscription completed:6c0b6003-d37a-48cc-bba2-7aab2fdd54cd
2021-08-17 09:15:34.303 21108-22165/com.example.amplifydisposablesnullexample D/amplify:aws-api: Cancelling subscription: b86e5c8d-e0dd-4026-9c31-77df7bb72dda
2021-08-17 09:15:34.345 21108-21511/com.example.amplifydisposablesnullexample D/amplify:aws-datastore: Subscription completed:b86e5c8d-e0dd-4026-9c31-77df7bb72dda
2021-08-17 09:15:34.346 21108-22165/com.example.amplifydisposablesnullexample D/amplify:aws-api: Cancelling subscription: f5b531ae-700b-4eca-acf9-f6ceb21b9297
2021-08-17 09:15:34.375 21108-21511/com.example.amplifydisposablesnullexample D/amplify:aws-datastore: Subscription completed:f5b531ae-700b-4eca-acf9-f6ceb21b9297
2021-08-17 09:15:34.375 21108-22165/com.example.amplifydisposablesnullexample D/amplify:aws-api: Cancelling subscription: b5702b17-56dd-4753-a6bb-e96c4dadad7b
2021-08-17 09:15:34.391 21108-21511/com.example.amplifydisposablesnullexample D/amplify:aws-datastore: Subscription completed:b5702b17-56dd-4753-a6bb-e96c4dadad7b
2021-08-17 09:15:34.401 21108-22165/com.example.amplifydisposablesnullexample D/amplify:aws-api: Cancelling subscription: cebb8636-a520-423e-92fc-37e4c8aa4af9
2021-08-17 09:15:34.456 21108-21511/com.example.amplifydisposablesnullexample D/amplify:aws-datastore: Subscription completed:cebb8636-a520-423e-92fc-37e4c8aa4af9
2021-08-17 09:15:34.457 21108-22165/com.example.amplifydisposablesnullexample D/amplify:aws-api: Cancelling subscription: 475d8773-8d73-43e6-bc15-650bf76bbd92
2021-08-17 09:15:34.508 21108-21511/com.example.amplifydisposablesnullexample D/amplify:aws-datastore: Subscription completed:475d8773-8d73-43e6-bc15-650bf76bbd92
2021-08-17 09:15:34.508 21108-22165/com.example.amplifydisposablesnullexample D/amplify:aws-api: Cancelling subscription: 95fdef88-c862-48ca-b2ed-68376f007e46
2021-08-17 09:15:34.545 21108-21511/com.example.amplifydisposablesnullexample D/amplify:aws-datastore: Subscription completed:95fdef88-c862-48ca-b2ed-68376f007e46
2021-08-17 09:15:34.545 21108-22165/com.example.amplifydisposablesnullexample D/amplify:aws-api: Cancelling subscription: c4f2ee95-13b6-4fe9-b637-15ad767176e3
2021-08-17 09:15:34.559 21108-21511/com.example.amplifydisposablesnullexample D/amplify:aws-datastore: Subscription completed:c4f2ee95-13b6-4fe9-b637-15ad767176e3
2021-08-17 09:15:34.560 21108-22165/com.example.amplifydisposablesnullexample D/amplify:aws-api: Cancelling subscription: 6a776fb1-1d77-4ccd-acd8-91109dcfd65d
2021-08-17 09:15:34.618 21108-21511/com.example.amplifydisposablesnullexample D/amplify:aws-datastore: Subscription completed:6a776fb1-1d77-4ccd-acd8-91109dcfd65d
2021-08-17 09:15:34.619 21108-22165/com.example.amplifydisposablesnullexample D/amplify:aws-api: Cancelling subscription: 5914fe7c-f492-405a-9f74-35f0078c94c1
