2021-08-17 09:15:34.676 21108-21511/com.example.amplifydisposablesnullexample D/amplify:aws-datastore: Subscription completed:5914fe7c-f492-405a-9f74-35f0078c94c1
2021-08-17 09:15:34.677 21108-22165/com.example.amplifydisposablesnullexample D/amplify:aws-api: Cancelling subscription: 35ebc222-0a4c-44b2-b156-dbb3adf07376
2021-08-17 09:15:34.705 21108-21511/com.example.amplifydisposablesnullexample D/amplify:aws-datastore: Subscription completed:35ebc222-0a4c-44b2-b156-dbb3adf07376
2021-08-17 09:15:34.706 21108-22165/com.example.amplifydisposablesnullexample D/amplify:aws-api: Cancelling subscription: 40d5f5d5-68af-4613-8560-b22c45ba38a8
2021-08-17 09:15:34.742 21108-21511/com.example.amplifydisposablesnullexample D/amplify:aws-datastore: Subscription completed:40d5f5d5-68af-4613-8560-b22c45ba38a8
2021-08-17 09:15:34.743 21108-22165/com.example.amplifydisposablesnullexample D/amplify:aws-api: Cancelling subscription: 592b7b9c-efb6-4ad1-9b30-048d0f8f8026
2021-08-17 09:15:34.777 21108-21511/com.example.amplifydisposablesnullexample D/amplify:aws-datastore: Subscription completed:592b7b9c-efb6-4ad1-9b30-048d0f8f8026
2021-08-17 09:15:34.778 21108-22165/com.example.amplifydisposablesnullexample D/amplify:aws-api: Cancelling subscription: 08fe1a9a-a64b-4fe5-9e00-d8f9c75082ef
2021-08-17 09:15:34.834 21108-21511/com.example.amplifydisposablesnullexample D/amplify:aws-datastore: Subscription completed:08fe1a9a-a64b-4fe5-9e00-d8f9c75082ef
2021-08-17 09:15:34.834 21108-22165/com.example.amplifydisposablesnullexample D/amplify:aws-api: Cancelling subscription: 516a2f06-476f-4044-85e9-2c61512a3b2b
2021-08-17 09:15:34.878 21108-21511/com.example.amplifydisposablesnullexample D/amplify:aws-datastore: Subscription completed:516a2f06-476f-4044-85e9-2c61512a3b2b
2021-08-17 09:15:34.878 21108-22165/com.example.amplifydisposablesnullexample D/amplify:aws-api: Cancelling subscription: 06fc116b-abd2-4342-a253-caa343d58495
2021-08-17 09:15:34.891 21108-21511/com.example.amplifydisposablesnullexample D/amplify:aws-datastore: Subscription completed:06fc116b-abd2-4342-a253-caa343d58495
2021-08-17 09:15:34.892 21108-22165/com.example.amplifydisposablesnullexample D/amplify:aws-api: Cancelling subscription: 30709cc7-706d-44b0-81c9-bdc6d5c30840
2021-08-17 09:15:34.926 21108-21511/com.example.amplifydisposablesnullexample D/amplify:aws-datastore: Subscription completed:30709cc7-706d-44b0-81c9-bdc6d5c30840
2021-08-17 09:15:34.926 21108-22165/com.example.amplifydisposablesnullexample D/amplify:aws-api: Cancelling subscription: e5456c9a-3d92-4f03-a709-a2c9f4816e71
2021-08-17 09:15:34.978 21108-21511/com.example.amplifydisposablesnullexample D/amplify:aws-datastore: Subscription completed:e5456c9a-3d92-4f03-a709-a2c9f4816e71
2021-08-17 09:15:34.979 21108-22165/com.example.amplifydisposablesnullexample D/amplify:aws-api: Cancelling subscription: e551bbec-d96c-4e7e-b5d8-2de065820ffd
2021-08-17 09:15:35.027 21108-21511/com.example.amplifydisposablesnullexample D/amplify:aws-datastore: Subscription completed:e551bbec-d96c-4e7e-b5d8-2de065820ffd
2021-08-17 09:15:35.028 21108-22165/com.example.amplifydisposablesnullexample D/amplify:aws-api: Cancelling subscription: b5e1a742-585b-4a75-b01a-1f28b122fd87
2021-08-17 09:15:35.081 21108-21511/com.example.amplifydisposablesnullexample D/amplify:aws-datastore: Subscription completed:b5e1a742-585b-4a75-b01a-1f28b122fd87
2021-08-17 09:15:35.083 21108-22165/com.example.amplifydisposablesnullexample D/amplify:aws-api: Cancelling subscription: 4ce83e5d-5f57-47ff-a0c7-949d5cca13c6
2021-08-17 09:15:35.132 21108-21511/com.example.amplifydisposablesnullexample D/amplify:aws-datastore: Subscription completed:4ce83e5d-5f57-47ff-a0c7-949d5cca13c6
2021-08-17 09:15:35.133 21108-22165/com.example.amplifydisposablesnullexample D/amplify:aws-api: Cancelling subscription: 2235b508-5be6-4836-b08d-6a35afaa3231
2021-08-17 09:15:35.150 21108-21511/com.example.amplifydisposablesnullexample D/amplify:aws-datastore: Subscription completed:2235b508-5be6-4836-b08d-6a35afaa3231
2021-08-17 09:15:35.151 21108-22165/com.example.amplifydisposablesnullexample D/amplify:aws-api: Cancelling subscription: 7a75556b-82b4-4770-a848-d99ef1a06792
2021-08-17 09:15:35.169 21108-21511/com.example.amplifydisposablesnullexample D/amplify:aws-datastore: Subscription completed:7a75556b-82b4-4770-a848-d99ef1a06792
2021-08-17 09:15:35.170 21108-22165/com.example.amplifydisposablesnullexample D/amplify:aws-api: Cancelling subscription: 4e018cec-b62a-426d-b74b-8e27e4282002
2021-08-17 09:15:35.220 21108-21511/com.example.amplifydisposablesnullexample D/amplify:aws-datastore: Subscription completed:4e018cec-b62a-426d-b74b-8e27e4282002
2021-08-17 09:15:35.221 21108-22165/com.example.amplifydisposablesnullexample D/amplify:aws-api: Cancelling subscription: dd07a11e-9697-42ac-a2b6-60c0a7b5e489
2021-08-17 09:15:35.261 21108-21511/com.example.amplifydisposablesnullexample D/amplify:aws-datastore: Subscription completed:dd07a11e-9697-42ac-a2b6-60c0a7b5e489
2021-08-17 09:15:35.262 21108-22165/com.example.amplifydisposablesnullexample D/amplify:aws-api: Cancelling subscription: ec4ae4ac-c61b-40a9-a16b-2a58b48c5a65
2021-08-17 09:15:35.312 21108-21511/com.example.amplifydisposablesnullexample D/amplify:aws-datastore: Subscription completed:ec4ae4ac-c61b-40a9-a16b-2a58b48c5a65
2021-08-17 09:15:35.312 21108-22165/com.example.amplifydisposablesnullexample D/amplify:aws-api: Cancelling subscription: f0040041-77f8-4c67-9c41-9316ba69981d
2021-08-17 09:15:35.332 21108-21511/com.example.amplifydisposablesnullexample D/amplify:aws-datastore: Subscription completed:f0040041-77f8-4c67-9c41-9316ba69981d
2021-08-17 09:15:35.333 21108-22165/com.example.amplifydisposablesnullexample D/amplify:aws-api: Cancelling subscription: 81ccd273-39ff-4872-9e28-3ac062bdd3be
2021-08-17 09:15:35.370 21108-21511/com.example.amplifydisposablesnullexample D/amplify:aws-datastore: Subscription completed:81ccd273-39ff-4872-9e28-3ac062bdd3be
2021-08-17 09:15:35.370 21108-22165/com.example.amplifydisposablesnullexample D/amplify:aws-api: Cancelling subscription: c5e01dc8-0c51-46b5-93db-b6925d78c54f
2021-08-17 09:15:35.388 21108-21511/com.example.amplifydisposablesnullexample D/amplify:aws-datastore: Subscription completed:c5e01dc8-0c51-46b5-93db-b6925d78c54f
2021-08-17 09:15:35.388 21108-22165/com.example.amplifydisposablesnullexample D/amplify:aws-api: Cancelling subscription: e835de6a-877f-4e3f-a85b-31dce0671094
2021-08-17 09:15:35.435 21108-21511/com.example.amplifydisposablesnullexample D/amplify:aws-datastore: Subscription completed:e835de6a-877f-4e3f-a85b-31dce0671094
2021-08-17 09:15:35.436 21108-22165/com.example.amplifydisposablesnullexample D/amplify:aws-api: Cancelling subscription: 542be767-0060-417b-b5fb-4b4591f69626
2021-08-17 09:15:35.468 21108-21511/com.example.amplifydisposablesnullexample D/amplify:aws-datastore: Subscription completed:542be767-0060-417b-b5fb-4b4591f69626
2021-08-17 09:15:35.468 21108-22165/com.example.amplifydisposablesnullexample D/amplify:aws-api: Cancelling subscription: 2b66148c-9082-4dff-bd9c-4c42ad9d3553
2021-08-17 09:15:35.491 21108-21511/com.example.amplifydisposablesnullexample D/amplify:aws-datastore: Subscription completed:2b66148c-9082-4dff-bd9c-4c42ad9d3553
2021-08-17 09:15:35.491 21108-22165/com.example.amplifydisposablesnullexample D/amplify:aws-api: Cancelling subscription: da069ea3-1b08-48e9-9c2a-f319a3177c44
2021-08-17 09:15:35.546 21108-21511/com.example.amplifydisposablesnullexample D/amplify:aws-datastore: Subscription completed:da069ea3-1b08-48e9-9c2a-f319a3177c44
2021-08-17 09:15:35.546 21108-22165/com.example.amplifydisposablesnullexample D/amplify:aws-api: Cancelling subscription: 12d385b0-6562-46f2-b9a8-ecf0a6f26950
2021-08-17 09:15:35.576 21108-21511/com.example.amplifydisposablesnullexample D/amplify:aws-datastore: Subscription completed:12d385b0-6562-46f2-b9a8-ecf0a6f26950
2021-08-17 09:15:35.576 21108-22165/com.example.amplifydisposablesnullexample D/amplify:aws-api: Cancelling subscription: 391fadee-1e6b-4f34-bb05-7279b305f28c
2021-08-17 09:15:35.625 21108-21511/com.example.amplifydisposablesnullexample D/amplify:aws-datastore: Subscription completed:391fadee-1e6b-4f34-bb05-7279b305f28c
2021-08-17 09:15:35.626 21108-22165/com.example.amplifydisposablesnullexample D/amplify:aws-api: Cancelling subscription: 1178ec96-6c53-4e02-b9db-c00bc020463a
2021-08-17 09:15:35.646 21108-21511/com.example.amplifydisposablesnullexample D/amplify:aws-datastore: Subscription completed:1178ec96-6c53-4e02-b9db-c00bc020463a
2021-08-17 09:15:35.647 21108-22165/com.example.amplifydisposablesnullexample D/amplify:aws-api: Cancelling subscription: 4bc9f814-9a4a-4d23-8a45-47704546b6f6
2021-08-17 09:15:35.662 21108-21511/com.example.amplifydisposablesnullexample D/amplify:aws-datastore: Subscription completed:4bc9f814-9a4a-4d23-8a45-47704546b6f6
2021-08-17 09:15:35.662 21108-22165/com.example.amplifydisposablesnullexample D/amplify:aws-api: Cancelling subscription: 93ba9129-4889-4d2b-98da-c25e31dc530a
2021-08-17 09:15:35.692 21108-21511/com.example.amplifydisposablesnullexample D/amplify:aws-datastore: Subscription completed:93ba9129-4889-4d2b-98da-c25e31dc530a
2021-08-17 09:15:35.693 21108-22165/com.example.amplifydisposablesnullexample D/amplify:aws-api: Cancelling subscription: 0158e976-81c7-4c2f-81e5-43ea092e1e64
2021-08-17 09:15:35.712 21108-21511/com.example.amplifydisposablesnullexample D/amplify:aws-datastore: Subscription completed:0158e976-81c7-4c2f-81e5-43ea092e1e64
2021-08-17 09:15:35.713 21108-22165/com.example.amplifydisposablesnullexample D/amplify:aws-api: Cancelling subscription: 217dee77-bb1e-43eb-a08d-fa1a244065c2
2021-08-17 09:15:35.727 21108-21511/com.example.amplifydisposablesnullexample D/amplify:aws-datastore: Subscription completed:217dee77-bb1e-43eb-a08d-fa1a244065c2
2021-08-17 09:15:35.728 21108-22165/com.example.amplifydisposablesnullexample D/amplify:aws-api: Cancelling subscription: 15fd90a8-7cdd-4d21-8301-5ba5eac37072
2021-08-17 09:15:35.769 21108-21511/com.example.amplifydisposablesnullexample D/amplify:aws-datastore: Subscription completed:15fd90a8-7cdd-4d21-8301-5ba5eac37072
2021-08-17 09:15:35.770 21108-22165/com.example.amplifydisposablesnullexample D/amplify:aws-api: Cancelling subscription: 3e8e7be7-3894-4bcf-8199-e8664812423b
2021-08-17 09:15:35.803 21108-21511/com.example.amplifydisposablesnullexample D/amplify:aws-datastore: Subscription completed:3e8e7be7-3894-4bcf-8199-e8664812423b
2021-08-17 09:15:35.803 21108-22165/com.example.amplifydisposablesnullexample D/amplify:aws-api: Cancelling subscription: 7fd85dae-977f-41ba-9156-162a064ee331
2021-08-17 09:15:35.825 21108-21511/com.example.amplifydisposablesnullexample D/amplify:aws-datastore: Subscription completed:7fd85dae-977f-41ba-9156-162a064ee331
2021-08-17 09:15:35.826 21108-22165/com.example.amplifydisposablesnullexample D/amplify:aws-api: Cancelling subscription: da45ec39-71f1-4be0-8bd5-ef87a0997dd6
2021-08-17 09:15:35.879 21108-21511/com.example.amplifydisposablesnullexample D/amplify:aws-datastore: Subscription completed:da45ec39-71f1-4be0-8bd5-ef87a0997dd6
2021-08-17 09:15:35.879 21108-22165/com.example.amplifydisposablesnullexample D/amplify:aws-api: Cancelling subscription: f3fa1007-26da-4e25-9daa-5a0aba8adecc
2021-08-17 09:15:35.926 21108-21511/com.example.amplifydisposablesnullexample D/amplify:aws-datastore: Subscription completed:f3fa1007-26da-4e25-9daa-5a0aba8adecc
2021-08-17 09:15:35.927 21108-22165/com.example.amplifydisposablesnullexample D/amplify:aws-api: Cancelling subscription: c4770bbb-1268-4673-922c-ead66f272df3
2021-08-17 09:15:35.958 21108-21511/com.example.amplifydisposablesnullexample D/amplify:aws-datastore: Subscription completed:c4770bbb-1268-4673-922c-ead66f272df3
2021-08-17 09:15:35.959 21108-22165/com.example.amplifydisposablesnullexample D/amplify:aws-api: Cancelling subscription: f09fd3d8-1caa-4006-b927-97bedc8b190d
2021-08-17 09:15:36.019 21108-21511/com.example.amplifydisposablesnullexample D/amplify:aws-datastore: Subscription completed:f09fd3d8-1caa-4006-b927-97bedc8b190d
2021-08-17 09:15:36.020 21108-22165/com.example.amplifydisposablesnullexample D/amplify:aws-api: Cancelling subscription: 2a998237-e087-488e-baea-816db38365e6
2021-08-17 09:15:36.062 21108-21511/com.example.amplifydisposablesnullexample D/amplify:aws-datastore: Subscription completed:2a998237-e087-488e-baea-816db38365e6
2021-08-17 09:15:36.063 21108-22165/com.example.amplifydisposablesnullexample D/amplify:aws-api: Cancelling subscription: 61c7ddb7-ac47-4ce5-8a04-bfd5e51c2dcf
2021-08-17 09:15:36.095 21108-21511/com.example.amplifydisposablesnullexample D/amplify:aws-datastore: Subscription completed:61c7ddb7-ac47-4ce5-8a04-bfd5e51c2dcf
2021-08-17 09:15:36.096 21108-22165/com.example.amplifydisposablesnullexample D/amplify:aws-api: Cancelling subscription: c8a3cd2d-0eab-4ed5-a692-c3f278387163
2021-08-17 09:15:36.143 21108-21511/com.example.amplifydisposablesnullexample D/amplify:aws-datastore: Subscription completed:c8a3cd2d-0eab-4ed5-a692-c3f278387163
2021-08-17 09:15:36.144 21108-22165/com.example.amplifydisposablesnullexample D/amplify:aws-api: Cancelling subscription: 05db9016-a1c3-42d4-a0cf-69da68235621
2021-08-17 09:15:36.167 21108-21511/com.example.amplifydisposablesnullexample D/amplify:aws-datastore: Subscription completed:05db9016-a1c3-42d4-a0cf-69da68235621
2021-08-17 09:15:36.167 21108-22165/com.example.amplifydisposablesnullexample D/amplify:aws-api: Cancelling subscription: 037b40d1-ef48-474d-8651-b78ccdc48c4d
2021-08-17 09:15:36.223 21108-21511/com.example.amplifydisposablesnullexample D/amplify:aws-datastore: Subscription completed:037b40d1-ef48-474d-8651-b78ccdc48c4d
2021-08-17 09:15:36.224 21108-22165/com.example.amplifydisposablesnullexample D/amplify:aws-api: Cancelling subscription: 425a9151-1a65-40ae-9bfd-bc136659dc63
2021-08-17 09:15:36.250 21108-21511/com.example.amplifydisposablesnullexample D/amplify:aws-datastore: Subscription completed:425a9151-1a65-40ae-9bfd-bc136659dc63
2021-08-17 09:15:36.251 21108-22165/com.example.amplifydisposablesnullexample D/amplify:aws-api: Cancelling subscription: 9a8ecfa2-303f-446a-b8ab-b87c44aa39d1
2021-08-17 09:15:36.290 21108-21511/com.example.amplifydisposablesnullexample D/amplify:aws-datastore: Subscription completed:9a8ecfa2-303f-446a-b8ab-b87c44aa39d1
2021-08-17 09:15:36.290 21108-22165/com.example.amplifydisposablesnullexample D/amplify:aws-api: Cancelling subscription: c1e2b0e2-71af-478b-ad05-b9a7e40f9e52
2021-08-17 09:15:36.332 21108-21511/com.example.amplifydisposablesnullexample D/amplify:aws-datastore: Subscription completed:c1e2b0e2-71af-478b-ad05-b9a7e40f9e52
2021-08-17 09:15:36.333 21108-22165/com.example.amplifydisposablesnullexample D/amplify:aws-api: Cancelling subscription: d560a1ef-4190-4de3-abee-a004647b9467
2021-08-17 09:15:36.354 21108-21511/com.example.amplifydisposablesnullexample D/amplify:aws-datastore: Subscription completed:d560a1ef-4190-4de3-abee-a004647b9467
2021-08-17 09:15:36.354 21108-22165/com.example.amplifydisposablesnullexample D/amplify:aws-api: Cancelling subscription: 5e26a1e2-4c14-4fd6-bfe5-7077f19f673b
2021-08-17 09:15:36.408 21108-21511/com.example.amplifydisposablesnullexample D/amplify:aws-datastore: Subscription completed:5e26a1e2-4c14-4fd6-bfe5-7077f19f673b
2021-08-17 09:15:36.409 21108-22165/com.example.amplifydisposablesnullexample D/amplify:aws-api: Cancelling subscription: e6140bfc-f388-466a-820e-e1a15830a41a
2021-08-17 09:15:36.454 21108-21511/com.example.amplifydisposablesnullexample D/amplify:aws-datastore: Subscription completed:e6140bfc-f388-466a-820e-e1a15830a41a
2021-08-17 09:15:36.454 21108-22165/com.example.amplifydisposablesnullexample D/amplify:aws-api: Cancelling subscription: cb05b3bd-9ab9-4b29-ba08-4fe538aecad0
2021-08-17 09:15:36.505 21108-21511/com.example.amplifydisposablesnullexample D/amplify:aws-datastore: Subscription completed:cb05b3bd-9ab9-4b29-ba08-4fe538aecad0
2021-08-17 09:15:36.506 21108-22165/com.example.amplifydisposablesnullexample D/amplify:aws-api: Cancelling subscription: fc5e0a4e-67f5-4829-b914-da8b33e3ac3f
2021-08-17 09:15:36.523 21108-21511/com.example.amplifydisposablesnullexample D/amplify:aws-datastore: Subscription completed:fc5e0a4e-67f5-4829-b914-da8b33e3ac3f
2021-08-17 09:15:36.524 21108-22165/com.example.amplifydisposablesnullexample D/amplify:aws-api: Cancelling subscription: 227cfbb9-32e2-4353-ba56-5d596b4eecf0
2021-08-17 09:15:36.580 21108-21511/com.example.amplifydisposablesnullexample D/amplify:aws-datastore: Subscription completed:227cfbb9-32e2-4353-ba56-5d596b4eecf0
2021-08-17 09:15:36.580 21108-22165/com.example.amplifydisposablesnullexample D/amplify:aws-api: Cancelling subscription: cdf641b2-7437-4819-bad0-0787c4e7357c
2021-08-17 09:15:36.611 21108-21511/com.example.amplifydisposablesnullexample D/amplify:aws-datastore: Subscription completed:cdf641b2-7437-4819-bad0-0787c4e7357c
2021-08-17 09:15:36.611 21108-22165/com.example.amplifydisposablesnullexample D/amplify:aws-api: Cancelling subscription: 06d4a33f-58c3-4de6-b43b-260ecfd98718
2021-08-17 09:15:36.662 21108-21511/com.example.amplifydisposablesnullexample D/amplify:aws-datastore: Subscription completed:06d4a33f-58c3-4de6-b43b-260ecfd98718
2021-08-17 09:15:36.663 21108-22165/com.example.amplifydisposablesnullexample D/amplify:aws-api: Cancelling subscription: efed33c2-10cf-43ad-97cf-ffd98802be0e
2021-08-17 09:15:36.721 21108-21511/com.example.amplifydisposablesnullexample D/amplify:aws-datastore: Subscription completed:efed33c2-10cf-43ad-97cf-ffd98802be0e
2021-08-17 09:15:36.722 21108-22165/com.example.amplifydisposablesnullexample D/amplify:aws-api: Cancelling subscription: 61ad6e87-9060-4caa-99f0-b884e3a017b9
2021-08-17 09:15:36.757 21108-21511/com.example.amplifydisposablesnullexample D/amplify:aws-datastore: Subscription completed:61ad6e87-9060-4caa-99f0-b884e3a017b9
2021-08-17 09:15:36.758 21108-22165/com.example.amplifydisposablesnullexample D/amplify:aws-api: Cancelling subscription: 5e7c89f9-65d6-4a1f-9c18-147723ff7d56
2021-08-17 09:15:36.782 21108-21511/com.example.amplifydisposablesnullexample D/amplify:aws-datastore: Subscription completed:5e7c89f9-65d6-4a1f-9c18-147723ff7d56
2021-08-17 09:15:36.783 21108-22165/com.example.amplifydisposablesnullexample D/amplify:aws-api: Cancelling subscription: ab437569-230c-4d23-9e7c-55c3ef497278
2021-08-17 09:15:36.816 21108-21511/com.example.amplifydisposablesnullexample D/amplify:aws-datastore: Subscription completed:ab437569-230c-4d23-9e7c-55c3ef497278
2021-08-17 09:15:36.817 21108-22165/com.example.amplifydisposablesnullexample D/amplify:aws-api: Cancelling subscription: a6efe68a-38ec-4f08-9a99-308e37fd78ae
2021-08-17 09:15:36.861 21108-21511/com.example.amplifydisposablesnullexample D/amplify:aws-datastore: Subscription completed:a6efe68a-38ec-4f08-9a99-308e37fd78ae
2021-08-17 09:15:36.861 21108-22165/com.example.amplifydisposablesnullexample D/amplify:aws-api: Cancelling subscription: 14dce973-83b9-4fa5-a5b7-91a4ef31fc2d
2021-08-17 09:15:36.877 21108-21511/com.example.amplifydisposablesnullexample D/amplify:aws-datastore: Subscription completed:14dce973-83b9-4fa5-a5b7-91a4ef31fc2d
2021-08-17 09:15:36.877 21108-22165/com.example.amplifydisposablesnullexample D/amplify:aws-api: Cancelling subscription: dacd8a12-4206-41b4-91f6-a81a1a67f46a
2021-08-17 09:15:36.927 21108-21511/com.example.amplifydisposablesnullexample D/amplify:aws-datastore: Subscription completed:dacd8a12-4206-41b4-91f6-a81a1a67f46a
2021-08-17 09:15:36.927 21108-22165/com.example.amplifydisposablesnullexample D/amplify:aws-api: Cancelling subscription: fc6c19a1-cb04-440c-9e3f-41db7c4ade6b
2021-08-17 09:15:36.952 21108-21511/com.example.amplifydisposablesnullexample D/amplify:aws-datastore: Subscription completed:fc6c19a1-cb04-440c-9e3f-41db7c4ade6b
2021-08-17 09:15:36.952 21108-22165/com.example.amplifydisposablesnullexample D/amplify:aws-api: Cancelling subscription: 783a8524-4d5b-48db-beac-37a4c7cc0a5c
2021-08-17 09:15:37.007 21108-21511/com.example.amplifydisposablesnullexample D/amplify:aws-datastore: Subscription completed:783a8524-4d5b-48db-beac-37a4c7cc0a5c
2021-08-17 09:15:37.008 21108-22165/com.example.amplifydisposablesnullexample D/amplify:aws-api: Cancelling subscription: ffe485dd-82cc-4d6e-ad27-8791556b7d04
2021-08-17 09:15:37.042 21108-21511/com.example.amplifydisposablesnullexample D/amplify:aws-datastore: Subscription completed:ffe485dd-82cc-4d6e-ad27-8791556b7d04
2021-08-17 09:15:37.042 21108-22165/com.example.amplifydisposablesnullexample D/amplify:aws-api: Cancelling subscription: 08700c96-6a47-4ba9-8943-5d6959d496ec
2021-08-17 09:15:37.063 21108-21511/com.example.amplifydisposablesnullexample D/amplify:aws-datastore: Subscription completed:08700c96-6a47-4ba9-8943-5d6959d496ec
2021-08-17 09:15:37.063 21108-22165/com.example.amplifydisposablesnullexample D/amplify:aws-api: Cancelling subscription: 38aa9514-6c6f-40ab-8bdd-7d899b98968a
2021-08-17 09:15:37.102 21108-21511/com.example.amplifydisposablesnullexample D/amplify:aws-datastore: Subscription completed:38aa9514-6c6f-40ab-8bdd-7d899b98968a
2021-08-17 09:15:37.103 21108-22165/com.example.amplifydisposablesnullexample D/amplify:aws-api: Cancelling subscription: 45455bd2-47af-4761-b759-62babe7c2f0c
2021-08-17 09:15:37.125 21108-21511/com.example.amplifydisposablesnullexample D/amplify:aws-datastore: Subscription completed:45455bd2-47af-4761-b759-62babe7c2f0c
2021-08-17 09:15:37.126 21108-22165/com.example.amplifydisposablesnullexample D/amplify:aws-api: Cancelling subscription: 25efbfe2-4ef3-42d3-b2c5-5b657c8b3940
2021-08-17 09:15:37.185 21108-21511/com.example.amplifydisposablesnullexample D/amplify:aws-datastore: Subscription completed:25efbfe2-4ef3-42d3-b2c5-5b657c8b3940
2021-08-17 09:15:37.186 21108-22165/com.example.amplifydisposablesnullexample D/amplify:aws-api: Cancelling subscription: 79ad5b28-5ec3-41e6-a171-7b899f47f27b
2021-08-17 09:15:37.205 21108-21511/com.example.amplifydisposablesnullexample D/amplify:aws-datastore: Subscription completed:79ad5b28-5ec3-41e6-a171-7b899f47f27b
2021-08-17 09:15:37.206 21108-22165/com.example.amplifydisposablesnullexample D/amplify:aws-api: Cancelling subscription: 5bd59ed0-e036-459e-b68a-ecc88a4bdf5d
2021-08-17 09:15:37.240 21108-21511/com.example.amplifydisposablesnullexample D/amplify:aws-datastore: Subscription completed:5bd59ed0-e036-459e-b68a-ecc88a4bdf5d
2021-08-17 09:15:37.240 21108-22165/com.example.amplifydisposablesnullexample D/amplify:aws-api: Cancelling subscription: 5d876603-4e90-4177-93f5-c6ca482001c6
2021-08-17 09:15:37.267 21108-21511/com.example.amplifydisposablesnullexample D/amplify:aws-datastore: Subscription completed:5d876603-4e90-4177-93f5-c6ca482001c6
2021-08-17 09:15:37.267 21108-22165/com.example.amplifydisposablesnullexample D/amplify:aws-api: Cancelling subscription: 27553b6b-4a56-489e-935a-90593a186893
2021-08-17 09:15:37.297 21108-21511/com.example.amplifydisposablesnullexample D/amplify:aws-datastore: Subscription completed:27553b6b-4a56-489e-935a-90593a186893
2021-08-17 09:15:37.297 21108-22165/com.example.amplifydisposablesnullexample I/amplify:aws-api: No more active subscriptions. Closing web socket.
2021-08-17 09:15:37.299 21108-22165/com.example.amplifydisposablesnullexample I/amplify:aws-datastore: Stopped subscription processor.
2021-08-17 09:15:37.299 21108-22165/com.example.amplifydisposablesnullexample I/amplify:aws-datastore: Stopping observation of local storage changes.
2021-08-17 09:15:37.299 21108-22165/com.example.amplifydisposablesnullexample I/amplify:aws-datastore: Setting currentState to STOPPED
2021-08-17 09:15:37.300 21108-22165/com.example.amplifydisposablesnullexample I/amplify:aws-datastore: Orchestrator lock released.
2021-08-17 09:15:37.300 21108-22163/com.example.amplifydisposablesnullexample D/amplify:aws-datastore: Shutting down thread pool for the storage adapter.
2021-08-17 09:15:37.342 21108-22163/com.example.amplifydisposablesnullexample D/amplify:aws-datastore: Storage adapter thread pool shutdown.
2021-08-17 09:15:37.343 21108-22163/com.example.amplifydisposablesnullexample D/amplify:aws-datastore: Clearing DataStore.
2021-08-17 09:15:37.344 21108-22163/com.example.amplifydisposablesnullexample D/amplify:aws-datastore: DataStore cleared. Re-initializing storage adapter.
2021-08-17 09:15:37.358 21108-22384/com.example.amplifydisposablesnullexample I/amplify:aws-datastore: Creating table: Model02
2021-08-17 09:15:37.358 21108-22384/com.example.amplifydisposablesnullexample I/amplify:aws-datastore: Creating table: Model22
2021-08-17 09:15:37.359 21108-22384/com.example.amplifydisposablesnullexample I/amplify:aws-datastore: Creating table: AmplifyBug
2021-08-17 09:15:37.359 21108-22384/com.example.amplifydisposablesnullexample I/amplify:aws-datastore: Creating table: Model09
2021-08-17 09:15:37.360 21108-22384/com.example.amplifydisposablesnullexample I/amplify:aws-datastore: Creating table: Model08
2021-08-17 09:15:37.360 21108-22384/com.example.amplifydisposablesnullexample I/amplify:aws-datastore: Creating table: Model16
2021-08-17 09:15:37.360 21108-22384/com.example.amplifydisposablesnullexample I/amplify:aws-datastore: Creating table: Model14
2021-08-17 09:15:37.361 21108-22384/com.example.amplifydisposablesnullexample I/amplify:aws-datastore: Creating table: PersistentModelVersion
2021-08-17 09:15:37.361 21108-22384/com.example.amplifydisposablesnullexample I/amplify:aws-datastore: Creating table: Model27
2021-08-17 09:15:37.361 21108-22384/com.example.amplifydisposablesnullexample I/amplify:aws-datastore: Creating table: Model07
2021-08-17 09:15:37.362 21108-22384/com.example.amplifydisposablesnullexample I/amplify:aws-datastore: Creating table: LastSyncMetadata
2021-08-17 09:15:37.362 21108-22384/com.example.amplifydisposablesnullexample I/amplify:aws-datastore: Creating table: Model10
2021-08-17 09:15:37.363 21108-22384/com.example.amplifydisposablesnullexample I/amplify:aws-datastore: Creating table: Model03
2021-08-17 09:15:37.364 21108-22384/com.example.amplifydisposablesnullexample I/amplify:aws-datastore: Creating table: Model28
2021-08-17 09:15:37.364 21108-22384/com.example.amplifydisposablesnullexample I/amplify:aws-datastore: Creating table: Model15
2021-08-17 09:15:37.365 21108-22384/com.example.amplifydisposablesnullexample I/amplify:aws-datastore: Creating table: Model23
2021-08-17 09:15:37.365 21108-22384/com.example.amplifydisposablesnullexample I/amplify:aws-datastore: Creating table: Model6
2021-08-17 09:15:37.365 21108-22384/com.example.amplifydisposablesnullexample I/amplify:aws-datastore: Creating table: Model25
2021-08-17 09:15:37.366 21108-22384/com.example.amplifydisposablesnullexample I/amplify:aws-datastore: Creating table: Model19
2021-08-17 09:15:37.366 21108-22384/com.example.amplifydisposablesnullexample I/amplify:aws-datastore: Creating table: Model12
2021-08-17 09:15:37.366 21108-22384/com.example.amplifydisposablesnullexample I/amplify:aws-datastore: Creating table: Model26
2021-08-17 09:15:37.367 21108-22384/com.example.amplifydisposablesnullexample I/amplify:aws-datastore: Creating table: Model11
2021-08-17 09:15:37.367 21108-22384/com.example.amplifydisposablesnullexample I/amplify:aws-datastore: Creating table: PersistentRecord
2021-08-17 09:15:37.367 21108-22384/com.example.amplifydisposablesnullexample I/amplify:aws-datastore: Creating table: Model24
2021-08-17 09:15:37.368 21108-22384/com.example.amplifydisposablesnullexample I/amplify:aws-datastore: Creating table: Model06
2021-08-17 09:15:37.368 21108-22384/com.example.amplifydisposablesnullexample I/amplify:aws-datastore: Creating table: Model20
2021-08-17 09:15:37.368 21108-22384/com.example.amplifydisposablesnullexample I/amplify:aws-datastore: Creating table: Model17
2021-08-17 09:15:37.368 21108-22384/com.example.amplifydisposablesnullexample I/amplify:aws-datastore: Creating table: Model04
2021-08-17 09:15:37.369 21108-22384/com.example.amplifydisposablesnullexample I/amplify:aws-datastore: Creating table: Model21
2021-08-17 09:15:37.369 21108-22384/com.example.amplifydisposablesnullexample I/amplify:aws-datastore: Creating table: Model18
2021-08-17 09:15:37.369 21108-22384/com.example.amplifydisposablesnullexample I/amplify:aws-datastore: Creating table: Model13
2021-08-17 09:15:37.369 21108-22384/com.example.amplifydisposablesnullexample I/amplify:aws-datastore: Creating table: ModelMetadata
2021-08-17 09:15:37.370 21108-22384/com.example.amplifydisposablesnullexample I/amplify:aws-datastore: Creating table: Model05
2021-08-17 09:15:37.370 21108-22384/com.example.amplifydisposablesnullexample I/amplify:aws-datastore: Creating index for table: PersistentRecord
2021-08-17 09:15:37.377 21108-22385/com.example.amplifydisposablesnullexample V/amplify:aws-datastore: SQLCommandProcessor rawQuery in 0 ms inTransaction: false SQL: SELECT `PersistentModelVersion`.`id` AS `PersistentModelVersion_id`, `PersistentModelVersion`.`version` AS `PersistentModelVersion_version` FROM `PersistentModelVersion`;
2021-08-17 09:15:37.377 21108-22385/com.example.amplifydisposablesnullexample D/amplify:aws-datastore: Querying item for: PersistentModelVersion
2021-08-17 09:15:37.378 21108-22386/com.example.amplifydisposablesnullexample V/amplify:aws-datastore: SQLCommandProcessor.bindValueToStatement(..., value = 1ae1b4d0-7894-4f23-831e-ccf6c8439e1c
2021-08-17 09:15:37.378 21108-22386/com.example.amplifydisposablesnullexample V/amplify:aws-datastore: SQLCommandProcessor executeExists in 0 ms inTransaction: false SQL: SELECT EXISTS(SELECT 1 FROM `PersistentModelVersion` WHERE `PersistentModelVersion`.`id` = ?);
2021-08-17 09:15:37.378 21108-22386/com.example.amplifydisposablesnullexample V/amplify:aws-datastore: Creating item in PersistentModelVersion identified by ID: 1ae1b4d0-7894-4f23-831e-ccf6c8439e1c
2021-08-17 09:15:37.379 21108-22386/com.example.amplifydisposablesnullexample V/amplify:aws-datastore: SQLCommandProcessor.bindValueToStatement(..., value = 1ae1b4d0-7894-4f23-831e-ccf6c8439e1c
2021-08-17 09:15:37.379 21108-22386/com.example.amplifydisposablesnullexample V/amplify:aws-datastore: SQLCommandProcessor.bindValueToStatement(..., value = 0be7d37f-5bfc-36e6-b5ac-80b611c0ddf1
2021-08-17 09:15:37.380 21108-22386/com.example.amplifydisposablesnullexample V/amplify:aws-datastore: SQLCommandProcessor execute in 2 ms inTransaction: false SQL: INSERT INTO `PersistentModelVersion` (`id`, `version`) VALUES (?, ?)
2021-08-17 09:15:37.381 21108-22386/com.example.amplifydisposablesnullexample D/main: Amplify DataStore clear explicitly initiated.
2021-08-17 09:15:37.381 21108-21139/com.example.amplifydisposablesnullexample D/main: clear finished
2021-08-17 09:15:37.381 21108-21139/com.example.amplifydisposablesnullexample I/amplify:bug: starting test
2021-08-17 09:15:37.381 21108-21139/com.example.amplifydisposablesnullexample D/main: init started
2021-08-17 09:15:37.386 21108-22387/com.example.amplifydisposablesnullexample D/AWSMobileClient: Inspecting user state details
2021-08-17 09:15:37.392 21108-22392/com.example.amplifydisposablesnullexample D/AWSMobileClient: Inspecting user state details
2021-08-17 09:15:37.392 21108-22392/com.example.amplifydisposablesnullexample D/AWSMobileClient: waitForSignIn: userState:SIGNED_OUT
2021-08-17 09:15:37.435 21108-22392/com.example.amplifydisposablesnullexample W/AWSMobileClient: getCredentials: Failed to getCredentials from Cognito Identity
    com.amazonaws.services.cognitoidentity.model.NotAuthorizedException: Unauthenticated access is not supported for this identity pool. (Service: AmazonCognitoIdentity; Status Code: 400; Error Code: NotAuthorizedException; Request ID: 3fc3b890-b92f-4298-aa11-71b2298c0c88)
        at com.amazonaws.http.AmazonHttpClient.handleErrorResponse(AmazonHttpClient.java:742)
        at com.amazonaws.http.AmazonHttpClient.executeHelper(AmazonHttpClient.java:420)
        at com.amazonaws.http.AmazonHttpClient.execute(AmazonHttpClient.java:229)
        at com.amazonaws.services.cognitoidentity.AmazonCognitoIdentityClient.invoke(AmazonCognitoIdentityClient.java:1836)
        at com.amazonaws.services.cognitoidentity.AmazonCognitoIdentityClient.getId(AmazonCognitoIdentityClient.java:809)
        at com.amazonaws.auth.AWSAbstractCognitoIdentityProvider.getIdentityId(AWSAbstractCognitoIdentityProvider.java:172)
        at com.amazonaws.mobile.client.AWSMobileClientCognitoIdentityProvider.refresh(AWSMobileClient.java:3923)
        at com.amazonaws.auth.CognitoCredentialsProvider.startSession(CognitoCredentialsProvider.java:687)
        at com.amazonaws.auth.CognitoCredentialsProvider.getCredentials(CognitoCredentialsProvider.java:474)
        at com.amazonaws.auth.CognitoCachingCredentialsProvider.getCredentials(CognitoCachingCredentialsProvider.java:496)
        at com.amazonaws.mobile.client.AWSMobileClient.getCredentials(AWSMobileClient.java:397)
        at com.amazonaws.mobile.client.AWSMobileClient$1.run(AWSMobileClient.java:442)
        at com.amazonaws.mobile.client.AWSMobileClient$1.run(AWSMobileClient.java:439)
        at com.amazonaws.mobile.client.internal.ReturningRunnable$1.run(ReturningRunnable.java:44)
        at java.lang.Thread.run(Thread.java:919)
2021-08-17 09:15:37.439 21108-22403/com.example.amplifydisposablesnullexample W/CognitoUserSession: CognitoUserSession is not valid because idToken is null.
2021-08-17 09:15:37.439 21108-22403/com.example.amplifydisposablesnullexample D/AWSMobileClient: Sending password.
2021-08-17 09:15:37.440 21108-22403/com.example.amplifydisposablesnullexample D/AWSMobileClient: Using USER_SRP_AUTH for flow type.
2021-08-17 09:15:37.651 21108-22407/com.example.amplifydisposablesnullexample D/AWSMobileClient: Inspecting user state details
2021-08-17 09:15:37.658 21108-22412/com.example.amplifydisposablesnullexample D/AWSMobileClient: Inspecting user state details
2021-08-17 09:15:37.658 21108-22412/com.example.amplifydisposablesnullexample D/AWSMobileClient: waitForSignIn: userState:SIGNED_OUT
2021-08-17 09:15:37.695 21108-22412/com.example.amplifydisposablesnullexample W/AWSMobileClient: getCredentials: Failed to getCredentials from Cognito Identity
    com.amazonaws.services.cognitoidentity.model.NotAuthorizedException: Unauthenticated access is not supported for this identity pool. (Service: AmazonCognitoIdentity; Status Code: 400; Error Code: NotAuthorizedException; Request ID: e2d01a53-6891-4355-a04d-5147c973491f)
        at com.amazonaws.http.AmazonHttpClient.handleErrorResponse(AmazonHttpClient.java:742)
        at com.amazonaws.http.AmazonHttpClient.executeHelper(AmazonHttpClient.java:420)
        at com.amazonaws.http.AmazonHttpClient.execute(AmazonHttpClient.java:229)
        at com.amazonaws.services.cognitoidentity.AmazonCognitoIdentityClient.invoke(AmazonCognitoIdentityClient.java:1836)
        at com.amazonaws.services.cognitoidentity.AmazonCognitoIdentityClient.getId(AmazonCognitoIdentityClient.java:809)
        at com.amazonaws.auth.AWSAbstractCognitoIdentityProvider.getIdentityId(AWSAbstractCognitoIdentityProvider.java:172)
        at com.amazonaws.mobile.client.AWSMobileClientCognitoIdentityProvider.refresh(AWSMobileClient.java:3923)
        at com.amazonaws.auth.CognitoCredentialsProvider.startSession(CognitoCredentialsProvider.java:687)
        at com.amazonaws.auth.CognitoCredentialsProvider.getCredentials(CognitoCredentialsProvider.java:474)
        at com.amazonaws.auth.CognitoCachingCredentialsProvider.getCredentials(CognitoCachingCredentialsProvider.java:496)
        at com.amazonaws.mobile.client.AWSMobileClient.getCredentials(AWSMobileClient.java:397)
        at com.amazonaws.mobile.client.AWSMobileClient$1.run(AWSMobileClient.java:442)
        at com.amazonaws.mobile.client.AWSMobileClient$1.run(AWSMobileClient.java:439)
        at com.amazonaws.mobile.client.internal.ReturningRunnable$1.run(ReturningRunnable.java:44)
        at java.lang.Thread.run(Thread.java:919)
2021-08-17 09:15:37.700 21108-22423/com.example.amplifydisposablesnullexample W/CognitoUserSession: CognitoUserSession is not valid because idToken is null.
2021-08-17 09:15:37.700 21108-22423/com.example.amplifydisposablesnullexample D/AWSMobileClient: Sending password.
2021-08-17 09:15:37.700 21108-22423/com.example.amplifydisposablesnullexample D/AWSMobileClient: Using USER_SRP_AUTH for flow type.
2021-08-17 09:15:38.104 21108-22423/com.example.amplifydisposablesnullexample D/AWSMobileClient: _federatedSignIn: Putting provider and token in store
2021-08-17 09:15:38.118 21108-22423/com.example.amplifydisposablesnullexample D/AWSMobileClient: Inspecting user state details
2021-08-17 09:15:38.118 21108-22423/com.example.amplifydisposablesnullexample D/AWSMobileClient: hasFederatedToken: false provider: cognito-idp.us-east-1.amazonaws.com/us-east-1_4S3c9DBwC
2021-08-17 09:15:38.380 21108-21139/com.example.amplifydisposablesnullexample I/amplify:bug: SignInComplete
2021-08-17 09:15:38.381 21108-21139/com.example.amplifydisposablesnullexample D/amplify:aws-datastore: Attempting to acquire lock. Permits available = true
2021-08-17 09:15:38.381 21108-21139/com.example.amplifydisposablesnullexample I/amplify:aws-datastore: Orchestrator lock acquired.
2021-08-17 09:15:38.383 21108-21654/com.example.amplifydisposablesnullexample I/amplify:aws-datastore: Orchestrator transitioning from STOPPED to SYNC_VIA_API
2021-08-17 09:15:38.383 21108-21654/com.example.amplifydisposablesnullexample I/amplify:aws-datastore: Starting to observe local storage changes.
2021-08-17 09:15:38.385 21108-22525/com.example.amplifydisposablesnullexample V/amplify:aws-datastore: SQLCommandProcessor rawQuery in 1 ms inTransaction: false SQL: SELECT `PersistentRecord`.`id` AS `PersistentRecord_id`, `PersistentRecord`.`containedModelClassName` AS `PersistentRecord_containedModelClassName`, `PersistentRecord`.`containedModelId` AS `PersistentRecord_containedModelId`, `PersistentRecord`.`serializedMutationData` AS `PersistentRecord_serializedMutationData` FROM `PersistentRecord`;
2021-08-17 09:15:38.385 21108-22525/com.example.amplifydisposablesnullexample D/amplify:aws-datastore: Querying item for: PersistentRecord
2021-08-17 09:15:38.386 21108-22525/com.example.amplifydisposablesnullexample I/amplify:aws-datastore: Now observing local storage. Local changes will be enqueued to mutation outbox.
2021-08-17 09:15:38.387 21108-22525/com.example.amplifydisposablesnullexample I/amplify:aws-datastore: Setting currentState to LOCAL_ONLY
2021-08-17 09:15:38.387 21108-21654/com.example.amplifydisposablesnullexample I/amplify:aws-datastore: Setting currentState to SYNC_VIA_API
2021-08-17 09:15:38.388 21108-21654/com.example.amplifydisposablesnullexample D/main: Amplify DataStore sync explicitly initiated.
2021-08-17 09:15:38.388 21108-21654/com.example.amplifydisposablesnullexample I/amplify:aws-datastore: Orchestrator lock released.
2021-08-17 09:15:38.388 21108-21434/com.example.amplifydisposablesnullexample I/amplify:aws-datastore: Starting API synchronization mode.
2021-08-17 09:15:38.400 21108-21434/com.example.amplifydisposablesnullexample I/amplify:aws-datastore: Starting processing subscription events.
2021-08-17 09:15:38.403 21108-21434/com.example.amplifydisposablesnullexample D/amplify:aws-datastore: Waiting for subscriptions to start.
2021-08-17 09:15:38.429 21108-21460/com.example.amplifydisposablesnullexample D/amplify:aws-api: Requesting subscription: {"query": "subscription OnUpdateModel24($owner: String!) {\n  onUpdateModel24(owner: $owner) {\n    _deleted\n    _lastChangedAt\n    _version\n    createdAt\n    id\n    owner\n    updated\n    updatedAt\n  }\n}\n", "variables": {"owner":"6db1cef0-3689-4d16-ad28-09b586224690"}}
2021-08-17 09:15:38.437 21108-21461/com.example.amplifydisposablesnullexample D/amplify:aws-api: Requesting subscription: {"query": "subscription OnCreateModel04($owner: String!) {\n  onCreateModel04(owner: $owner) {\n    _deleted\n    _lastChangedAt\n    _version\n    createdAt\n    id\n    owner\n    updated\n    updatedAt\n  }\n}\n", "variables": {"owner":"6db1cef0-3689-4d16-ad28-09b586224690"}}
2021-08-17 09:15:38.440 21108-21466/com.example.amplifydisposablesnullexample D/amplify:aws-api: Requesting subscription: {"query": "subscription OnUpdateModel25($owner: String!) {\n  onUpdateModel25(owner: $owner) {\n    _deleted\n    _lastChangedAt\n    _version\n    createdAt\n    id\n    owner\n    updated\n    updatedAt\n  }\n}\n", "variables": {"owner":"6db1cef0-3689-4d16-ad28-09b586224690"}}
2021-08-17 09:15:38.443 21108-21467/com.example.amplifydisposablesnullexample D/amplify:aws-api: Requesting subscription: {"query": "subscription OnUpdateModel23($owner: String!) {\n  onUpdateModel23(owner: $owner) {\n    _deleted\n    _lastChangedAt\n    _version\n    createdAt\n    id\n    owner\n    updated\n    updatedAt\n  }\n}\n", "variables": {"owner":"6db1cef0-3689-4d16-ad28-09b586224690"}}
2021-08-17 09:15:38.446 21108-21468/com.example.amplifydisposablesnullexample D/amplify:aws-api: Requesting subscription: {"query": "subscription OnUpdateModel17($owner: String!) {\n  onUpdateModel17(owner: $owner) {\n    _deleted\n    _lastChangedAt\n    _version\n    createdAt\n    id\n    owner\n    updated\n    updatedAt\n  }\n}\n", "variables": {"owner":"6db1cef0-3689-4d16-ad28-09b586224690"}}
2021-08-17 09:15:38.451 21108-21472/com.example.amplifydisposablesnullexample D/amplify:aws-api: Requesting subscription: {"query": "subscription OnCreateModel07($owner: String!) {\n  onCreateModel07(owner: $owner) {\n    _deleted\n    _lastChangedAt\n    _version\n    createdAt\n    id\n    owner\n    updated\n    updatedAt\n  }\n}\n", "variables": {"owner":"6db1cef0-3689-4d16-ad28-09b586224690"}}
2021-08-17 09:15:38.451 21108-21470/com.example.amplifydisposablesnullexample D/amplify:aws-api: Requesting subscription: {"query": "subscription OnUpdateModel05($owner: String!) {\n  onUpdateModel05(owner: $owner) {\n    _deleted\n    _lastChangedAt\n    _version\n    createdAt\n    id\n    owner\n    updated\n    updatedAt\n  }\n}\n", "variables": {"owner":"6db1cef0-3689-4d16-ad28-09b586224690"}}
2021-08-17 09:15:38.457 21108-21464/com.example.amplifydisposablesnullexample D/amplify:aws-api: Requesting subscription: {"query": "subscription OnCreateModel20($owner: String!) {\n  onCreateModel20(owner: $owner) {\n    _deleted\n    _lastChangedAt\n    _version\n    createdAt\n    id\n    owner\n    updated\n    updatedAt\n  }\n}\n", "variables": {"owner":"6db1cef0-3689-4d16-ad28-09b586224690"}}
2021-08-17 09:15:38.463 21108-21474/com.example.amplifydisposablesnullexample D/amplify:aws-api: Requesting subscription: {"query": "subscription OnDeleteModel10($owner: String!) {\n  onDeleteModel10(owner: $owner) {\n    _deleted\n    _lastChangedAt\n    _version\n    createdAt\n    id\n    owner\n    updated\n    updatedAt\n  }\n}\n", "variables": {"owner":"6db1cef0-3689-4d16-ad28-09b586224690"}}
2021-08-17 09:15:38.465 21108-21478/com.example.amplifydisposablesnullexample D/amplify:aws-api: Requesting subscription: {"query": "subscription OnCreateModel23($owner: String!) {\n  onCreateModel23(owner: $owner) {\n    _deleted\n    _lastChangedAt\n    _version\n    createdAt\n    id\n    owner\n    updated\n    updatedAt\n  }\n}\n", "variables": {"owner":"6db1cef0-3689-4d16-ad28-09b586224690"}}
2021-08-17 09:15:38.468 21108-21488/com.example.amplifydisposablesnullexample D/amplify:aws-api: Requesting subscription: {"query": "subscription OnUpdateModel11($owner: String!) {\n  onUpdateModel11(owner: $owner) {\n    _deleted\n    _lastChangedAt\n    _version\n    createdAt\n    id\n    owner\n    updated\n    updatedAt\n  }\n}\n", "variables": {"owner":"6db1cef0-3689-4d16-ad28-09b586224690"}}
2021-08-17 09:15:38.473 21108-21477/com.example.amplifydisposablesnullexample D/amplify:aws-api: Requesting subscription: {"query": "subscription OnUpdateModel6($owner: String!) {\n  onUpdateModel6(owner: $owner) {\n    _deleted\n    _lastChangedAt\n    _version\n    createdAt\n    id\n    owner\n    updated\n    updatedAt\n  }\n}\n", "variables": {"owner":"6db1cef0-3689-4d16-ad28-09b586224690"}}
2021-08-17 09:15:38.477 21108-21484/com.example.amplifydisposablesnullexample D/amplify:aws-api: Requesting subscription: {"query": "subscription OnCreateAmplifyBug($owner: String!) {\n  onCreateAmplifyBug(owner: $owner) {\n    _deleted\n    _lastChangedAt\n    _version\n    createdAt\n    id\n    owner\n    updated\n    updatedAt\n  }\n}\n", "variables": {"owner":"6db1cef0-3689-4d16-ad28-09b586224690"}}
2021-08-17 09:15:38.477 21108-21479/com.example.amplifydisposablesnullexample D/amplify:aws-api: Requesting subscription: {"query": "subscription OnCreateModel05($owner: String!) {\n  onCreateModel05(owner: $owner) {\n    _deleted\n    _lastChangedAt\n    _version\n    createdAt\n    id\n    owner\n    updated\n    updatedAt\n  }\n}\n", "variables": {"owner":"6db1cef0-3689-4d16-ad28-09b586224690"}}
2021-08-17 09:15:38.487 21108-21491/com.example.amplifydisposablesnullexample D/amplify:aws-api: Requesting subscription: {"query": "subscription OnDeleteModel22($owner: String!) {\n  onDeleteModel22(owner: $owner) {\n    _deleted\n    _lastChangedAt\n    _version\n    createdAt\n    id\n    owner\n    updated\n    updatedAt\n  }\n}\n", "variables": {"owner":"6db1cef0-3689-4d16-ad28-09b586224690"}}
2021-08-17 09:15:38.488 21108-21490/com.example.amplifydisposablesnullexample D/amplify:aws-api: Requesting subscription: {"query": "subscription OnCreateModel22($owner: String!) {\n  onCreateModel22(owner: $owner) {\n    _deleted\n    _lastChangedAt\n    _version\n    createdAt\n    id\n    owner\n    updated\n    updatedAt\n  }\n}\n", "variables": {"owner":"6db1cef0-3689-4d16-ad28-09b586224690"}}
2021-08-17 09:15:38.488 21108-21497/com.example.amplifydisposablesnullexample D/amplify:aws-api: Requesting subscription: {"query": "subscription OnCreateModel21($owner: String!) {\n  onCreateModel21(owner: $owner) {\n    _deleted\n    _lastChangedAt\n    _version\n    createdAt\n    id\n    owner\n    updated\n    updatedAt\n  }\n}\n", "variables": {"owner":"6db1cef0-3689-4d16-ad28-09b586224690"}}
2021-08-17 09:15:38.488 21108-21495/com.example.amplifydisposablesnullexample D/amplify:aws-api: Requesting subscription: {"query": "subscription OnUpdateModel26($owner: String!) {\n  onUpdateModel26(owner: $owner) {\n    _deleted\n    _lastChangedAt\n    _version\n    createdAt\n    id\n    owner\n    updated\n    updatedAt\n  }\n}\n", "variables": {"owner":"6db1cef0-3689-4d16-ad28-09b586224690"}}
2021-08-17 09:15:38.490 21108-21498/com.example.amplifydisposablesnullexample D/amplify:aws-api: Requesting subscription: {"query": "subscription OnCreateModel03($owner: String!) {\n  onCreateModel03(owner: $owner) {\n    _deleted\n    _lastChangedAt\n    _version\n    createdAt\n    id\n    owner\n    updated\n    updatedAt\n  }\n}\n", "variables": {"owner":"6db1cef0-3689-4d16-ad28-09b586224690"}}
2021-08-17 09:15:38.499 21108-21501/com.example.amplifydisposablesnullexample D/amplify:aws-api: Requesting subscription: {"query": "subscription OnUpdateModel04($owner: String!) {\n  onUpdateModel04(owner: $owner) {\n    _deleted\n    _lastChangedAt\n    _version\n    createdAt\n    id\n    owner\n    updated\n    updatedAt\n  }\n}\n", "variables": {"owner":"6db1cef0-3689-4d16-ad28-09b586224690"}}
2021-08-17 09:15:38.501 21108-21516/com.example.amplifydisposablesnullexample D/amplify:aws-api: Requesting subscription: {"query": "subscription OnDeleteModel17($owner: String!) {\n  onDeleteModel17(owner: $owner) {\n    _deleted\n    _lastChangedAt\n    _version\n    createdAt\n    id\n    owner\n    updated\n    updatedAt\n  }\n}\n", "variables": {"owner":"6db1cef0-3689-4d16-ad28-09b586224690"}}
2021-08-17 09:15:38.506 21108-21505/com.example.amplifydisposablesnullexample D/amplify:aws-api: Requesting subscription: {"query": "subscription OnCreateModel28($owner: String!) {\n  onCreateModel28(owner: $owner) {\n    _deleted\n    _lastChangedAt\n    _version\n    createdAt\n    id\n    owner\n    updated\n    updatedAt\n  }\n}\n", "variables": {"owner":"6db1cef0-3689-4d16-ad28-09b586224690"}}
2021-08-17 09:15:38.506 21108-21518/com.example.amplifydisposablesnullexample D/amplify:aws-api: Requesting subscription: {"query": "subscription OnUpdateModel07($owner: String!) {\n  onUpdateModel07(owner: $owner) {\n    _deleted\n    _lastChangedAt\n    _version\n    createdAt\n    id\n    owner\n    updated\n    updatedAt\n  }\n}\n", "variables": {"owner":"6db1cef0-3689-4d16-ad28-09b586224690"}}
2021-08-17 09:15:38.516 21108-21523/com.example.amplifydisposablesnullexample D/amplify:aws-api: Requesting subscription: {"query": "subscription OnCreateModel15($owner: String!) {\n  onCreateModel15(owner: $owner) {\n    _deleted\n    _lastChangedAt\n    _version\n    createdAt\n    id\n    owner\n    updated\n    updatedAt\n  }\n}\n", "variables": {"owner":"6db1cef0-3689-4d16-ad28-09b586224690"}}
2021-08-17 09:15:38.523 21108-21521/com.example.amplifydisposablesnullexample D/amplify:aws-api: Requesting subscription: {"query": "subscription OnCreateModel08($owner: String!) {\n  onCreateModel08(owner: $owner) {\n    _deleted\n    _lastChangedAt\n    _version\n    createdAt\n    id\n    owner\n    updated\n    updatedAt\n  }\n}\n", "variables": {"owner":"6db1cef0-3689-4d16-ad28-09b586224690"}}
2021-08-17 09:15:38.523 21108-21527/com.example.amplifydisposablesnullexample D/amplify:aws-api: Requesting subscription: {"query": "subscription OnUpdateModel06($owner: String!) {\n  onUpdateModel06(owner: $owner) {\n    _deleted\n    _lastChangedAt\n    _version\n    createdAt\n    id\n    owner\n    updated\n    updatedAt\n  }\n}\n", "variables": {"owner":"6db1cef0-3689-4d16-ad28-09b586224690"}}
